
> pm-aggregator-backend@1.0.0 test
> jest

npm : FAIL src/tests/smsService.test.ts (5.138 s)
At line:1 char:1
+ npm test > test_output.txt 2>&1
+ ~~~~~~~~~~~~~~~~~~~~~~~~~~~~~~~
    + CategoryInfo          : NotSpecified: (FAIL src/tests/...st.ts (5.138 s):String) [], RemoteException
    + FullyQualifiedErrorId : NativeCommandError
 
  ΓùÅ Console

    console.error
      Error sending SMS: TypeError: Cannot read properties of undefined (reading 'sid')
          at C:\Users\flipp\pm-aggregator\backend\src\services\smsService.ts:38:55
          at Generator.next (<anonymous>)
          at fulfilled (C:\Users\flipp\pm-aggregator\backend\src\services\smsService.ts:5:58)
          at processTicksAndRejections (node:internal/process/task_queues:95:5)

    [0m [90m 38 |[39m     console[33m.[39mlog([32m`SMS sent successfully. SID: ${result.sid}`[39m)[33m;[39m
     [90m 39 |[39m   } [36mcatch[39m (error) {
    [31m[1m>[22m[39m[90m 40 |[39m     console[33m.[39merror([32m'Error sending SMS:'[39m[33m,[39m error)[33m;[39m
     [90m    |[39m             [31m[1m^[22m[39m
     [90m 41 |[39m     [36mthrow[39m error[33m;[39m
     [90m 42 |[39m   }
     [90m 43 |[39m }[0m

      at src/services/smsService.ts:40:13
      at fulfilled (src/services/smsService.ts:5:58)

    console.error
      Error sending SMS: TypeError: Cannot read properties of undefined (reading 'sid')
          at C:\Users\flipp\pm-aggregator\backend\src\services\smsService.ts:38:55
          at Generator.next (<anonymous>)
          at fulfilled (C:\Users\flipp\pm-aggregator\backend\src\services\smsService.ts:5:58)
          at processTicksAndRejections (node:internal/process/task_queues:95:5)

    [0m [90m 38 |[39m     console[33m.[39mlog([32m`SMS sent successfully. SID: ${result.sid}`[39m)[33m;[39m
     [90m 39 |[39m   } [36mcatch[39m (error) {
    [31m[1m>[22m[39m[90m 40 |[39m     console[33m.[39merror([32m'Error sending SMS:'[39m[33m,[39m error)[33m;[39m
     [90m    |[39m             [31m[1m^[22m[39m
     [90m 41 |[39m     [36mthrow[39m error[33m;[39m
     [90m 42 |[39m   }
     [90m 43 |[39m }[0m

      at src/services/smsService.ts:40:13
      at fulfilled (src/services/smsService.ts:5:58)

  ΓùÅ SMS Service ΓÇ║ should send an SMS message

    TypeError: Cannot read properties of undefined (reading 'sid')

    [0m [90m 36 |[39m       to
     [90m 37 |[39m     })[33m;[39m
    [31m[1m>[22m[39m[90m 38 |[39m     console[33m.[39mlog([32m`SMS sent successfully. SID: ${result.sid}`[39m)[33m;[39m
     [90m    |[39m                                                       [31m[1m^[22m[39m
     [90m 39 |[39m   } [36mcatch[39m (error) {
     [90m 40 |[39m     console[33m.[39merror([32m'Error sending SMS:'[39m[33m,[39m error)[33m;[39m
     [90m 41 |[39m     [36mthrow[39m error[33m;[39m[0m

      at src/services/smsService.ts:38:55
      at fulfilled (src/services/smsService.ts:5:58)

  ΓùÅ SMS Service ΓÇ║ should throw an error if SMS sending fails

    expect(received).rejects.toThrow(expected)

    Expected substring: "Failed to send SMS"
    Received message:   "Cannot read properties of undefined (reading 'sid')"

        [0m [90m 36 |[39m       to
         [90m 37 |[39m     })[33m;[39m
        [31m[1m>[22m[39m[90m 38 |[39m     console[33m.[39mlog([32m`SMS sent successfully. SID: ${result.sid}`[39m)[33m;[39m
         [90m    |[39m                                                       [31m[1m^[22m[39m
         [90m 39 |[39m   } [36mcatch[39m (error) {
         [90m 40 |[39m     console[33m.[39merror([32m'Error sending SMS:'[39m[33m,[39m error)[33m;[39m
         [90m 41 |[39m     [36mthrow[39m error[33m;[39m[0m

      at src/services/smsService.ts:38:55
      at fulfilled (src/services/smsService.ts:5:58)
      at Object.toThrow (node_modules/expect/build/index.js:218:22)
      at src/tests/smsService.test.ts:45:80
      at src/tests/smsService.test.ts:8:71
      at Object.<anonymous>.__awaiter (src/tests/smsService.test.ts:4:12)
      at Object.<anonymous> (src/tests/smsService.test.ts:41:63)

FAIL src/tests/polymarketService.test.ts
  ΓùÅ Test suite failed to run

    TypeError: Cannot read properties of undefined (reading 'JsonRpcProvider')

    [0m [90m 52 |[39m
     [90m 53 |[39m [90m// Initialize provider and signer[39m
    [31m[1m>[22m[39m[90m 54 |[39m [36mconst[39m provider [33m=[39m [36mnew[39m 
ethers[33m.[39m[33mJsonRpcProvider[39m(process[33m.[39menv[33m.[39m[33mPOLYGON_RPC_URL[39m)[33m;[39m
     [90m    |[39m                             [31m[1m^[22m[39m
     [90m 55 |[39m [36mconst[39m signer [33m=[39m [36mnew[39m ethers[33m.[39m[33mWallet[39m(process[33m.[39menv[33m.[39m[33mPOLYGON_PRIVATE_KEY[39m [36mas[39m string[33m,[39m 
provider)[33m;[39m
     [90m 56 |[39m
     [90m 57 |[39m [36masync[39m [36mfunction[39m getAuthToken() {[0m

      at Object.<anonymous> (src/services/polymarketService.ts:54:29)
      at Object.<anonymous> (src/tests/polymarketService.test.ts:3:1)

PASS src/tests/marketDiscovery.test.ts (5.534 s)
  ΓùÅ Console

    console.log
      Contract discovery completed

      at src/services/marketDiscoveryService.ts:66:13

    console.log
      Followed contract prices updated

      at src/services/marketDiscoveryService.ts:112:13

FAIL src/tests/kalshiService.test.ts (5.579 s)
  ΓùÅ Console

    console.error
      Error authenticating with Kalshi: AxiosError {
        message: 'Request failed with status code 404',
        name: 'Error',
        config: {
          transitional: {
            silentJSONParsing: true,
            forcedJSONParsing: true,
            clarifyTimeoutError: false
          },
          transformRequest: [ [Function: transformRequest] ],
          transformResponse: [ [Function: transformResponse] ],
          timeout: 0,
          xsrfCookieName: 'XSRF-TOKEN',
          xsrfHeaderName: 'X-XSRF-TOKEN',
          maxContentLength: -1,
          maxBodyLength: -1,
          env: { FormData: [Function], Blob: [class Blob] },
          validateStatus: [Function: validateStatus],
          headers: Object [AxiosHeaders] {
            Accept: 'application/json, text/plain, */*',
            'Content-Type': 'application/json'
          },
          method: 'post',
          url: 'https://trading-api.kalshi.com/trade-api/v2/login',
          data: '{}'
        },
        response: {
          status: 404,
          config: {
            transitional: [Object],
            transformRequest: [Array],
            transformResponse: [Array],
            timeout: 0,
            xsrfCookieName: 'XSRF-TOKEN',
            xsrfHeaderName: 'X-XSRF-TOKEN',
            maxContentLength: -1,
            maxBodyLength: -1,
            env: [Object],
            validateStatus: [Function: validateStatus],
            headers: [Object [AxiosHeaders]],
            method: 'post',
            url: 'https://trading-api.kalshi.com/trade-api/v2/login',
            data: '{}'
          },
          data: undefined,
          headers: Object [AxiosHeaders] {}
        },
        cause: Error: Request failed with status code 404
            at createAxiosError (C:\Users\flipp\pm-aggregator\backend\node_modules\axios-mock-adapter\src\utils.js:131:34)
            at Object.settle (C:\Users\flipp\pm-aggregator\backend\node_modules\axios-mock-adapter\src\utils.js:119:7)
            at handleRequest (C:\Users\flipp\pm-aggregator\backend\node_modules\axios-mock-adapter\src\handle_request.js:152:15)
            at C:\Users\flipp\pm-aggregator\backend\node_modules\axios-mock-adapter\src\index.js:23:7
            at new Promise (<anonymous>)
            at MockAdapter.<anonymous> (C:\Users\flipp\pm-aggregator\backend\node_modules\axios-mock-adapter\src\index.js:22:12)
            at Axios.dispatchRequest (C:\Users\flipp\pm-aggregator\backend\node_modules\axios\lib\core\dispatchRequest.js:51:10)
            at Axios._request (C:\Users\flipp\pm-aggregator\backend\node_modules\axios\lib\core\Axios.js:173:33)
            at Axios.request (C:\Users\flipp\pm-aggregator\backend\node_modules\axios\lib\core\Axios.js:40:25)
            at Axios.httpMethod [as post] (C:\Users\flipp\pm-aggregator\backend\node_modules\axios\lib\core\Axios.js:212:19)
            at Function.wrap (C:\Users\flipp\pm-aggregator\backend\node_modules\axios\lib\helpers\bind.js:5:15)
            at C:\Users\flipp\pm-aggregator\backend\src\services\kalshiService.ts:54:34
            at Generator.next (<anonymous>)
            at C:\Users\flipp\pm-aggregator\backend\src\services\kalshiService.ts:8:71
            at new Promise (<anonymous>)
            at Object.<anonymous>.__awaiter (C:\Users\flipp\pm-aggregator\backend\src\services\kalshiService.ts:4:12)
            at getAuthToken (C:\Users\flipp\pm-aggregator\backend\src\services\kalshiService.ts:49:12)
            at C:\Users\flipp\pm-aggregator\backend\src\services\kalshiService.ts:68:25
            at Generator.next (<anonymous>)
            at C:\Users\flipp\pm-aggregator\backend\src\services\kalshiService.ts:8:71
            at new Promise (<anonymous>)
            at Object.<anonymous>.__awaiter (C:\Users\flipp\pm-aggregator\backend\src\services\kalshiService.ts:4:12)
            at discoverKalshiContracts (C:\Users\flipp\pm-aggregator\backend\src\services\kalshiService.ts:67:12)
            at C:\Users\flipp\pm-aggregator\backend\src\tests\kalshiService.test.ts:21:51
            at Generator.next (<anonymous>)
            at C:\Users\flipp\pm-aggregator\backend\src\tests\kalshiService.test.ts:8:71
            at new Promise (<anonymous>)
            at Object.<anonymous>.__awaiter (C:\Users\flipp\pm-aggregator\backend\src\tests\kalshiService.test.ts:4:12)
            at Object.<anonymous> (C:\Users\flipp\pm-aggregator\backend\src\tests\kalshiService.test.ts:13:55)
            at Promise.then.completed (C:\Users\flipp\pm-aggregator\backend\node_modules\jest-circus\build\utils.js:298:28)
            at new Promise (<anonymous>)
            at callAsyncCircusFn (C:\Users\flipp\pm-aggregator\backend\node_modules\jest-circus\build\utils.js:231:10)
            at _callCircusTest (C:\Users\flipp\pm-aggregator\backend\node_modules\jest-circus\build\run.js:316:40)
            at processTicksAndRejections (node:internal/process/task_queues:95:5)
            at _runTest (C:\Users\flipp\pm-aggregator\backend\node_modules\jest-circus\build\run.js:252:3)
            at _runTestsForDescribeBlock (C:\Users\flipp\pm-aggregator\backend\node_modules\jest-circus\build\run.js:126:9)
            at _runTestsForDescribeBlock (C:\Users\flipp\pm-aggregator\backend\node_modules\jest-circus\build\run.js:121:9)
            at _runTestsForDescribeBlock (C:\Users\flipp\pm-aggregator\backend\node_modules\jest-circus\build\run.js:121:9)
            at run (C:\Users\flipp\pm-aggregator\backend\node_modules\jest-circus\build\run.js:71:3)
            at runAndTransformResultsToJestFormat (C:\Users\flipp\pm-aggregator\backend\node_modules\jest-circus\build\legacy-code-todo-rewrite\jestAdapterInit.js:122:21)
            at jestAdapter (C:\Users\flipp\pm-aggregator\backend\node_modules\jest-circus\build\legacy-code-todo-rewrite\jestAdapter.js:79:19)
            at runTestInternal (C:\Users\flipp\pm-aggregator\backend\node_modules\jest-runner\build\runTest.js:367:16)
            at runTest (C:\Users\flipp\pm-aggregator\backend\node_modules\jest-runner\build\runTest.js:444:34)
            at Object.worker (C:\Users\flipp\pm-aggregator\backend\node_modules\jest-runner\build\testWorker.js:106:12)
      }

    [0m [90m 59 |[39m     [36mreturn[39m authToken[33m;[39m
     [90m 60 |[39m   } [36mcatch[39m (error) {
    [31m[1m>[22m[39m[90m 61 |[39m     console[33m.[39merror([32m'Error authenticating with Kalshi:'[39m[33m,[39m error)[33m;[39m
     [90m    |[39m             [31m[1m^[22m[39m
     [90m 62 |[39m     [36mthrow[39m error[33m;[39m
     [90m 63 |[39m   }
     [90m 64 |[39m }[0m

      at src/services/kalshiService.ts:61:13
          at Generator.throw (<anonymous>)
      at rejected (src/services/kalshiService.ts:6:65)

    console.error
      Error fetching Kalshi contracts: AxiosError {
        message: 'Request failed with status code 404',
        name: 'Error',
        config: {
          transitional: {
            silentJSONParsing: true,
            forcedJSONParsing: true,
            clarifyTimeoutError: false
          },
          transformRequest: [ [Function: transformRequest] ],
          transformResponse: [ [Function: transformResponse] ],
          timeout: 0,
          xsrfCookieName: 'XSRF-TOKEN',
          xsrfHeaderName: 'X-XSRF-TOKEN',
          maxContentLength: -1,
          maxBodyLength: -1,
          env: { FormData: [Function], Blob: [class Blob] },
          validateStatus: [Function: validateStatus],
          headers: Object [AxiosHeaders] {
            Accept: 'application/json, text/plain, */*',
            'Content-Type': 'application/json'
          },
          method: 'post',
          url: 'https://trading-api.kalshi.com/trade-api/v2/login',
          data: '{}'
        },
        response: {
          status: 404,
          config: {
            transitional: [Object],
            transformRequest: [Array],
            transformResponse: [Array],
            timeout: 0,
            xsrfCookieName: 'XSRF-TOKEN',
            xsrfHeaderName: 'X-XSRF-TOKEN',
            maxContentLength: -1,
            maxBodyLength: -1,
            env: [Object],
            validateStatus: [Function: validateStatus],
            headers: [Object [AxiosHeaders]],
            method: 'post',
            url: 'https://trading-api.kalshi.com/trade-api/v2/login',
            data: '{}'
          },
          data: undefined,
          headers: Object [AxiosHeaders] {}
        },
        cause: Error: Request failed with status code 404
            at createAxiosError (C:\Users\flipp\pm-aggregator\backend\node_modules\axios-mock-adapter\src\utils.js:131:34)
            at Object.settle (C:\Users\flipp\pm-aggregator\backend\node_modules\axios-mock-adapter\src\utils.js:119:7)
            at handleRequest (C:\Users\flipp\pm-aggregator\backend\node_modules\axios-mock-adapter\src\handle_request.js:152:15)
            at C:\Users\flipp\pm-aggregator\backend\node_modules\axios-mock-adapter\src\index.js:23:7
            at new Promise (<anonymous>)
            at MockAdapter.<anonymous> (C:\Users\flipp\pm-aggregator\backend\node_modules\axios-mock-adapter\src\index.js:22:12)
            at Axios.dispatchRequest (C:\Users\flipp\pm-aggregator\backend\node_modules\axios\lib\core\dispatchRequest.js:51:10)
            at Axios._request (C:\Users\flipp\pm-aggregator\backend\node_modules\axios\lib\core\Axios.js:173:33)
            at Axios.request (C:\Users\flipp\pm-aggregator\backend\node_modules\axios\lib\core\Axios.js:40:25)
            at Axios.httpMethod [as post] (C:\Users\flipp\pm-aggregator\backend\node_modules\axios\lib\core\Axios.js:212:19)
            at Function.wrap (C:\Users\flipp\pm-aggregator\backend\node_modules\axios\lib\helpers\bind.js:5:15)
            at C:\Users\flipp\pm-aggregator\backend\src\services\kalshiService.ts:54:34
            at Generator.next (<anonymous>)
            at C:\Users\flipp\pm-aggregator\backend\src\services\kalshiService.ts:8:71
            at new Promise (<anonymous>)
            at Object.<anonymous>.__awaiter (C:\Users\flipp\pm-aggregator\backend\src\services\kalshiService.ts:4:12)
            at getAuthToken (C:\Users\flipp\pm-aggregator\backend\src\services\kalshiService.ts:49:12)
            at C:\Users\flipp\pm-aggregator\backend\src\services\kalshiService.ts:68:25
            at Generator.next (<anonymous>)
            at C:\Users\flipp\pm-aggregator\backend\src\services\kalshiService.ts:8:71
            at new Promise (<anonymous>)
            at Object.<anonymous>.__awaiter (C:\Users\flipp\pm-aggregator\backend\src\services\kalshiService.ts:4:12)
            at discoverKalshiContracts (C:\Users\flipp\pm-aggregator\backend\src\services\kalshiService.ts:67:12)
            at C:\Users\flipp\pm-aggregator\backend\src\tests\kalshiService.test.ts:21:51
            at Generator.next (<anonymous>)
            at C:\Users\flipp\pm-aggregator\backend\src\tests\kalshiService.test.ts:8:71
            at new Promise (<anonymous>)
            at Object.<anonymous>.__awaiter (C:\Users\flipp\pm-aggregator\backend\src\tests\kalshiService.test.ts:4:12)
            at Object.<anonymous> (C:\Users\flipp\pm-aggregator\backend\src\tests\kalshiService.test.ts:13:55)
            at Promise.then.completed (C:\Users\flipp\pm-aggregator\backend\node_modules\jest-circus\build\utils.js:298:28)
            at new Promise (<anonymous>)
            at callAsyncCircusFn (C:\Users\flipp\pm-aggregator\backend\node_modules\jest-circus\build\utils.js:231:10)
            at _callCircusTest (C:\Users\flipp\pm-aggregator\backend\node_modules\jest-circus\build\run.js:316:40)
            at processTicksAndRejections (node:internal/process/task_queues:95:5)
            at _runTest (C:\Users\flipp\pm-aggregator\backend\node_modules\jest-circus\build\run.js:252:3)
            at _runTestsForDescribeBlock (C:\Users\flipp\pm-aggregator\backend\node_modules\jest-circus\build\run.js:126:9)
            at _runTestsForDescribeBlock (C:\Users\flipp\pm-aggregator\backend\node_modules\jest-circus\build\run.js:121:9)
            at _runTestsForDescribeBlock (C:\Users\flipp\pm-aggregator\backend\node_modules\jest-circus\build\run.js:121:9)
            at run (C:\Users\flipp\pm-aggregator\backend\node_modules\jest-circus\build\run.js:71:3)
            at runAndTransformResultsToJestFormat (C:\Users\flipp\pm-aggregator\backend\node_modules\jest-circus\build\legacy-code-todo-rewrite\jestAdapterInit.js:122:21)
            at jestAdapter (C:\Users\flipp\pm-aggregator\backend\node_modules\jest-circus\build\legacy-code-todo-rewrite\jestAdapter.js:79:19)
            at runTestInternal (C:\Users\flipp\pm-aggregator\backend\node_modules\jest-runner\build\runTest.js:367:16)
            at runTest (C:\Users\flipp\pm-aggregator\backend\node_modules\jest-runner\build\runTest.js:444:34)
            at Object.worker (C:\Users\flipp\pm-aggregator\backend\node_modules\jest-runner\build\testWorker.js:106:12)
      }

    [0m [90m 80 |[39m     )[33m;[39m
     [90m 81 |[39m   } [36mcatch[39m (error) {
    [31m[1m>[22m[39m[90m 82 |[39m     console[33m.[39merror([32m'Error fetching Kalshi contracts:'[39m[33m,[39m error)[33m;[39m
     [90m    |[39m             [31m[1m^[22m[39m
     [90m 83 |[39m     [36mreturn[39m [][33m;[39m
     [90m 84 |[39m   }
     [90m 85 |[39m }[0m

      at src/services/kalshiService.ts:82:13
          at Generator.throw (<anonymous>)
      at rejected (src/services/kalshiService.ts:6:65)

    console.error
      Error authenticating with Kalshi: AxiosError {
        message: 'Request failed with status code 404',
        name: 'Error',
        config: {
          transitional: {
            silentJSONParsing: true,
            forcedJSONParsing: true,
            clarifyTimeoutError: false
          },
          transformRequest: [ [Function: transformRequest] ],
          transformResponse: [ [Function: transformResponse] ],
          timeout: 0,
          xsrfCookieName: 'XSRF-TOKEN',
          xsrfHeaderName: 'X-XSRF-TOKEN',
          maxContentLength: -1,
          maxBodyLength: -1,
          env: { FormData: [Function], Blob: [class Blob] },
          validateStatus: [Function: validateStatus],
          headers: Object [AxiosHeaders] {
            Accept: 'application/json, text/plain, */*',
            'Content-Type': 'application/json'
          },
          method: 'post',
          url: 'https://trading-api.kalshi.com/trade-api/v2/login',
          data: '{}'
        },
        response: {
          status: 404,
          config: {
            transitional: [Object],
            transformRequest: [Array],
            transformResponse: [Array],
            timeout: 0,
            xsrfCookieName: 'XSRF-TOKEN',
            xsrfHeaderName: 'X-XSRF-TOKEN',
            maxContentLength: -1,
            maxBodyLength: -1,
            env: [Object],
            validateStatus: [Function: validateStatus],
            headers: [Object [AxiosHeaders]],
            method: 'post',
            url: 'https://trading-api.kalshi.com/trade-api/v2/login',
            data: '{}'
          },
          data: undefined,
          headers: Object [AxiosHeaders] {}
        },
        cause: Error: Request failed with status code 404
            at createAxiosError (C:\Users\flipp\pm-aggregator\backend\node_modules\axios-mock-adapter\src\utils.js:131:34)
            at Object.settle (C:\Users\flipp\pm-aggregator\backend\node_modules\axios-mock-adapter\src\utils.js:119:7)
            at handleRequest (C:\Users\flipp\pm-aggregator\backend\node_modules\axios-mock-adapter\src\handle_request.js:152:15)
            at C:\Users\flipp\pm-aggregator\backend\node_modules\axios-mock-adapter\src\index.js:23:7
            at new Promise (<anonymous>)
            at MockAdapter.<anonymous> (C:\Users\flipp\pm-aggregator\backend\node_modules\axios-mock-adapter\src\index.js:22:12)
            at Axios.dispatchRequest (C:\Users\flipp\pm-aggregator\backend\node_modules\axios\lib\core\dispatchRequest.js:51:10)
            at Axios._request (C:\Users\flipp\pm-aggregator\backend\node_modules\axios\lib\core\Axios.js:173:33)
            at Axios.request (C:\Users\flipp\pm-aggregator\backend\node_modules\axios\lib\core\Axios.js:40:25)
            at Axios.httpMethod [as post] (C:\Users\flipp\pm-aggregator\backend\node_modules\axios\lib\core\Axios.js:212:19)
            at Function.wrap (C:\Users\flipp\pm-aggregator\backend\node_modules\axios\lib\helpers\bind.js:5:15)
            at C:\Users\flipp\pm-aggregator\backend\src\services\kalshiService.ts:54:34
            at Generator.next (<anonymous>)
            at C:\Users\flipp\pm-aggregator\backend\src\services\kalshiService.ts:8:71
            at new Promise (<anonymous>)
            at Object.<anonymous>.__awaiter (C:\Users\flipp\pm-aggregator\backend\src\services\kalshiService.ts:4:12)
            at getAuthToken (C:\Users\flipp\pm-aggregator\backend\src\services\kalshiService.ts:49:12)
            at C:\Users\flipp\pm-aggregator\backend\src\services\kalshiService.ts:68:25
            at Generator.next (<anonymous>)
            at C:\Users\flipp\pm-aggregator\backend\src\services\kalshiService.ts:8:71
            at new Promise (<anonymous>)
            at Object.<anonymous>.__awaiter (C:\Users\flipp\pm-aggregator\backend\src\services\kalshiService.ts:4:12)
            at discoverKalshiContracts (C:\Users\flipp\pm-aggregator\backend\src\services\kalshiService.ts:67:12)
            at C:\Users\flipp\pm-aggregator\backend\src\tests\kalshiService.test.ts:29:51
            at Generator.next (<anonymous>)
            at C:\Users\flipp\pm-aggregator\backend\src\tests\kalshiService.test.ts:8:71
            at new Promise (<anonymous>)
            at Object.<anonymous>.__awaiter (C:\Users\flipp\pm-aggregator\backend\src\tests\kalshiService.test.ts:4:12)
            at Object.<anonymous> (C:\Users\flipp\pm-aggregator\backend\src\tests\kalshiService.test.ts:25:70)
            at Promise.then.completed (C:\Users\flipp\pm-aggregator\backend\node_modules\jest-circus\build\utils.js:298:28)
            at new Promise (<anonymous>)
            at callAsyncCircusFn (C:\Users\flipp\pm-aggregator\backend\node_modules\jest-circus\build\utils.js:231:10)
            at _callCircusTest (C:\Users\flipp\pm-aggregator\backend\node_modules\jest-circus\build\run.js:316:40)
            at processTicksAndRejections (node:internal/process/task_queues:95:5)
            at _runTest (C:\Users\flipp\pm-aggregator\backend\node_modules\jest-circus\build\run.js:252:3)
            at _runTestsForDescribeBlock (C:\Users\flipp\pm-aggregator\backend\node_modules\jest-circus\build\run.js:126:9)
            at _runTestsForDescribeBlock (C:\Users\flipp\pm-aggregator\backend\node_modules\jest-circus\build\run.js:121:9)
            at _runTestsForDescribeBlock (C:\Users\flipp\pm-aggregator\backend\node_modules\jest-circus\build\run.js:121:9)
            at run (C:\Users\flipp\pm-aggregator\backend\node_modules\jest-circus\build\run.js:71:3)
            at runAndTransformResultsToJestFormat (C:\Users\flipp\pm-aggregator\backend\node_modules\jest-circus\build\legacy-code-todo-rewrite\jestAdapterInit.js:122:21)
            at jestAdapter (C:\Users\flipp\pm-aggregator\backend\node_modules\jest-circus\build\legacy-code-todo-rewrite\jestAdapter.js:79:19)
            at runTestInternal (C:\Users\flipp\pm-aggregator\backend\node_modules\jest-runner\build\runTest.js:367:16)
            at runTest (C:\Users\flipp\pm-aggregator\backend\node_modules\jest-runner\build\runTest.js:444:34)
            at Object.worker (C:\Users\flipp\pm-aggregator\backend\node_modules\jest-runner\build\testWorker.js:106:12)
      }

    [0m [90m 59 |[39m     [36mreturn[39m authToken[33m;[39m
     [90m 60 |[39m   } [36mcatch[39m (error) {
    [31m[1m>[22m[39m[90m 61 |[39m     console[33m.[39merror([32m'Error authenticating with Kalshi:'[39m[33m,[39m error)[33m;[39m
     [90m    |[39m             [31m[1m^[22m[39m
     [90m 62 |[39m     [36mthrow[39m error[33m;[39m
     [90m 63 |[39m   }
     [90m 64 |[39m }[0m

      at src/services/kalshiService.ts:61:13
          at Generator.throw (<anonymous>)
      at rejected (src/services/kalshiService.ts:6:65)

    console.error
      Error fetching Kalshi contracts: AxiosError {
        message: 'Request failed with status code 404',
        name: 'Error',
        config: {
          transitional: {
            silentJSONParsing: true,
            forcedJSONParsing: true,
            clarifyTimeoutError: false
          },
          transformRequest: [ [Function: transformRequest] ],
          transformResponse: [ [Function: transformResponse] ],
          timeout: 0,
          xsrfCookieName: 'XSRF-TOKEN',
          xsrfHeaderName: 'X-XSRF-TOKEN',
          maxContentLength: -1,
          maxBodyLength: -1,
          env: { FormData: [Function], Blob: [class Blob] },
          validateStatus: [Function: validateStatus],
          headers: Object [AxiosHeaders] {
            Accept: 'application/json, text/plain, */*',
            'Content-Type': 'application/json'
          },
          method: 'post',
          url: 'https://trading-api.kalshi.com/trade-api/v2/login',
          data: '{}'
        },
        response: {
          status: 404,
          config: {
            transitional: [Object],
            transformRequest: [Array],
            transformResponse: [Array],
            timeout: 0,
            xsrfCookieName: 'XSRF-TOKEN',
            xsrfHeaderName: 'X-XSRF-TOKEN',
            maxContentLength: -1,
            maxBodyLength: -1,
            env: [Object],
            validateStatus: [Function: validateStatus],
            headers: [Object [AxiosHeaders]],
            method: 'post',
            url: 'https://trading-api.kalshi.com/trade-api/v2/login',
            data: '{}'
          },
          data: undefined,
          headers: Object [AxiosHeaders] {}
        },
        cause: Error: Request failed with status code 404
            at createAxiosError (C:\Users\flipp\pm-aggregator\backend\node_modules\axios-mock-adapter\src\utils.js:131:34)
            at Object.settle (C:\Users\flipp\pm-aggregator\backend\node_modules\axios-mock-adapter\src\utils.js:119:7)
            at handleRequest (C:\Users\flipp\pm-aggregator\backend\node_modules\axios-mock-adapter\src\handle_request.js:152:15)
            at C:\Users\flipp\pm-aggregator\backend\node_modules\axios-mock-adapter\src\index.js:23:7
            at new Promise (<anonymous>)
            at MockAdapter.<anonymous> (C:\Users\flipp\pm-aggregator\backend\node_modules\axios-mock-adapter\src\index.js:22:12)
            at Axios.dispatchRequest (C:\Users\flipp\pm-aggregator\backend\node_modules\axios\lib\core\dispatchRequest.js:51:10)
            at Axios._request (C:\Users\flipp\pm-aggregator\backend\node_modules\axios\lib\core\Axios.js:173:33)
            at Axios.request (C:\Users\flipp\pm-aggregator\backend\node_modules\axios\lib\core\Axios.js:40:25)
            at Axios.httpMethod [as post] (C:\Users\flipp\pm-aggregator\backend\node_modules\axios\lib\core\Axios.js:212:19)
            at Function.wrap (C:\Users\flipp\pm-aggregator\backend\node_modules\axios\lib\helpers\bind.js:5:15)
            at C:\Users\flipp\pm-aggregator\backend\src\services\kalshiService.ts:54:34
            at Generator.next (<anonymous>)
            at C:\Users\flipp\pm-aggregator\backend\src\services\kalshiService.ts:8:71
            at new Promise (<anonymous>)
            at Object.<anonymous>.__awaiter (C:\Users\flipp\pm-aggregator\backend\src\services\kalshiService.ts:4:12)
            at getAuthToken (C:\Users\flipp\pm-aggregator\backend\src\services\kalshiService.ts:49:12)
            at C:\Users\flipp\pm-aggregator\backend\src\services\kalshiService.ts:68:25
            at Generator.next (<anonymous>)
            at C:\Users\flipp\pm-aggregator\backend\src\services\kalshiService.ts:8:71
            at new Promise (<anonymous>)
            at Object.<anonymous>.__awaiter (C:\Users\flipp\pm-aggregator\backend\src\services\kalshiService.ts:4:12)
            at discoverKalshiContracts (C:\Users\flipp\pm-aggregator\backend\src\services\kalshiService.ts:67:12)
            at C:\Users\flipp\pm-aggregator\backend\src\tests\kalshiService.test.ts:29:51
            at Generator.next (<anonymous>)
            at C:\Users\flipp\pm-aggregator\backend\src\tests\kalshiService.test.ts:8:71
            at new Promise (<anonymous>)
            at Object.<anonymous>.__awaiter (C:\Users\flipp\pm-aggregator\backend\src\tests\kalshiService.test.ts:4:12)
            at Object.<anonymous> (C:\Users\flipp\pm-aggregator\backend\src\tests\kalshiService.test.ts:25:70)
            at Promise.then.completed (C:\Users\flipp\pm-aggregator\backend\node_modules\jest-circus\build\utils.js:298:28)
            at new Promise (<anonymous>)
            at callAsyncCircusFn (C:\Users\flipp\pm-aggregator\backend\node_modules\jest-circus\build\utils.js:231:10)
            at _callCircusTest (C:\Users\flipp\pm-aggregator\backend\node_modules\jest-circus\build\run.js:316:40)
            at processTicksAndRejections (node:internal/process/task_queues:95:5)
            at _runTest (C:\Users\flipp\pm-aggregator\backend\node_modules\jest-circus\build\run.js:252:3)
            at _runTestsForDescribeBlock (C:\Users\flipp\pm-aggregator\backend\node_modules\jest-circus\build\run.js:126:9)
            at _runTestsForDescribeBlock (C:\Users\flipp\pm-aggregator\backend\node_modules\jest-circus\build\run.js:121:9)
            at _runTestsForDescribeBlock (C:\Users\flipp\pm-aggregator\backend\node_modules\jest-circus\build\run.js:121:9)
            at run (C:\Users\flipp\pm-aggregator\backend\node_modules\jest-circus\build\run.js:71:3)
            at runAndTransformResultsToJestFormat (C:\Users\flipp\pm-aggregator\backend\node_modules\jest-circus\build\legacy-code-todo-rewrite\jestAdapterInit.js:122:21)
            at jestAdapter (C:\Users\flipp\pm-aggregator\backend\node_modules\jest-circus\build\legacy-code-todo-rewrite\jestAdapter.js:79:19)
            at runTestInternal (C:\Users\flipp\pm-aggregator\backend\node_modules\jest-runner\build\runTest.js:367:16)
            at runTest (C:\Users\flipp\pm-aggregator\backend\node_modules\jest-runner\build\runTest.js:444:34)
            at Object.worker (C:\Users\flipp\pm-aggregator\backend\node_modules\jest-runner\build\testWorker.js:106:12)
      }

    [0m [90m 80 |[39m     )[33m;[39m
     [90m 81 |[39m   } [36mcatch[39m (error) {
    [31m[1m>[22m[39m[90m 82 |[39m     console[33m.[39merror([32m'Error fetching Kalshi contracts:'[39m[33m,[39m error)[33m;[39m
     [90m    |[39m             [31m[1m^[22m[39m
     [90m 83 |[39m     [36mreturn[39m [][33m;[39m
     [90m 84 |[39m   }
     [90m 85 |[39m }[0m

      at src/services/kalshiService.ts:82:13
          at Generator.throw (<anonymous>)
      at rejected (src/services/kalshiService.ts:6:65)

    console.error
      Error authenticating with Kalshi: AxiosError {
        message: 'Request failed with status code 404',
        name: 'Error',
        config: {
          transitional: {
            silentJSONParsing: true,
            forcedJSONParsing: true,
            clarifyTimeoutError: false
          },
          transformRequest: [ [Function: transformRequest] ],
          transformResponse: [ [Function: transformResponse] ],
          timeout: 0,
          xsrfCookieName: 'XSRF-TOKEN',
          xsrfHeaderName: 'X-XSRF-TOKEN',
          maxContentLength: -1,
          maxBodyLength: -1,
          env: { FormData: [Function], Blob: [class Blob] },
          validateStatus: [Function: validateStatus],
          headers: Object [AxiosHeaders] {
            Accept: 'application/json, text/plain, */*',
            'Content-Type': 'application/json'
          },
          method: 'post',
          url: 'https://trading-api.kalshi.com/trade-api/v2/login',
          data: '{}'
        },
        response: {
          status: 404,
          config: {
            transitional: [Object],
            transformRequest: [Array],
            transformResponse: [Array],
            timeout: 0,
            xsrfCookieName: 'XSRF-TOKEN',
            xsrfHeaderName: 'X-XSRF-TOKEN',
            maxContentLength: -1,
            maxBodyLength: -1,
            env: [Object],
            validateStatus: [Function: validateStatus],
            headers: [Object [AxiosHeaders]],
            method: 'post',
            url: 'https://trading-api.kalshi.com/trade-api/v2/login',
            data: '{}'
          },
          data: undefined,
          headers: Object [AxiosHeaders] {}
        },
        cause: Error: Request failed with status code 404
            at createAxiosError (C:\Users\flipp\pm-aggregator\backend\node_modules\axios-mock-adapter\src\utils.js:131:34)
            at Object.settle (C:\Users\flipp\pm-aggregator\backend\node_modules\axios-mock-adapter\src\utils.js:119:7)
            at handleRequest (C:\Users\flipp\pm-aggregator\backend\node_modules\axios-mock-adapter\src\handle_request.js:152:15)
            at C:\Users\flipp\pm-aggregator\backend\node_modules\axios-mock-adapter\src\index.js:23:7
            at new Promise (<anonymous>)
            at MockAdapter.<anonymous> (C:\Users\flipp\pm-aggregator\backend\node_modules\axios-mock-adapter\src\index.js:22:12)
            at Axios.dispatchRequest (C:\Users\flipp\pm-aggregator\backend\node_modules\axios\lib\core\dispatchRequest.js:51:10)
            at Axios._request (C:\Users\flipp\pm-aggregator\backend\node_modules\axios\lib\core\Axios.js:173:33)
            at Axios.request (C:\Users\flipp\pm-aggregator\backend\node_modules\axios\lib\core\Axios.js:40:25)
            at Axios.httpMethod [as post] (C:\Users\flipp\pm-aggregator\backend\node_modules\axios\lib\core\Axios.js:212:19)
            at Function.wrap (C:\Users\flipp\pm-aggregator\backend\node_modules\axios\lib\helpers\bind.js:5:15)
            at C:\Users\flipp\pm-aggregator\backend\src\services\kalshiService.ts:54:34
            at Generator.next (<anonymous>)
            at C:\Users\flipp\pm-aggregator\backend\src\services\kalshiService.ts:8:71
            at new Promise (<anonymous>)
            at Object.<anonymous>.__awaiter (C:\Users\flipp\pm-aggregator\backend\src\services\kalshiService.ts:4:12)
            at getAuthToken (C:\Users\flipp\pm-aggregator\backend\src\services\kalshiService.ts:49:12)
            at C:\Users\flipp\pm-aggregator\backend\src\services\kalshiService.ts:89:25
            at Generator.next (<anonymous>)
            at C:\Users\flipp\pm-aggregator\backend\src\services\kalshiService.ts:8:71
            at new Promise (<anonymous>)
            at Object.<anonymous>.__awaiter (C:\Users\flipp\pm-aggregator\backend\src\services\kalshiService.ts:4:12)
            at updateKalshiPrices (C:\Users\flipp\pm-aggregator\backend\src\services\kalshiService.ts:89:12)
            at C:\Users\flipp\pm-aggregator\backend\src\tests\kalshiService.test.ts:44:46
            at Generator.next (<anonymous>)
            at C:\Users\flipp\pm-aggregator\backend\src\tests\kalshiService.test.ts:8:71
            at new Promise (<anonymous>)
            at Object.<anonymous>.__awaiter (C:\Users\flipp\pm-aggregator\backend\src\tests\kalshiService.test.ts:4:12)
            at Object.<anonymous> (C:\Users\flipp\pm-aggregator\backend\src\tests\kalshiService.test.ts:35:50)
            at Promise.then.completed (C:\Users\flipp\pm-aggregator\backend\node_modules\jest-circus\build\utils.js:298:28)
            at new Promise (<anonymous>)
            at callAsyncCircusFn (C:\Users\flipp\pm-aggregator\backend\node_modules\jest-circus\build\utils.js:231:10)
            at _callCircusTest (C:\Users\flipp\pm-aggregator\backend\node_modules\jest-circus\build\run.js:316:40)
            at processTicksAndRejections (node:internal/process/task_queues:95:5)
            at _runTest (C:\Users\flipp\pm-aggregator\backend\node_modules\jest-circus\build\run.js:252:3)
            at _runTestsForDescribeBlock (C:\Users\flipp\pm-aggregator\backend\node_modules\jest-circus\build\run.js:126:9)
            at _runTestsForDescribeBlock (C:\Users\flipp\pm-aggregator\backend\node_modules\jest-circus\build\run.js:121:9)
            at _runTestsForDescribeBlock (C:\Users\flipp\pm-aggregator\backend\node_modules\jest-circus\build\run.js:121:9)
            at run (C:\Users\flipp\pm-aggregator\backend\node_modules\jest-circus\build\run.js:71:3)
            at runAndTransformResultsToJestFormat (C:\Users\flipp\pm-aggregator\backend\node_modules\jest-circus\build\legacy-code-todo-rewrite\jestAdapterInit.js:122:21)
            at jestAdapter (C:\Users\flipp\pm-aggregator\backend\node_modules\jest-circus\build\legacy-code-todo-rewrite\jestAdapter.js:79:19)
            at runTestInternal (C:\Users\flipp\pm-aggregator\backend\node_modules\jest-runner\build\runTest.js:367:16)
            at runTest (C:\Users\flipp\pm-aggregator\backend\node_modules\jest-runner\build\runTest.js:444:34)
            at Object.worker (C:\Users\flipp\pm-aggregator\backend\node_modules\jest-runner\build\testWorker.js:106:12)
      }

    [0m [90m 59 |[39m     [36mreturn[39m authToken[33m;[39m
     [90m 60 |[39m   } [36mcatch[39m (error) {
    [31m[1m>[22m[39m[90m 61 |[39m     console[33m.[39merror([32m'Error authenticating with Kalshi:'[39m[33m,[39m error)[33m;[39m
     [90m    |[39m             [31m[1m^[22m[39m
     [90m 62 |[39m     [36mthrow[39m error[33m;[39m
     [90m 63 |[39m   }
     [90m 64 |[39m }[0m

      at src/services/kalshiService.ts:61:13
          at Generator.throw (<anonymous>)
      at rejected (src/services/kalshiService.ts:6:65)

    console.error
      Error updating Kalshi prices: AxiosError {
        message: 'Request failed with status code 404',
        name: 'Error',
        config: {
          transitional: {
            silentJSONParsing: true,
            forcedJSONParsing: true,
            clarifyTimeoutError: false
          },
          transformRequest: [ [Function: transformRequest] ],
          transformResponse: [ [Function: transformResponse] ],
          timeout: 0,
          xsrfCookieName: 'XSRF-TOKEN',
          xsrfHeaderName: 'X-XSRF-TOKEN',
          maxContentLength: -1,
          maxBodyLength: -1,
          env: { FormData: [Function], Blob: [class Blob] },
          validateStatus: [Function: validateStatus],
          headers: Object [AxiosHeaders] {
            Accept: 'application/json, text/plain, */*',
            'Content-Type': 'application/json'
          },
          method: 'post',
          url: 'https://trading-api.kalshi.com/trade-api/v2/login',
          data: '{}'
        },
        response: {
          status: 404,
          config: {
            transitional: [Object],
            transformRequest: [Array],
            transformResponse: [Array],
            timeout: 0,
            xsrfCookieName: 'XSRF-TOKEN',
            xsrfHeaderName: 'X-XSRF-TOKEN',
            maxContentLength: -1,
            maxBodyLength: -1,
            env: [Object],
            validateStatus: [Function: validateStatus],
            headers: [Object [AxiosHeaders]],
            method: 'post',
            url: 'https://trading-api.kalshi.com/trade-api/v2/login',
            data: '{}'
          },
          data: undefined,
          headers: Object [AxiosHeaders] {}
        },
        cause: Error: Request failed with status code 404
            at createAxiosError (C:\Users\flipp\pm-aggregator\backend\node_modules\axios-mock-adapter\src\utils.js:131:34)
            at Object.settle (C:\Users\flipp\pm-aggregator\backend\node_modules\axios-mock-adapter\src\utils.js:119:7)
            at handleRequest (C:\Users\flipp\pm-aggregator\backend\node_modules\axios-mock-adapter\src\handle_request.js:152:15)
            at C:\Users\flipp\pm-aggregator\backend\node_modules\axios-mock-adapter\src\index.js:23:7
            at new Promise (<anonymous>)
            at MockAdapter.<anonymous> (C:\Users\flipp\pm-aggregator\backend\node_modules\axios-mock-adapter\src\index.js:22:12)
            at Axios.dispatchRequest (C:\Users\flipp\pm-aggregator\backend\node_modules\axios\lib\core\dispatchRequest.js:51:10)
            at Axios._request (C:\Users\flipp\pm-aggregator\backend\node_modules\axios\lib\core\Axios.js:173:33)
            at Axios.request (C:\Users\flipp\pm-aggregator\backend\node_modules\axios\lib\core\Axios.js:40:25)
            at Axios.httpMethod [as post] (C:\Users\flipp\pm-aggregator\backend\node_modules\axios\lib\core\Axios.js:212:19)
            at Function.wrap (C:\Users\flipp\pm-aggregator\backend\node_modules\axios\lib\helpers\bind.js:5:15)
            at C:\Users\flipp\pm-aggregator\backend\src\services\kalshiService.ts:54:34
            at Generator.next (<anonymous>)
            at C:\Users\flipp\pm-aggregator\backend\src\services\kalshiService.ts:8:71
            at new Promise (<anonymous>)
            at Object.<anonymous>.__awaiter (C:\Users\flipp\pm-aggregator\backend\src\services\kalshiService.ts:4:12)
            at getAuthToken (C:\Users\flipp\pm-aggregator\backend\src\services\kalshiService.ts:49:12)
            at C:\Users\flipp\pm-aggregator\backend\src\services\kalshiService.ts:89:25
            at Generator.next (<anonymous>)
            at C:\Users\flipp\pm-aggregator\backend\src\services\kalshiService.ts:8:71
            at new Promise (<anonymous>)
            at Object.<anonymous>.__awaiter (C:\Users\flipp\pm-aggregator\backend\src\services\kalshiService.ts:4:12)
            at updateKalshiPrices (C:\Users\flipp\pm-aggregator\backend\src\services\kalshiService.ts:89:12)
            at C:\Users\flipp\pm-aggregator\backend\src\tests\kalshiService.test.ts:44:46
            at Generator.next (<anonymous>)
            at C:\Users\flipp\pm-aggregator\backend\src\tests\kalshiService.test.ts:8:71
            at new Promise (<anonymous>)
            at Object.<anonymous>.__awaiter (C:\Users\flipp\pm-aggregator\backend\src\tests\kalshiService.test.ts:4:12)
            at Object.<anonymous> (C:\Users\flipp\pm-aggregator\backend\src\tests\kalshiService.test.ts:35:50)
            at Promise.then.completed (C:\Users\flipp\pm-aggregator\backend\node_modules\jest-circus\build\utils.js:298:28)
            at new Promise (<anonymous>)
            at callAsyncCircusFn (C:\Users\flipp\pm-aggregator\backend\node_modules\jest-circus\build\utils.js:231:10)
            at _callCircusTest (C:\Users\flipp\pm-aggregator\backend\node_modules\jest-circus\build\run.js:316:40)
            at processTicksAndRejections (node:internal/process/task_queues:95:5)
            at _runTest (C:\Users\flipp\pm-aggregator\backend\node_modules\jest-circus\build\run.js:252:3)
            at _runTestsForDescribeBlock (C:\Users\flipp\pm-aggregator\backend\node_modules\jest-circus\build\run.js:126:9)
            at _runTestsForDescribeBlock (C:\Users\flipp\pm-aggregator\backend\node_modules\jest-circus\build\run.js:121:9)
            at _runTestsForDescribeBlock (C:\Users\flipp\pm-aggregator\backend\node_modules\jest-circus\build\run.js:121:9)
            at run (C:\Users\flipp\pm-aggregator\backend\node_modules\jest-circus\build\run.js:71:3)
            at runAndTransformResultsToJestFormat (C:\Users\flipp\pm-aggregator\backend\node_modules\jest-circus\build\legacy-code-todo-rewrite\jestAdapterInit.js:122:21)
            at jestAdapter (C:\Users\flipp\pm-aggregator\backend\node_modules\jest-circus\build\legacy-code-todo-rewrite\jestAdapter.js:79:19)
            at runTestInternal (C:\Users\flipp\pm-aggregator\backend\node_modules\jest-runner\build\runTest.js:367:16)
            at runTest (C:\Users\flipp\pm-aggregator\backend\node_modules\jest-runner\build\runTest.js:444:34)
            at Object.worker (C:\Users\flipp\pm-aggregator\backend\node_modules\jest-runner\build\testWorker.js:106:12)
      }

    [0m [90m 103 |[39m     }))[33m;[39m
     [90m 104 |[39m   } [36mcatch[39m (error) {
    [31m[1m>[22m[39m[90m 105 |[39m     console[33m.[39merror([32m'Error updating Kalshi prices:'[39m[33m,[39m error)[33m;[39m
     [90m     |[39m             [31m[1m^[22m[39m
     [90m 106 |[39m     [36mreturn[39m [][33m;[39m
     [90m 107 |[39m   }
     [90m 108 |[39m }[0m

      at src/services/kalshiService.ts:105:13
          at Generator.throw (<anonymous>)
      at rejected (src/services/kalshiService.ts:6:65)

    console.error
      Error authenticating with Kalshi: AxiosError {
        message: 'Request failed with status code 404',
        name: 'Error',
        config: {
          transitional: {
            silentJSONParsing: true,
            forcedJSONParsing: true,
            clarifyTimeoutError: false
          },
          transformRequest: [ [Function: transformRequest] ],
          transformResponse: [ [Function: transformResponse] ],
          timeout: 0,
          xsrfCookieName: 'XSRF-TOKEN',
          xsrfHeaderName: 'X-XSRF-TOKEN',
          maxContentLength: -1,
          maxBodyLength: -1,
          env: { FormData: [Function], Blob: [class Blob] },
          validateStatus: [Function: validateStatus],
          headers: Object [AxiosHeaders] {
            Accept: 'application/json, text/plain, */*',
            'Content-Type': 'application/json'
          },
          method: 'post',
          url: 'https://trading-api.kalshi.com/trade-api/v2/login',
          data: '{}'
        },
        response: {
          status: 404,
          config: {
            transitional: [Object],
            transformRequest: [Array],
            transformResponse: [Array],
            timeout: 0,
            xsrfCookieName: 'XSRF-TOKEN',
            xsrfHeaderName: 'X-XSRF-TOKEN',
            maxContentLength: -1,
            maxBodyLength: -1,
            env: [Object],
            validateStatus: [Function: validateStatus],
            headers: [Object [AxiosHeaders]],
            method: 'post',
            url: 'https://trading-api.kalshi.com/trade-api/v2/login',
            data: '{}'
          },
          data: undefined,
          headers: Object [AxiosHeaders] {}
        },
        cause: Error: Request failed with status code 404
            at createAxiosError (C:\Users\flipp\pm-aggregator\backend\node_modules\axios-mock-adapter\src\utils.js:131:34)
            at Object.settle (C:\Users\flipp\pm-aggregator\backend\node_modules\axios-mock-adapter\src\utils.js:119:7)
            at handleRequest (C:\Users\flipp\pm-aggregator\backend\node_modules\axios-mock-adapter\src\handle_request.js:152:15)
            at C:\Users\flipp\pm-aggregator\backend\node_modules\axios-mock-adapter\src\index.js:23:7
            at new Promise (<anonymous>)
            at MockAdapter.<anonymous> (C:\Users\flipp\pm-aggregator\backend\node_modules\axios-mock-adapter\src\index.js:22:12)
            at Axios.dispatchRequest (C:\Users\flipp\pm-aggregator\backend\node_modules\axios\lib\core\dispatchRequest.js:51:10)
            at Axios._request (C:\Users\flipp\pm-aggregator\backend\node_modules\axios\lib\core\Axios.js:173:33)
            at Axios.request (C:\Users\flipp\pm-aggregator\backend\node_modules\axios\lib\core\Axios.js:40:25)
            at Axios.httpMethod [as post] (C:\Users\flipp\pm-aggregator\backend\node_modules\axios\lib\core\Axios.js:212:19)
            at Function.wrap (C:\Users\flipp\pm-aggregator\backend\node_modules\axios\lib\helpers\bind.js:5:15)
            at C:\Users\flipp\pm-aggregator\backend\src\services\kalshiService.ts:54:34
            at Generator.next (<anonymous>)
            at C:\Users\flipp\pm-aggregator\backend\src\services\kalshiService.ts:8:71
            at new Promise (<anonymous>)
            at Object.<anonymous>.__awaiter (C:\Users\flipp\pm-aggregator\backend\src\services\kalshiService.ts:4:12)
            at getAuthToken (C:\Users\flipp\pm-aggregator\backend\src\services\kalshiService.ts:49:12)
            at C:\Users\flipp\pm-aggregator\backend\src\services\kalshiService.ts:89:25
            at Generator.next (<anonymous>)
            at C:\Users\flipp\pm-aggregator\backend\src\services\kalshiService.ts:8:71
            at new Promise (<anonymous>)
            at Object.<anonymous>.__awaiter (C:\Users\flipp\pm-aggregator\backend\src\services\kalshiService.ts:4:12)
            at updateKalshiPrices (C:\Users\flipp\pm-aggregator\backend\src\services\kalshiService.ts:89:12)
            at C:\Users\flipp\pm-aggregator\backend\src\tests\kalshiService.test.ts:52:46
            at Generator.next (<anonymous>)
            at C:\Users\flipp\pm-aggregator\backend\src\tests\kalshiService.test.ts:8:71
            at new Promise (<anonymous>)
            at Object.<anonymous>.__awaiter (C:\Users\flipp\pm-aggregator\backend\src\tests\kalshiService.test.ts:4:12)
            at Object.<anonymous> (C:\Users\flipp\pm-aggregator\backend\src\tests\kalshiService.test.ts:48:64)
            at Promise.then.completed (C:\Users\flipp\pm-aggregator\backend\node_modules\jest-circus\build\utils.js:298:28)
            at new Promise (<anonymous>)
            at callAsyncCircusFn (C:\Users\flipp\pm-aggregator\backend\node_modules\jest-circus\build\utils.js:231:10)
            at _callCircusTest (C:\Users\flipp\pm-aggregator\backend\node_modules\jest-circus\build\run.js:316:40)
            at processTicksAndRejections (node:internal/process/task_queues:95:5)
            at _runTest (C:\Users\flipp\pm-aggregator\backend\node_modules\jest-circus\build\run.js:252:3)
            at _runTestsForDescribeBlock (C:\Users\flipp\pm-aggregator\backend\node_modules\jest-circus\build\run.js:126:9)
            at _runTestsForDescribeBlock (C:\Users\flipp\pm-aggregator\backend\node_modules\jest-circus\build\run.js:121:9)
            at _runTestsForDescribeBlock (C:\Users\flipp\pm-aggregator\backend\node_modules\jest-circus\build\run.js:121:9)
            at run (C:\Users\flipp\pm-aggregator\backend\node_modules\jest-circus\build\run.js:71:3)
            at runAndTransformResultsToJestFormat (C:\Users\flipp\pm-aggregator\backend\node_modules\jest-circus\build\legacy-code-todo-rewrite\jestAdapterInit.js:122:21)
            at jestAdapter (C:\Users\flipp\pm-aggregator\backend\node_modules\jest-circus\build\legacy-code-todo-rewrite\jestAdapter.js:79:19)
            at runTestInternal (C:\Users\flipp\pm-aggregator\backend\node_modules\jest-runner\build\runTest.js:367:16)
            at runTest (C:\Users\flipp\pm-aggregator\backend\node_modules\jest-runner\build\runTest.js:444:34)
            at Object.worker (C:\Users\flipp\pm-aggregator\backend\node_modules\jest-runner\build\testWorker.js:106:12)
      }

    [0m [90m 59 |[39m     [36mreturn[39m authToken[33m;[39m
     [90m 60 |[39m   } [36mcatch[39m (error) {
    [31m[1m>[22m[39m[90m 61 |[39m     console[33m.[39merror([32m'Error authenticating with Kalshi:'[39m[33m,[39m error)[33m;[39m
     [90m    |[39m             [31m[1m^[22m[39m
     [90m 62 |[39m     [36mthrow[39m error[33m;[39m
     [90m 63 |[39m   }
     [90m 64 |[39m }[0m

      at src/services/kalshiService.ts:61:13
          at Generator.throw (<anonymous>)
      at rejected (src/services/kalshiService.ts:6:65)

    console.error
      Error updating Kalshi prices: AxiosError {
        message: 'Request failed with status code 404',
        name: 'Error',
        config: {
          transitional: {
            silentJSONParsing: true,
            forcedJSONParsing: true,
            clarifyTimeoutError: false
          },
          transformRequest: [ [Function: transformRequest] ],
          transformResponse: [ [Function: transformResponse] ],
          timeout: 0,
          xsrfCookieName: 'XSRF-TOKEN',
          xsrfHeaderName: 'X-XSRF-TOKEN',
          maxContentLength: -1,
          maxBodyLength: -1,
          env: { FormData: [Function], Blob: [class Blob] },
          validateStatus: [Function: validateStatus],
          headers: Object [AxiosHeaders] {
            Accept: 'application/json, text/plain, */*',
            'Content-Type': 'application/json'
          },
          method: 'post',
          url: 'https://trading-api.kalshi.com/trade-api/v2/login',
          data: '{}'
        },
        response: {
          status: 404,
          config: {
            transitional: [Object],
            transformRequest: [Array],
            transformResponse: [Array],
            timeout: 0,
            xsrfCookieName: 'XSRF-TOKEN',
            xsrfHeaderName: 'X-XSRF-TOKEN',
            maxContentLength: -1,
            maxBodyLength: -1,
            env: [Object],
            validateStatus: [Function: validateStatus],
            headers: [Object [AxiosHeaders]],
            method: 'post',
            url: 'https://trading-api.kalshi.com/trade-api/v2/login',
            data: '{}'
          },
          data: undefined,
          headers: Object [AxiosHeaders] {}
        },
        cause: Error: Request failed with status code 404
            at createAxiosError (C:\Users\flipp\pm-aggregator\backend\node_modules\axios-mock-adapter\src\utils.js:131:34)
            at Object.settle (C:\Users\flipp\pm-aggregator\backend\node_modules\axios-mock-adapter\src\utils.js:119:7)
            at handleRequest (C:\Users\flipp\pm-aggregator\backend\node_modules\axios-mock-adapter\src\handle_request.js:152:15)
            at C:\Users\flipp\pm-aggregator\backend\node_modules\axios-mock-adapter\src\index.js:23:7
            at new Promise (<anonymous>)
            at MockAdapter.<anonymous> (C:\Users\flipp\pm-aggregator\backend\node_modules\axios-mock-adapter\src\index.js:22:12)
            at Axios.dispatchRequest (C:\Users\flipp\pm-aggregator\backend\node_modules\axios\lib\core\dispatchRequest.js:51:10)
            at Axios._request (C:\Users\flipp\pm-aggregator\backend\node_modules\axios\lib\core\Axios.js:173:33)
            at Axios.request (C:\Users\flipp\pm-aggregator\backend\node_modules\axios\lib\core\Axios.js:40:25)
            at Axios.httpMethod [as post] (C:\Users\flipp\pm-aggregator\backend\node_modules\axios\lib\core\Axios.js:212:19)
            at Function.wrap (C:\Users\flipp\pm-aggregator\backend\node_modules\axios\lib\helpers\bind.js:5:15)
            at C:\Users\flipp\pm-aggregator\backend\src\services\kalshiService.ts:54:34
            at Generator.next (<anonymous>)
            at C:\Users\flipp\pm-aggregator\backend\src\services\kalshiService.ts:8:71
            at new Promise (<anonymous>)
            at Object.<anonymous>.__awaiter (C:\Users\flipp\pm-aggregator\backend\src\services\kalshiService.ts:4:12)
            at getAuthToken (C:\Users\flipp\pm-aggregator\backend\src\services\kalshiService.ts:49:12)
            at C:\Users\flipp\pm-aggregator\backend\src\services\kalshiService.ts:89:25
            at Generator.next (<anonymous>)
            at C:\Users\flipp\pm-aggregator\backend\src\services\kalshiService.ts:8:71
            at new Promise (<anonymous>)
            at Object.<anonymous>.__awaiter (C:\Users\flipp\pm-aggregator\backend\src\services\kalshiService.ts:4:12)
            at updateKalshiPrices (C:\Users\flipp\pm-aggregator\backend\src\services\kalshiService.ts:89:12)
            at C:\Users\flipp\pm-aggregator\backend\src\tests\kalshiService.test.ts:52:46
            at Generator.next (<anonymous>)
            at C:\Users\flipp\pm-aggregator\backend\src\tests\kalshiService.test.ts:8:71
            at new Promise (<anonymous>)
            at Object.<anonymous>.__awaiter (C:\Users\flipp\pm-aggregator\backend\src\tests\kalshiService.test.ts:4:12)
            at Object.<anonymous> (C:\Users\flipp\pm-aggregator\backend\src\tests\kalshiService.test.ts:48:64)
            at Promise.then.completed (C:\Users\flipp\pm-aggregator\backend\node_modules\jest-circus\build\utils.js:298:28)
            at new Promise (<anonymous>)
            at callAsyncCircusFn (C:\Users\flipp\pm-aggregator\backend\node_modules\jest-circus\build\utils.js:231:10)
            at _callCircusTest (C:\Users\flipp\pm-aggregator\backend\node_modules\jest-circus\build\run.js:316:40)
            at processTicksAndRejections (node:internal/process/task_queues:95:5)
            at _runTest (C:\Users\flipp\pm-aggregator\backend\node_modules\jest-circus\build\run.js:252:3)
            at _runTestsForDescribeBlock (C:\Users\flipp\pm-aggregator\backend\node_modules\jest-circus\build\run.js:126:9)
            at _runTestsForDescribeBlock (C:\Users\flipp\pm-aggregator\backend\node_modules\jest-circus\build\run.js:121:9)
            at _runTestsForDescribeBlock (C:\Users\flipp\pm-aggregator\backend\node_modules\jest-circus\build\run.js:121:9)
            at run (C:\Users\flipp\pm-aggregator\backend\node_modules\jest-circus\build\run.js:71:3)
            at runAndTransformResultsToJestFormat (C:\Users\flipp\pm-aggregator\backend\node_modules\jest-circus\build\legacy-code-todo-rewrite\jestAdapterInit.js:122:21)
            at jestAdapter (C:\Users\flipp\pm-aggregator\backend\node_modules\jest-circus\build\legacy-code-todo-rewrite\jestAdapter.js:79:19)
            at runTestInternal (C:\Users\flipp\pm-aggregator\backend\node_modules\jest-runner\build\runTest.js:367:16)
            at runTest (C:\Users\flipp\pm-aggregator\backend\node_modules\jest-runner\build\runTest.js:444:34)
            at Object.worker (C:\Users\flipp\pm-aggregator\backend\node_modules\jest-runner\build\testWorker.js:106:12)
      }

    [0m [90m 103 |[39m     }))[33m;[39m
     [90m 104 |[39m   } [36mcatch[39m (error) {
    [31m[1m>[22m[39m[90m 105 |[39m     console[33m.[39merror([32m'Error updating Kalshi prices:'[39m[33m,[39m error)[33m;[39m
     [90m     |[39m             [31m[1m^[22m[39m
     [90m 106 |[39m     [36mreturn[39m [][33m;[39m
     [90m 107 |[39m   }
     [90m 108 |[39m }[0m

      at src/services/kalshiService.ts:105:13
          at Generator.throw (<anonymous>)
      at rejected (src/services/kalshiService.ts:6:65)

    console.error
      Kalshi API Error: Request failed with status code 404

    [0m [90m 36 |[39m     (response) [33m=>[39m response[33m,[39m
     [90m 37 |[39m     (error[33m:[39m [33mAxiosError[39m) [33m=>[39m {
    [31m[1m>[22m[39m[90m 38 |[39m       console[33m.[39merror([32m`Kalshi API Error: ${error.message}`[39m)[33m;[39m
     [90m    |[39m               [31m[1m^[22m[39m
     [90m 39 |[39m       [36mif[39m (error[33m.[39mresponse) {
     [90m 40 |[39m         console[33m.[39merror([32m`Status: ${error.response.status}`[39m)[33m;[39m
     [90m 41 |[39m         console[33m.[39merror([32m`Data: ${JSON.stringify(error.response.data)}`[39m)[33m;[39m[0m

      at src/services/kalshiService.ts:38:15
      at Axios.request (node_modules/axios/lib/core/Axios.js:40:14)

    console.error
      Status: 404

    [0m [90m 38 |[39m       console[33m.[39merror([32m`Kalshi API Error: ${error.message}`[39m)[33m;[39m
     [90m 39 |[39m       [36mif[39m (error[33m.[39mresponse) {
    [31m[1m>[22m[39m[90m 40 |[39m         console[33m.[39merror([32m`Status: ${error.response.status}`[39m)[33m;[39m
     [90m    |[39m                 [31m[1m^[22m[39m
     [90m 41 |[39m         console[33m.[39merror([32m`Data: ${JSON.stringify(error.response.data)}`[39m)[33m;[39m
     [90m 42 |[39m       }
     [90m 43 |[39m       [36mreturn[39m [33mPromise[39m[33m.[39mreject(error)[33m;[39m[0m

      at src/services/kalshiService.ts:40:17
      at Axios.request (node_modules/axios/lib/core/Axios.js:40:14)

    console.error
      Data: undefined

    [0m [90m 39 |[39m       [36mif[39m (error[33m.[39mresponse) {
     [90m 40 |[39m         console[33m.[39merror([32m`Status: ${error.response.status}`[39m)[33m;[39m
    [31m[1m>[22m[39m[90m 41 |[39m         console[33m.[39merror([32m`Data: ${JSON.stringify(error.response.data)}`[39m)[33m;[39m
     [90m    |[39m                 [31m[1m^[22m[39m
     [90m 42 |[39m       }
     [90m 43 |[39m       [36mreturn[39m [33mPromise[39m[33m.[39mreject(error)[33m;[39m
     [90m 44 |[39m     }[0m

      at src/services/kalshiService.ts:41:17
      at Axios.request (node_modules/axios/lib/core/Axios.js:40:14)

    console.error
      Error fetching price from Kalshi: AxiosError {
        message: 'Request failed with status code 404',
        name: 'Error',
        config: {
          transitional: {
            silentJSONParsing: true,
            forcedJSONParsing: true,
            clarifyTimeoutError: false
          },
          transformRequest: [ [Function: transformRequest] ],
          transformResponse: [ [Function: transformResponse] ],
          timeout: 0,
          xsrfCookieName: 'XSRF-TOKEN',
          xsrfHeaderName: 'X-XSRF-TOKEN',
          maxContentLength: -1,
          maxBodyLength: -1,
          env: { FormData: [Function], Blob: [class Blob] },
          validateStatus: [Function: validateStatus],
          headers: Object [AxiosHeaders] {
            Accept: 'application/json, text/plain, */*',
            'Content-Type': 'application/json',
            Authorization: 'Bearer undefined'
          },
          baseURL: 'https://trading-api.kalshi.com/trade-api/v2',
          method: 'get',
          url: '/markets/ABC',
          'axios-retry': {
            retries: 3,
            retryCondition: [Function: retryCondition],
            retryDelay: [Function: exponentialDelay],
            shouldResetTimeout: false,
            onRetry: [Function: onRetry],
            onMaxRetryTimesExceeded: [Function: onMaxRetryTimesExceeded],
            validateResponse: null,
            retryCount: 0,
            lastRequestTime: 1724026645234
          },
          data: undefined
        },
        response: {
          status: 404,
          config: {
            transitional: [Object],
            transformRequest: [Array],
            transformResponse: [Array],
            timeout: 0,
            xsrfCookieName: 'XSRF-TOKEN',
            xsrfHeaderName: 'X-XSRF-TOKEN',
            maxContentLength: -1,
            maxBodyLength: -1,
            env: [Object],
            validateStatus: [Function: validateStatus],
            headers: [Object [AxiosHeaders]],
            baseURL: 'https://trading-api.kalshi.com/trade-api/v2',
            method: 'get',
            url: '/markets/ABC',
            'axios-retry': [Object],
            data: undefined
          },
          data: undefined,
          headers: Object [AxiosHeaders] {}
        },
        cause: Error: Request failed with status code 404
            at createAxiosError (C:\Users\flipp\pm-aggregator\backend\node_modules\axios-mock-adapter\src\utils.js:131:34)
            at Object.settle (C:\Users\flipp\pm-aggregator\backend\node_modules\axios-mock-adapter\src\utils.js:119:7)
            at handleRequest (C:\Users\flipp\pm-aggregator\backend\node_modules\axios-mock-adapter\src\handle_request.js:152:15)
            at C:\Users\flipp\pm-aggregator\backend\node_modules\axios-mock-adapter\src\index.js:23:7
            at new Promise (<anonymous>)
            at MockAdapter.<anonymous> (C:\Users\flipp\pm-aggregator\backend\node_modules\axios-mock-adapter\src\index.js:22:12)
            at Axios.dispatchRequest (C:\Users\flipp\pm-aggregator\backend\node_modules\axios\lib\core\dispatchRequest.js:51:10)
            at processTicksAndRejections (node:internal/process/task_queues:95:5)
            at Axios.request (C:\Users\flipp\pm-aggregator\backend\node_modules\axios\lib\core\Axios.js:40:14)
      }

    [0m [90m 117 |[39m     [36mreturn[39m [36mnull[39m[33m;[39m
     [90m 118 |[39m   } [36mcatch[39m (error) {
    [31m[1m>[22m[39m[90m 119 |[39m     console[33m.[39merror([32m'Error fetching price from Kalshi:'[39m[33m,[39m error)[33m;[39m
     [90m     |[39m             [31m[1m^[22m[39m
     [90m 120 |[39m     [36mreturn[39m [36mnull[39m[33m;[39m
     [90m 121 |[39m   }
     [90m 122 |[39m }[33m;[39m[0m

      at src/services/kalshiService.ts:119:13
          at Generator.throw (<anonymous>)
      at rejected (src/services/kalshiService.ts:6:65)

    console.error
      Kalshi API Error: Request failed with status code 404

    [0m [90m 36 |[39m     (response) [33m=>[39m response[33m,[39m
     [90m 37 |[39m     (error[33m:[39m [33mAxiosError[39m) [33m=>[39m {
    [31m[1m>[22m[39m[90m 38 |[39m       console[33m.[39merror([32m`Kalshi API Error: ${error.message}`[39m)[33m;[39m
     [90m    |[39m               [31m[1m^[22m[39m
     [90m 39 |[39m       [36mif[39m (error[33m.[39mresponse) {
     [90m 40 |[39m         console[33m.[39merror([32m`Status: ${error.response.status}`[39m)[33m;[39m
     [90m 41 |[39m         console[33m.[39merror([32m`Data: ${JSON.stringify(error.response.data)}`[39m)[33m;[39m[0m

      at src/services/kalshiService.ts:38:15
      at Axios.request (node_modules/axios/lib/core/Axios.js:40:14)

    console.error
      Status: 404

    [0m [90m 38 |[39m       console[33m.[39merror([32m`Kalshi API Error: ${error.message}`[39m)[33m;[39m
     [90m 39 |[39m       [36mif[39m (error[33m.[39mresponse) {
    [31m[1m>[22m[39m[90m 40 |[39m         console[33m.[39merror([32m`Status: ${error.response.status}`[39m)[33m;[39m
     [90m    |[39m                 [31m[1m^[22m[39m
     [90m 41 |[39m         console[33m.[39merror([32m`Data: ${JSON.stringify(error.response.data)}`[39m)[33m;[39m
     [90m 42 |[39m       }
     [90m 43 |[39m       [36mreturn[39m [33mPromise[39m[33m.[39mreject(error)[33m;[39m[0m

      at src/services/kalshiService.ts:40:17
      at Axios.request (node_modules/axios/lib/core/Axios.js:40:14)

    console.error
      Data: undefined

    [0m [90m 39 |[39m       [36mif[39m (error[33m.[39mresponse) {
     [90m 40 |[39m         console[33m.[39merror([32m`Status: ${error.response.status}`[39m)[33m;[39m
    [31m[1m>[22m[39m[90m 41 |[39m         console[33m.[39merror([32m`Data: ${JSON.stringify(error.response.data)}`[39m)[33m;[39m
     [90m    |[39m                 [31m[1m^[22m[39m
     [90m 42 |[39m       }
     [90m 43 |[39m       [36mreturn[39m [33mPromise[39m[33m.[39mreject(error)[33m;[39m
     [90m 44 |[39m     }[0m

      at src/services/kalshiService.ts:41:17
      at Axios.request (node_modules/axios/lib/core/Axios.js:40:14)

    console.error
      Error fetching price from Kalshi: AxiosError {
        message: 'Request failed with status code 404',
        name: 'Error',
        config: {
          transitional: {
            silentJSONParsing: true,
            forcedJSONParsing: true,
            clarifyTimeoutError: false
          },
          transformRequest: [ [Function: transformRequest] ],
          transformResponse: [ [Function: transformResponse] ],
          timeout: 0,
          xsrfCookieName: 'XSRF-TOKEN',
          xsrfHeaderName: 'X-XSRF-TOKEN',
          maxContentLength: -1,
          maxBodyLength: -1,
          env: { FormData: [Function], Blob: [class Blob] },
          validateStatus: [Function: validateStatus],
          headers: Object [AxiosHeaders] {
            Accept: 'application/json, text/plain, */*',
            'Content-Type': 'application/json',
            Authorization: 'Bearer undefined'
          },
          baseURL: 'https://trading-api.kalshi.com/trade-api/v2',
          method: 'get',
          url: '/markets/ABC',
          'axios-retry': {
            retries: 3,
            retryCondition: [Function: retryCondition],
            retryDelay: [Function: exponentialDelay],
            shouldResetTimeout: false,
            onRetry: [Function: onRetry],
            onMaxRetryTimesExceeded: [Function: onMaxRetryTimesExceeded],
            validateResponse: null,
            retryCount: 0,
            lastRequestTime: 1724026645267
          },
          data: undefined
        },
        response: {
          status: 404,
          config: {
            transitional: [Object],
            transformRequest: [Array],
            transformResponse: [Array],
            timeout: 0,
            xsrfCookieName: 'XSRF-TOKEN',
            xsrfHeaderName: 'X-XSRF-TOKEN',
            maxContentLength: -1,
            maxBodyLength: -1,
            env: [Object],
            validateStatus: [Function: validateStatus],
            headers: [Object [AxiosHeaders]],
            baseURL: 'https://trading-api.kalshi.com/trade-api/v2',
            method: 'get',
            url: '/markets/ABC',
            'axios-retry': [Object],
            data: undefined
          },
          data: undefined,
          headers: Object [AxiosHeaders] {}
        },
        cause: Error: Request failed with status code 404
            at createAxiosError (C:\Users\flipp\pm-aggregator\backend\node_modules\axios-mock-adapter\src\utils.js:131:34)
            at Object.settle (C:\Users\flipp\pm-aggregator\backend\node_modules\axios-mock-adapter\src\utils.js:119:7)
            at handleRequest (C:\Users\flipp\pm-aggregator\backend\node_modules\axios-mock-adapter\src\handle_request.js:152:15)
            at C:\Users\flipp\pm-aggregator\backend\node_modules\axios-mock-adapter\src\index.js:23:7
            at new Promise (<anonymous>)
            at MockAdapter.<anonymous> (C:\Users\flipp\pm-aggregator\backend\node_modules\axios-mock-adapter\src\index.js:22:12)
            at Axios.dispatchRequest (C:\Users\flipp\pm-aggregator\backend\node_modules\axios\lib\core\dispatchRequest.js:51:10)
            at processTicksAndRejections (node:internal/process/task_queues:95:5)
            at Axios.request (C:\Users\flipp\pm-aggregator\backend\node_modules\axios\lib\core\Axios.js:40:14)
      }

    [0m [90m 117 |[39m     [36mreturn[39m [36mnull[39m[33m;[39m
     [90m 118 |[39m   } [36mcatch[39m (error) {
    [31m[1m>[22m[39m[90m 119 |[39m     console[33m.[39merror([32m'Error fetching price from Kalshi:'[39m[33m,[39m error)[33m;[39m
     [90m     |[39m             [31m[1m^[22m[39m
     [90m 120 |[39m     [36mreturn[39m [36mnull[39m[33m;[39m
     [90m 121 |[39m   }
     [90m 122 |[39m }[33m;[39m[0m

      at src/services/kalshiService.ts:119:13
          at Generator.throw (<anonymous>)
      at rejected (src/services/kalshiService.ts:6:65)

    console.error
      Kalshi API Error: Request failed with status code 404

    [0m [90m 36 |[39m     (response) [33m=>[39m response[33m,[39m
     [90m 37 |[39m     (error[33m:[39m [33mAxiosError[39m) [33m=>[39m {
    [31m[1m>[22m[39m[90m 38 |[39m       console[33m.[39merror([32m`Kalshi API Error: ${error.message}`[39m)[33m;[39m
     [90m    |[39m               [31m[1m^[22m[39m
     [90m 39 |[39m       [36mif[39m (error[33m.[39mresponse) {
     [90m 40 |[39m         console[33m.[39merror([32m`Status: ${error.response.status}`[39m)[33m;[39m
     [90m 41 |[39m         console[33m.[39merror([32m`Data: ${JSON.stringify(error.response.data)}`[39m)[33m;[39m[0m

      at src/services/kalshiService.ts:38:15
      at Axios.request (node_modules/axios/lib/core/Axios.js:40:14)

    console.error
      Status: 404

    [0m [90m 38 |[39m       console[33m.[39merror([32m`Kalshi API Error: ${error.message}`[39m)[33m;[39m
     [90m 39 |[39m       [36mif[39m (error[33m.[39mresponse) {
    [31m[1m>[22m[39m[90m 40 |[39m         console[33m.[39merror([32m`Status: ${error.response.status}`[39m)[33m;[39m
     [90m    |[39m                 [31m[1m^[22m[39m
     [90m 41 |[39m         console[33m.[39merror([32m`Data: ${JSON.stringify(error.response.data)}`[39m)[33m;[39m
     [90m 42 |[39m       }
     [90m 43 |[39m       [36mreturn[39m [33mPromise[39m[33m.[39mreject(error)[33m;[39m[0m

      at src/services/kalshiService.ts:40:17
      at Axios.request (node_modules/axios/lib/core/Axios.js:40:14)

    console.error
      Data: undefined

    [0m [90m 39 |[39m       [36mif[39m (error[33m.[39mresponse) {
     [90m 40 |[39m         console[33m.[39merror([32m`Status: ${error.response.status}`[39m)[33m;[39m
    [31m[1m>[22m[39m[90m 41 |[39m         console[33m.[39merror([32m`Data: ${JSON.stringify(error.response.data)}`[39m)[33m;[39m
     [90m    |[39m                 [31m[1m^[22m[39m
     [90m 42 |[39m       }
     [90m 43 |[39m       [36mreturn[39m [33mPromise[39m[33m.[39mreject(error)[33m;[39m
     [90m 44 |[39m     }[0m

      at src/services/kalshiService.ts:41:17
      at Axios.request (node_modules/axios/lib/core/Axios.js:40:14)

    console.error
      Error fetching price from Kalshi: AxiosError {
        message: 'Request failed with status code 404',
        name: 'Error',
        config: {
          transitional: {
            silentJSONParsing: true,
            forcedJSONParsing: true,
            clarifyTimeoutError: false
          },
          transformRequest: [ [Function: transformRequest] ],
          transformResponse: [ [Function: transformResponse] ],
          timeout: 0,
          xsrfCookieName: 'XSRF-TOKEN',
          xsrfHeaderName: 'X-XSRF-TOKEN',
          maxContentLength: -1,
          maxBodyLength: -1,
          env: { FormData: [Function], Blob: [class Blob] },
          validateStatus: [Function: validateStatus],
          headers: Object [AxiosHeaders] {
            Accept: 'application/json, text/plain, */*',
            'Content-Type': 'application/json',
            Authorization: 'Bearer undefined'
          },
          baseURL: 'https://trading-api.kalshi.com/trade-api/v2',
          method: 'get',
          url: '/markets/ABC',
          'axios-retry': {
            retries: 3,
            retryCondition: [Function: retryCondition],
            retryDelay: [Function: exponentialDelay],
            shouldResetTimeout: false,
            onRetry: [Function: onRetry],
            onMaxRetryTimesExceeded: [Function: onMaxRetryTimesExceeded],
            validateResponse: null,
            retryCount: 0,
            lastRequestTime: 1724026645269
          },
          data: undefined
        },
        response: {
          status: 404,
          config: {
            transitional: [Object],
            transformRequest: [Array],
            transformResponse: [Array],
            timeout: 0,
            xsrfCookieName: 'XSRF-TOKEN',
            xsrfHeaderName: 'X-XSRF-TOKEN',
            maxContentLength: -1,
            maxBodyLength: -1,
            env: [Object],
            validateStatus: [Function: validateStatus],
            headers: [Object [AxiosHeaders]],
            baseURL: 'https://trading-api.kalshi.com/trade-api/v2',
            method: 'get',
            url: '/markets/ABC',
            'axios-retry': [Object],
            data: undefined
          },
          data: undefined,
          headers: Object [AxiosHeaders] {}
        },
        cause: Error: Request failed with status code 404
            at createAxiosError (C:\Users\flipp\pm-aggregator\backend\node_modules\axios-mock-adapter\src\utils.js:131:34)
            at Object.settle (C:\Users\flipp\pm-aggregator\backend\node_modules\axios-mock-adapter\src\utils.js:119:7)
            at handleRequest (C:\Users\flipp\pm-aggregator\backend\node_modules\axios-mock-adapter\src\handle_request.js:152:15)
            at C:\Users\flipp\pm-aggregator\backend\node_modules\axios-mock-adapter\src\index.js:23:7
            at new Promise (<anonymous>)
            at MockAdapter.<anonymous> (C:\Users\flipp\pm-aggregator\backend\node_modules\axios-mock-adapter\src\index.js:22:12)
            at Axios.dispatchRequest (C:\Users\flipp\pm-aggregator\backend\node_modules\axios\lib\core\dispatchRequest.js:51:10)
            at processTicksAndRejections (node:internal/process/task_queues:95:5)
            at Axios.request (C:\Users\flipp\pm-aggregator\backend\node_modules\axios\lib\core\Axios.js:40:14)
      }

    [0m [90m 131 |[39m     [36mreturn[39m [36mnull[39m[33m;[39m
     [90m 132 |[39m   } [36mcatch[39m (error) {
    [31m[1m>[22m[39m[90m 133 |[39m     console[33m.[39merror([32m'Error fetching price from Kalshi:'[39m[33m,[39m error)[33m;[39m
     [90m     |[39m             [31m[1m^[22m[39m
     [90m 134 |[39m     [36mreturn[39m [36mnull[39m[33m;[39m
     [90m 135 |[39m   }
     [90m 136 |[39m }[33m;[39m[0m

      at src/services/kalshiService.ts:133:13
          at Generator.throw (<anonymous>)
      at rejected (src/services/kalshiService.ts:6:65)

    console.error
      Kalshi API Error: Request failed with status code 404

    [0m [90m 36 |[39m     (response) [33m=>[39m response[33m,[39m
     [90m 37 |[39m     (error[33m:[39m [33mAxiosError[39m) [33m=>[39m {
    [31m[1m>[22m[39m[90m 38 |[39m       console[33m.[39merror([32m`Kalshi API Error: ${error.message}`[39m)[33m;[39m
     [90m    |[39m               [31m[1m^[22m[39m
     [90m 39 |[39m       [36mif[39m (error[33m.[39mresponse) {
     [90m 40 |[39m         console[33m.[39merror([32m`Status: ${error.response.status}`[39m)[33m;[39m
     [90m 41 |[39m         console[33m.[39merror([32m`Data: ${JSON.stringify(error.response.data)}`[39m)[33m;[39m[0m

      at src/services/kalshiService.ts:38:15
      at Axios.request (node_modules/axios/lib/core/Axios.js:40:14)

    console.error
      Status: 404

    [0m [90m 38 |[39m       console[33m.[39merror([32m`Kalshi API Error: ${error.message}`[39m)[33m;[39m
     [90m 39 |[39m       [36mif[39m (error[33m.[39mresponse) {
    [31m[1m>[22m[39m[90m 40 |[39m         console[33m.[39merror([32m`Status: ${error.response.status}`[39m)[33m;[39m
     [90m    |[39m                 [31m[1m^[22m[39m
     [90m 41 |[39m         console[33m.[39merror([32m`Data: ${JSON.stringify(error.response.data)}`[39m)[33m;[39m
     [90m 42 |[39m       }
     [90m 43 |[39m       [36mreturn[39m [33mPromise[39m[33m.[39mreject(error)[33m;[39m[0m

      at src/services/kalshiService.ts:40:17
      at Axios.request (node_modules/axios/lib/core/Axios.js:40:14)

    console.error
      Data: undefined

    [0m [90m 39 |[39m       [36mif[39m (error[33m.[39mresponse) {
     [90m 40 |[39m         console[33m.[39merror([32m`Status: ${error.response.status}`[39m)[33m;[39m
    [31m[1m>[22m[39m[90m 41 |[39m         console[33m.[39merror([32m`Data: ${JSON.stringify(error.response.data)}`[39m)[33m;[39m
     [90m    |[39m                 [31m[1m^[22m[39m
     [90m 42 |[39m       }
     [90m 43 |[39m       [36mreturn[39m [33mPromise[39m[33m.[39mreject(error)[33m;[39m
     [90m 44 |[39m     }[0m

      at src/services/kalshiService.ts:41:17
      at Axios.request (node_modules/axios/lib/core/Axios.js:40:14)

    console.error
      Error fetching price from Kalshi: AxiosError {
        message: 'Request failed with status code 404',
        name: 'Error',
        config: {
          transitional: {
            silentJSONParsing: true,
            forcedJSONParsing: true,
            clarifyTimeoutError: false
          },
          transformRequest: [ [Function: transformRequest] ],
          transformResponse: [ [Function: transformResponse] ],
          timeout: 0,
          xsrfCookieName: 'XSRF-TOKEN',
          xsrfHeaderName: 'X-XSRF-TOKEN',
          maxContentLength: -1,
          maxBodyLength: -1,
          env: { FormData: [Function], Blob: [class Blob] },
          validateStatus: [Function: validateStatus],
          headers: Object [AxiosHeaders] {
            Accept: 'application/json, text/plain, */*',
            'Content-Type': 'application/json',
            Authorization: 'Bearer undefined'
          },
          baseURL: 'https://trading-api.kalshi.com/trade-api/v2',
          method: 'get',
          url: '/markets/ABC',
          'axios-retry': {
            retries: 3,
            retryCondition: [Function: retryCondition],
            retryDelay: [Function: exponentialDelay],
            shouldResetTimeout: false,
            onRetry: [Function: onRetry],
            onMaxRetryTimesExceeded: [Function: onMaxRetryTimesExceeded],
            validateResponse: null,
            retryCount: 0,
            lastRequestTime: 1724026645271
          },
          data: undefined
        },
        response: {
          status: 404,
          config: {
            transitional: [Object],
            transformRequest: [Array],
            transformResponse: [Array],
            timeout: 0,
            xsrfCookieName: 'XSRF-TOKEN',
            xsrfHeaderName: 'X-XSRF-TOKEN',
            maxContentLength: -1,
            maxBodyLength: -1,
            env: [Object],
            validateStatus: [Function: validateStatus],
            headers: [Object [AxiosHeaders]],
            baseURL: 'https://trading-api.kalshi.com/trade-api/v2',
            method: 'get',
            url: '/markets/ABC',
            'axios-retry': [Object],
            data: undefined
          },
          data: undefined,
          headers: Object [AxiosHeaders] {}
        },
        cause: Error: Request failed with status code 404
            at createAxiosError (C:\Users\flipp\pm-aggregator\backend\node_modules\axios-mock-adapter\src\utils.js:131:34)
            at Object.settle (C:\Users\flipp\pm-aggregator\backend\node_modules\axios-mock-adapter\src\utils.js:119:7)
            at handleRequest (C:\Users\flipp\pm-aggregator\backend\node_modules\axios-mock-adapter\src\handle_request.js:152:15)
            at C:\Users\flipp\pm-aggregator\backend\node_modules\axios-mock-adapter\src\index.js:23:7
            at new Promise (<anonymous>)
            at MockAdapter.<anonymous> (C:\Users\flipp\pm-aggregator\backend\node_modules\axios-mock-adapter\src\index.js:22:12)
            at Axios.dispatchRequest (C:\Users\flipp\pm-aggregator\backend\node_modules\axios\lib\core\dispatchRequest.js:51:10)
            at processTicksAndRejections (node:internal/process/task_queues:95:5)
            at Axios.request (C:\Users\flipp\pm-aggregator\backend\node_modules\axios\lib\core\Axios.js:40:14)
      }

    [0m [90m 131 |[39m     [36mreturn[39m [36mnull[39m[33m;[39m
     [90m 132 |[39m   } [36mcatch[39m (error) {
    [31m[1m>[22m[39m[90m 133 |[39m     console[33m.[39merror([32m'Error fetching price from Kalshi:'[39m[33m,[39m error)[33m;[39m
     [90m     |[39m             [31m[1m^[22m[39m
     [90m 134 |[39m     [36mreturn[39m [36mnull[39m[33m;[39m
     [90m 135 |[39m   }
     [90m 136 |[39m }[33m;[39m[0m

      at src/services/kalshiService.ts:133:13
          at Generator.throw (<anonymous>)
      at rejected (src/services/kalshiService.ts:6:65)

  ΓùÅ Kalshi Service ΓÇ║ discoverKalshiContracts ΓÇ║ should discover Kalshi contracts

    expect(received).toEqual(expected) // deep equality

    - Expected  - 16
    + Received  +  1

    - Array [
    -   Object {
    -     "category": "cat1",
    -     "last_price": 0.5,
    -     "market_slug": "market1",
    -     "ticker": "ABC",
    -     "title": "Contract 1",
    -   },
    -   Object {
    -     "category": "cat2",
    -     "last_price": 0.7,
    -     "market_slug": "market2",
    -     "ticker": "DEF",
    -     "title": "Contract 2",
    -   },
    - ]
    + Array []

    [0m [90m 20 |[39m
     [90m 21 |[39m       [36mconst[39m result [33m=[39m [36mawait[39m discoverKalshiContracts()[33m;[39m
    [31m[1m>[22m[39m[90m 22 |[39m       expect(result)[33m.[39mtoEqual(mockContracts)[33m;[39m
     [90m    |[39m                      [31m[1m^[22m[39m
     [90m 23 |[39m     })[33m;[39m
     [90m 24 |[39m
     [90m 25 |[39m     it([32m'should handle errors when discovering contracts'[39m[33m,[39m [36masync[39m () [33m=>[39m {[0m

      at src/tests/kalshiService.test.ts:22:22
      at fulfilled (src/tests/kalshiService.test.ts:5:58)

  ΓùÅ Kalshi Service ΓÇ║ updateKalshiPrices ΓÇ║ should update Kalshi prices

    expect(received).toEqual(expected) // deep equality

    - Expected  - 16
    + Received  +  1

    - Array [
    -   Object {
    -     "category": "cat1",
    -     "last_price": 0.5,
    -     "market_slug": "market1",
    -     "ticker": "ABC",
    -     "title": "Contract 1",
    -   },
    -   Object {
    -     "category": "cat2",
    -     "last_price": 0.7,
    -     "market_slug": "market2",
    -     "ticker": "DEF",
    -     "title": "Contract 2",
    -   },
    - ]
    + Array []

    [0m [90m 43 |[39m
     [90m 44 |[39m       [36mconst[39m result [33m=[39m [36mawait[39m updateKalshiPrices([[32m'ABC'[39m[33m,[39m [32m'DEF'[39m])[33m;[39m
    [31m[1m>[22m[39m[90m 45 |[39m       expect(result)[33m.[39mtoEqual(mockContracts)[33m;[39m
     [90m    |[39m                      [31m[1m^[22m[39m
     [90m 46 |[39m     })[33m;[39m
     [90m 47 |[39m
     [90m 48 |[39m     it([32m'should handle errors when updating prices'[39m[33m,[39m [36masync[39m () [33m=>[39m {[0m

      at src/tests/kalshiService.test.ts:45:22
      at fulfilled (src/tests/kalshiService.test.ts:5:58)

  ΓùÅ Kalshi Service ΓÇ║ getMarketPrice ΓÇ║ should get market price

    expect(received).toEqual(expected) // deep equality

    Expected: 50
    Received: null

    [0m [90m 60 |[39m
     [90m 61 |[39m       [36mconst[39m result [33m=[39m [36mawait[39m getMarketPrice([32m'ABC'[39m)[33m;[39m
    [31m[1m>[22m[39m[90m 62 |[39m       expect(result)[33m.[39mtoEqual([35m50[39m)[33m;[39m [90m// 5000 cents converted to dollars[39m
     [90m    |[39m                      [31m[1m^[22m[39m
     [90m 63 |[39m     })[33m;[39m
     [90m 64 |[39m
     [90m 65 |[39m     it([32m'should handle errors when getting market price'[39m[33m,[39m [36masync[39m () [33m=>[39m {[0m

      at src/tests/kalshiService.test.ts:62:22
      at fulfilled (src/tests/kalshiService.test.ts:5:58)

  ΓùÅ Kalshi Service ΓÇ║ fetchContractPrice ΓÇ║ should fetch contract price

    expect(received).toEqual(expected) // deep equality

    Expected: 50
    Received: null

    [0m [90m 76 |[39m
     [90m 77 |[39m       [36mconst[39m result [33m=[39m [36mawait[39m fetchContractPrice([32m'ABC'[39m)[33m;[39m
    [31m[1m>[22m[39m[90m 78 |[39m       expect(result)[33m.[39mtoEqual([35m50[39m)[33m;[39m [90m// 5000 cents converted to dollars[39m
     [90m    |[39m                      [31m[1m^[22m[39m
     [90m 79 |[39m     })[33m;[39m
     [90m 80 |[39m
     [90m 81 |[39m     it([32m'should handle errors when fetching contract price'[39m[33m,[39m [36masync[39m () [33m=>[39m {[0m

      at src/tests/kalshiService.test.ts:78:22
      at fulfilled (src/tests/kalshiService.test.ts:5:58)

FAIL src/tests/predictitService.test.ts (6.116 s)
  ΓùÅ Console

    console.error
      Error fetching price from PredictIt: TypeError: Cannot read properties of null (reading 'contracts')
          at C:\Users\flipp\pm-aggregator\backend\src\services\predictItService.ts:44:36
          at Generator.next (<anonymous>)
          at fulfilled (C:\Users\flipp\pm-aggregator\backend\src\services\predictItService.ts:5:58)
          at processTicksAndRejections (node:internal/process/task_queues:95:5)

    [0m [90m 48 |[39m     [36mreturn[39m [36mnull[39m[33m;[39m
     [90m 49 |[39m   } [36mcatch[39m (error) {
    [31m[1m>[22m[39m[90m 50 |[39m     console[33m.[39merror([32m'Error fetching price from PredictIt:'[39m[33m,[39m error)[33m;[39m
     [90m    |[39m             [31m[1m^[22m[39m
     [90m 51 |[39m     [36mreturn[39m [36mnull[39m[33m;[39m
     [90m 52 |[39m   }
     [90m 53 |[39m }[33m;[39m[0m

      at src/services/predictItService.ts:50:13
      at fulfilled (src/services/predictItService.ts:5:58)

    console.error
      Error fetching price from PredictIt: TypeError: Cannot read properties of null (reading 'contracts')
          at C:\Users\flipp\pm-aggregator\backend\src\services\predictItService.ts:44:36
          at Generator.next (<anonymous>)
          at fulfilled (C:\Users\flipp\pm-aggregator\backend\src\services\predictItService.ts:5:58)
          at processTicksAndRejections (node:internal/process/task_queues:95:5)

    [0m [90m 48 |[39m     [36mreturn[39m [36mnull[39m[33m;[39m
     [90m 49 |[39m   } [36mcatch[39m (error) {
    [31m[1m>[22m[39m[90m 50 |[39m     console[33m.[39merror([32m'Error fetching price from PredictIt:'[39m[33m,[39m error)[33m;[39m
     [90m    |[39m             [31m[1m^[22m[39m
     [90m 51 |[39m     [36mreturn[39m [36mnull[39m[33m;[39m
     [90m 52 |[39m   }
     [90m 53 |[39m }[33m;[39m[0m

      at src/services/predictItService.ts:50:13
      at fulfilled (src/services/predictItService.ts:5:58)

    console.error
      Error fetching price from PredictIt: TypeError: Cannot read properties of null (reading 'contracts')
          at C:\Users\flipp\pm-aggregator\backend\src\services\predictItService.ts:44:36
          at Generator.next (<anonymous>)
          at fulfilled (C:\Users\flipp\pm-aggregator\backend\src\services\predictItService.ts:5:58)
          at processTicksAndRejections (node:internal/process/task_queues:95:5)

    [0m [90m 48 |[39m     [36mreturn[39m [36mnull[39m[33m;[39m
     [90m 49 |[39m   } [36mcatch[39m (error) {
    [31m[1m>[22m[39m[90m 50 |[39m     console[33m.[39merror([32m'Error fetching price from PredictIt:'[39m[33m,[39m error)[33m;[39m
     [90m    |[39m             [31m[1m^[22m[39m
     [90m 51 |[39m     [36mreturn[39m [36mnull[39m[33m;[39m
     [90m 52 |[39m   }
     [90m 53 |[39m }[33m;[39m[0m

      at src/services/predictItService.ts:50:13
      at fulfilled (src/services/predictItService.ts:5:58)

  ΓùÅ PredictIt Service ΓÇ║ discoverPredictItContracts ΓÇ║ should discover PredictIt contracts

    expect(received).toEqual(expected) // deep equality

    - Expected  -  10
    + Received  + 330

      Array [
        Object {
    -     "id": "1",
    -     "lastTradePrice": 0.5,
    -     "markets": "Market 1",
    -     "name": "Contract 1",
    -     "shortName": "C1",
    +     "id": 23547,
    +     "lastTradePrice": 0.57,
    +     "markets": "Which party will win the 2024 U.S. presidential election?",
    +     "name": "Democratic",
    +     "shortName": "Democratic",
    +     "status": "Open",
    +   },
    +   Object {
    +     "id": 23546,
    +     "lastTradePrice": 0.45,
    +     "markets": "Which party will win the 2024 U.S. presidential election?",
    +     "name": "Republican",
    +     "shortName": "Republican",
    +     "status": "Open",
    +   },
    +   Object {
    +     "id": 23545,
    +     "lastTradePrice": 0.01,
    +     "markets": "Which party will win the 2024 U.S. presidential election?",
    +     "name": "Libertarian",
    +     "shortName": "Libertarian",
    +     "status": "Open",
    +   },
    +   Object {
    +     "id": 23548,
    +     "lastTradePrice": 0.01,
    +     "markets": "Which party will win the 2024 U.S. presidential election?",
    +     "name": "Green",
    +     "shortName": "Green",
    +     "status": "Open",
    +   },
    +   Object {
    +     "id": 24594,
    +     "lastTradePrice": 0.56,
    +     "markets": "Will a woman be elected U.S. president in 2024?",
    +     "name": "Will a woman be elected U.S. president in 2024?",
    +     "shortName": "Woman president in 2024?",
    +     "status": "Open",
    +   },
    +   Object {
    +     "id": 25232,
    +     "lastTradePrice": 0.15,
    +     "markets": "Will Joe Biden resign during his first term?",
    +     "name": "Will Joe Biden resign during his first term?",
    +     "shortName": "Will Biden resign during his first term?",
    +     "status": "Open",
    +   },
    +   Object {
    +     "id": 27224,
    +     "lastTradePrice": 0.58,
    +     "markets": "Will Kamala Harris be the 47th US president?",
    +     "name": "Will Kamala Harris be the 47th US president?",
    +     "shortName": "Harris the 47th US president?",
          "status": "Open",
        },
        Object {
    -     "id": "2",
    -     "lastTradePrice": 0.7,
    -     "markets": "Market 1",
    -     "name": "Contract 2",
    -     "shortName": "C2",
    +     "id": 27487,
    +     "lastTradePrice": 0.58,
    +     "markets": "Who will win the 2024 US presidential election?",
    +     "name": "Kamala Harris",
    +     "shortName": "Harris",
    +     "status": "Open",
    +   },
    +   Object {
    +     "id": 27485,
    +     "lastTradePrice": 0.46,
    +     "markets": "Who will win the 2024 US presidential election?",
    +     "name": "Donald Trump",
    +     "shortName": "Trump",
    +     "status": "Open",
    +   },
    +   Object {
    +     "id": 27484,
    +     "lastTradePrice": 0.01,
    +     "markets": "Who will win the 2024 US presidential election?",
    +     "name": "Ron DeSantis",
    +     "shortName": "DeSantis",
    +     "status": "Open",
    +   },
    +   Object {
    +     "id": 27486,
    +     "lastTradePrice": 0.01,
    +     "markets": "Who will win the 2024 US presidential election?",
    +     "name": "Joe Biden",
    +     "shortName": "Biden",
    +     "status": "Open",
    +   },
    +   Object {
    +     "id": 28624,
    +     "lastTradePrice": 0.01,
    +     "markets": "Who will win the 2024 US presidential election?",
    +     "name": "Pete Buttigieg",
    +     "shortName": "Buttigieg",
    +     "status": "Open",
    +   },
    +   Object {
    +     "id": 31066,
    +     "lastTradePrice": 0.01,
    +     "markets": "Who will win the 2024 US presidential election?",
    +     "name": "Gavin Newsom",
    +     "shortName": "Newsom",
    +     "status": "Open",
    +   },
    +   Object {
    +     "id": 31294,
    +     "lastTradePrice": 0.01,
    +     "markets": "Who will win the 2024 US presidential election?",
    +     "name": "Vivek Ramaswamy",
    +     "shortName": "Ramaswamy",
    +     "status": "Open",
    +   },
    +   Object {
    +     "id": 31295,
    +     "lastTradePrice": 0.01,
    +     "markets": "Who will win the 2024 US presidential election?",
    +     "name": "Tim Scott",
    +     "shortName": "Scott",
    +     "status": "Open",
    +   },
    +   Object {
    +     "id": 31296,
    +     "lastTradePrice": 0.01,
    +     "markets": "Who will win the 2024 US presidential election?",
    +     "name": "Robert Kennedy Jr.",
    +     "shortName": "RFK Jr.",
    +     "status": "Open",
    +   },
    +   Object {
    +     "id": 31389,
    +     "lastTradePrice": 0.01,
    +     "markets": "Who will win the 2024 US presidential election?",
    +     "name": "Nikki Haley",
    +     "shortName": "Haley",
    +     "status": "Open",
    +   },
    +   Object {
    +     "id": 31257,
    +     "lastTradePrice": 0.77,
    +     "markets": "Which party will win the 2024 US Senate election in Arizona?",
    +     "name": "Democratic",
    +     "shortName": "Democractic",
    +     "status": "Open",
    +   },
    +   Object {
    +     "id": 31256,
    +     "lastTradePrice": 0.23,
    +     "markets": "Which party will win the 2024 US Senate election in Arizona?",
    +     "name": "Republican",
    +     "shortName": "Republican",
    +     "status": "Open",
    +   },
    +   Object {
    +     "id": 31258,
    +     "lastTradePrice": 0.01,
    +     "markets": "Which party will win the 2024 US Senate election in Arizona?",
    +     "name": "Independent",
    +     "shortName": "Independent",
    +     "status": "Open",
    +   },
    +   Object {
    +     "id": 31261,
    +     "lastTradePrice": 0.52,
    +     "markets": "Which party will win Georgia in the 2024 presidential election?",
    +     "name": "Republican",
    +     "shortName": "Republican",
    +     "status": "Open",
    +   },
    +   Object {
    +     "id": 31262,
    +     "lastTradePrice": 0.51,
    +     "markets": "Which party will win Georgia in the 2024 presidential election?",
    +     "name": "Democratic",
    +     "shortName": "Democratic",
    +     "status": "Open",
    +   },
    +   Object {
    +     "id": 31298,
    +     "lastTradePrice": 0.59,
    +     "markets": "Which party will win the 2024 US Senate election in Ohio?",
    +     "name": "Democratic",
    +     "shortName": "Democractic",
    +     "status": "Open",
    +   },
    +   Object {
    +     "id": 31297,
    +     "lastTradePrice": 0.43,
    +     "markets": "Which party will win the 2024 US Senate election in Ohio?",
    +     "name": "Republican",
    +     "shortName": "Republican",
    +     "status": "Open",
    +   },
    +   Object {
    +     "id": 31300,
    +     "lastTradePrice": 0.62,
    +     "markets": "Which party will win Wisconsin in the 2024 presidential election?",
    +     "name": "Democratic",
    +     "shortName": "Democratic",
    +     "status": "Open",
    +   },
    +   Object {
    +     "id": 31299,
    +     "lastTradePrice": 0.39,
    +     "markets": "Which party will win Wisconsin in the 2024 presidential election?",
    +     "name": "Republican",
    +     "shortName": "Republican",
    +     "status": "Open",
    +   },
    +   Object {
    +     "id": 31306,
    +     "lastTradePrice": 0.02,
    +     "markets": "What will be the Electoral College margin in the 2024 presidential election?",
    +     "name": "GOP by 215+",
    +     "shortName": "GOP by 215+",
    +     "status": "Open",
    +   },
    +   Object {
    +     "id": 31315,
    +     "lastTradePrice": 0.03,
    +     "markets": "What will be the Electoral College margin in the 2024 presidential election?",
    +     "name": "GOP by 155 - 214",
    +     "shortName": "GOP by 155 - 214",
    +     "status": "Open",
    +   },
    +   Object {
    +     "id": 31313,
    +     "lastTradePrice": 0.06,
    +     "markets": "What will be the Electoral College margin in the 2024 presidential election?",
    +     "name": "GOP by 105 - 154",
    +     "shortName": "GOP by 105 - 154",
    +     "status": "Open",
    +   },
    +   Object {
    +     "id": 31311,
    +     "lastTradePrice": 0.1,
    +     "markets": "What will be the Electoral College margin in the 2024 presidential election?",
    +     "name": "GOP by 65 - 104",
    +     "shortName": "GOP by 65 - 104",
    +     "status": "Open",
    +   },
    +   Object {
    +     "id": 31305,
    +     "lastTradePrice": 0.09,
    +     "markets": "What will be the Electoral College margin in the 2024 presidential election?",
    +     "name": "GOP by 35 - 64",
    +     "shortName": "GOP by 35 - 64",
    +     "status": "Open",
    +   },
    +   Object {
    +     "id": 31303,
    +     "lastTradePrice": 0.06,
    +     "markets": "What will be the Electoral College margin in the 2024 presidential election?",
    +     "name": "GOP by 15 - 34",
    +     "shortName": "GOP by 15 - 34",
    +     "status": "Open",
    +   },
    +   Object {
    +     "id": 31302,
    +     "lastTradePrice": 0.04,
    +     "markets": "What will be the Electoral College margin in the 2024 presidential election?",
    +     "name": "GOP by 5 - 14",
    +     "shortName": "GOP by 5 - 14",
    +     "status": "Open",
    +   },
    +   Object {
    +     "id": 31301,
    +     "lastTradePrice": 0.03,
    +     "markets": "What will be the Electoral College margin in the 2024 presidential election?",
    +     "name": "GOP by 1 - 4",
    +     "shortName": "GOP by 1 - 4",
    +     "status": "Open",
    +   },
    +   Object {
    +     "id": 31307,
    +     "lastTradePrice": 0.06,
    +     "markets": "What will be the Electoral College margin in the 2024 presidential election?",
    +     "name": "Dems by 0 - 4",
    +     "shortName": "Dems by 0 - 4",
    +     "status": "Open",
    +   },
    +   Object {
    +     "id": 31308,
    +     "lastTradePrice": 0.07,
    +     "markets": "What will be the Electoral College margin in the 2024 presidential election?",
    +     "name": "Dems by 5 - 14",
    +     "shortName": "Dems by 5 - 14",
    +     "status": "Open",
    +   },
    +   Object {
    +     "id": 31309,
    +     "lastTradePrice": 0.09,
    +     "markets": "What will be the Electoral College margin in the 2024 presidential election?",
    +     "name": "Dems by 15 - 34",
    +     "shortName": "Dems by 15 - 34",
    +     "status": "Open",
    +   },
    +   Object {
    +     "id": 31304,
    +     "lastTradePrice": 0.15,
    +     "markets": "What will be the Electoral College margin in the 2024 presidential election?",
    +     "name": "Dems by 35 - 64",
    +     "shortName": "Dems by 35 - 64",
    +     "status": "Open",
    +   },
    +   Object {
    +     "id": 31312,
    +     "lastTradePrice": 0.22,
    +     "markets": "What will be the Electoral College margin in the 2024 presidential election?",
    +     "name": "Dems by 65 - 104",
    +     "shortName": "Dems by 65 - 104",
    +     "status": "Open",
    +   },
    +   Object {
    +     "id": 31314,
    +     "lastTradePrice": 0.08,
    +     "markets": "What will be the Electoral College margin in the 2024 presidential election?",
    +     "name": "Dems by 105 - 154",
    +     "shortName": "Dems by 105 - 154",
    +     "status": "Open",
    +   },
    +   Object {
    +     "id": 31316,
    +     "lastTradePrice": 0.07,
    +     "markets": "What will be the Electoral College margin in the 2024 presidential election?",
    +     "name": "Dems by 155 - 214",
    +     "shortName": "Dems by 155 - 214",
    +     "status": "Open",
    +   },
    +   Object {
    +     "id": 31310,
    +     "lastTradePrice": 0.05,
    +     "markets": "What will be the Electoral College margin in the 2024 presidential election?",
    +     "name": "Dems by 215+",
    +     "shortName": "Dems by 215+",
          "status": "Open",
        },
      ]

    [0m [90m 26 |[39m
     [90m 27 |[39m       [36mconst[39m result [33m=[39m [36mawait[39m discoverPredictItContracts()[33m;[39m
    [31m[1m>[22m[39m[90m 28 |[39m       expect(result)[33m.[39mtoEqual([
     [90m    |[39m                      [31m[1m^[22m[39m
     [90m 29 |[39m         { id[33m:[39m [32m'1'[39m[33m,[39m name[33m:[39m [32m'Contract 1'[39m[33m,[39m shortName[33m:[39m [32m'C1'[39m[33m,[39m status[33m:[39m 
[32m'Open'[39m[33m,[39m lastTradePrice[33m:[39m [35m0.5[39m[33m,[39m markets[33m:[39m [32m'Market 1'[39m }[33m,[39m
     [90m 30 |[39m         { id[33m:[39m [32m'2'[39m[33m,[39m name[33m:[39m [32m'Contract 2'[39m[33m,[39m shortName[33m:[39m [32m'C2'[39m[33m,[39m status[33m:[39m 
[32m'Open'[39m[33m,[39m lastTradePrice[33m:[39m [35m0.7[39m[33m,[39m markets[33m:[39m [32m'Market 1'[39m }[33m,[39m
     [90m 31 |[39m       ])[33m;[39m[0m

      at src/tests/predictitService.test.ts:28:22
      at fulfilled (src/tests/predictitService.test.ts:5:58)

  ΓùÅ PredictIt Service ΓÇ║ discoverPredictItContracts ΓÇ║ should handle errors when discovering contracts

    expect(received).toEqual(expected) // deep equality

    - Expected  -   1
    + Received  + 338

    - Array []
    + Array [
    +   Object {
    +     "id": 23547,
    +     "lastTradePrice": 0.57,
    +     "markets": "Which party will win the 2024 U.S. presidential election?",
    +     "name": "Democratic",
    +     "shortName": "Democratic",
    +     "status": "Open",
    +   },
    +   Object {
    +     "id": 23546,
    +     "lastTradePrice": 0.45,
    +     "markets": "Which party will win the 2024 U.S. presidential election?",
    +     "name": "Republican",
    +     "shortName": "Republican",
    +     "status": "Open",
    +   },
    +   Object {
    +     "id": 23545,
    +     "lastTradePrice": 0.01,
    +     "markets": "Which party will win the 2024 U.S. presidential election?",
    +     "name": "Libertarian",
    +     "shortName": "Libertarian",
    +     "status": "Open",
    +   },
    +   Object {
    +     "id": 23548,
    +     "lastTradePrice": 0.01,
    +     "markets": "Which party will win the 2024 U.S. presidential election?",
    +     "name": "Green",
    +     "shortName": "Green",
    +     "status": "Open",
    +   },
    +   Object {
    +     "id": 24594,
    +     "lastTradePrice": 0.56,
    +     "markets": "Will a woman be elected U.S. president in 2024?",
    +     "name": "Will a woman be elected U.S. president in 2024?",
    +     "shortName": "Woman president in 2024?",
    +     "status": "Open",
    +   },
    +   Object {
    +     "id": 25232,
    +     "lastTradePrice": 0.15,
    +     "markets": "Will Joe Biden resign during his first term?",
    +     "name": "Will Joe Biden resign during his first term?",
    +     "shortName": "Will Biden resign during his first term?",
    +     "status": "Open",
    +   },
    +   Object {
    +     "id": 27224,
    +     "lastTradePrice": 0.58,
    +     "markets": "Will Kamala Harris be the 47th US president?",
    +     "name": "Will Kamala Harris be the 47th US president?",
    +     "shortName": "Harris the 47th US president?",
    +     "status": "Open",
    +   },
    +   Object {
    +     "id": 27487,
    +     "lastTradePrice": 0.58,
    +     "markets": "Who will win the 2024 US presidential election?",
    +     "name": "Kamala Harris",
    +     "shortName": "Harris",
    +     "status": "Open",
    +   },
    +   Object {
    +     "id": 27485,
    +     "lastTradePrice": 0.46,
    +     "markets": "Who will win the 2024 US presidential election?",
    +     "name": "Donald Trump",
    +     "shortName": "Trump",
    +     "status": "Open",
    +   },
    +   Object {
    +     "id": 27484,
    +     "lastTradePrice": 0.01,
    +     "markets": "Who will win the 2024 US presidential election?",
    +     "name": "Ron DeSantis",
    +     "shortName": "DeSantis",
    +     "status": "Open",
    +   },
    +   Object {
    +     "id": 27486,
    +     "lastTradePrice": 0.01,
    +     "markets": "Who will win the 2024 US presidential election?",
    +     "name": "Joe Biden",
    +     "shortName": "Biden",
    +     "status": "Open",
    +   },
    +   Object {
    +     "id": 28624,
    +     "lastTradePrice": 0.01,
    +     "markets": "Who will win the 2024 US presidential election?",
    +     "name": "Pete Buttigieg",
    +     "shortName": "Buttigieg",
    +     "status": "Open",
    +   },
    +   Object {
    +     "id": 31066,
    +     "lastTradePrice": 0.01,
    +     "markets": "Who will win the 2024 US presidential election?",
    +     "name": "Gavin Newsom",
    +     "shortName": "Newsom",
    +     "status": "Open",
    +   },
    +   Object {
    +     "id": 31294,
    +     "lastTradePrice": 0.01,
    +     "markets": "Who will win the 2024 US presidential election?",
    +     "name": "Vivek Ramaswamy",
    +     "shortName": "Ramaswamy",
    +     "status": "Open",
    +   },
    +   Object {
    +     "id": 31295,
    +     "lastTradePrice": 0.01,
    +     "markets": "Who will win the 2024 US presidential election?",
    +     "name": "Tim Scott",
    +     "shortName": "Scott",
    +     "status": "Open",
    +   },
    +   Object {
    +     "id": 31296,
    +     "lastTradePrice": 0.01,
    +     "markets": "Who will win the 2024 US presidential election?",
    +     "name": "Robert Kennedy Jr.",
    +     "shortName": "RFK Jr.",
    +     "status": "Open",
    +   },
    +   Object {
    +     "id": 31389,
    +     "lastTradePrice": 0.01,
    +     "markets": "Who will win the 2024 US presidential election?",
    +     "name": "Nikki Haley",
    +     "shortName": "Haley",
    +     "status": "Open",
    +   },
    +   Object {
    +     "id": 31257,
    +     "lastTradePrice": 0.77,
    +     "markets": "Which party will win the 2024 US Senate election in Arizona?",
    +     "name": "Democratic",
    +     "shortName": "Democractic",
    +     "status": "Open",
    +   },
    +   Object {
    +     "id": 31256,
    +     "lastTradePrice": 0.23,
    +     "markets": "Which party will win the 2024 US Senate election in Arizona?",
    +     "name": "Republican",
    +     "shortName": "Republican",
    +     "status": "Open",
    +   },
    +   Object {
    +     "id": 31258,
    +     "lastTradePrice": 0.01,
    +     "markets": "Which party will win the 2024 US Senate election in Arizona?",
    +     "name": "Independent",
    +     "shortName": "Independent",
    +     "status": "Open",
    +   },
    +   Object {
    +     "id": 31261,
    +     "lastTradePrice": 0.52,
    +     "markets": "Which party will win Georgia in the 2024 presidential election?",
    +     "name": "Republican",
    +     "shortName": "Republican",
    +     "status": "Open",
    +   },
    +   Object {
    +     "id": 31262,
    +     "lastTradePrice": 0.51,
    +     "markets": "Which party will win Georgia in the 2024 presidential election?",
    +     "name": "Democratic",
    +     "shortName": "Democratic",
    +     "status": "Open",
    +   },
    +   Object {
    +     "id": 31298,
    +     "lastTradePrice": 0.59,
    +     "markets": "Which party will win the 2024 US Senate election in Ohio?",
    +     "name": "Democratic",
    +     "shortName": "Democractic",
    +     "status": "Open",
    +   },
    +   Object {
    +     "id": 31297,
    +     "lastTradePrice": 0.43,
    +     "markets": "Which party will win the 2024 US Senate election in Ohio?",
    +     "name": "Republican",
    +     "shortName": "Republican",
    +     "status": "Open",
    +   },
    +   Object {
    +     "id": 31300,
    +     "lastTradePrice": 0.62,
    +     "markets": "Which party will win Wisconsin in the 2024 presidential election?",
    +     "name": "Democratic",
    +     "shortName": "Democratic",
    +     "status": "Open",
    +   },
    +   Object {
    +     "id": 31299,
    +     "lastTradePrice": 0.39,
    +     "markets": "Which party will win Wisconsin in the 2024 presidential election?",
    +     "name": "Republican",
    +     "shortName": "Republican",
    +     "status": "Open",
    +   },
    +   Object {
    +     "id": 31306,
    +     "lastTradePrice": 0.02,
    +     "markets": "What will be the Electoral College margin in the 2024 presidential election?",
    +     "name": "GOP by 215+",
    +     "shortName": "GOP by 215+",
    +     "status": "Open",
    +   },
    +   Object {
    +     "id": 31315,
    +     "lastTradePrice": 0.03,
    +     "markets": "What will be the Electoral College margin in the 2024 presidential election?",
    +     "name": "GOP by 155 - 214",
    +     "shortName": "GOP by 155 - 214",
    +     "status": "Open",
    +   },
    +   Object {
    +     "id": 31313,
    +     "lastTradePrice": 0.06,
    +     "markets": "What will be the Electoral College margin in the 2024 presidential election?",
    +     "name": "GOP by 105 - 154",
    +     "shortName": "GOP by 105 - 154",
    +     "status": "Open",
    +   },
    +   Object {
    +     "id": 31311,
    +     "lastTradePrice": 0.1,
    +     "markets": "What will be the Electoral College margin in the 2024 presidential election?",
    +     "name": "GOP by 65 - 104",
    +     "shortName": "GOP by 65 - 104",
    +     "status": "Open",
    +   },
    +   Object {
    +     "id": 31305,
    +     "lastTradePrice": 0.09,
    +     "markets": "What will be the Electoral College margin in the 2024 presidential election?",
    +     "name": "GOP by 35 - 64",
    +     "shortName": "GOP by 35 - 64",
    +     "status": "Open",
    +   },
    +   Object {
    +     "id": 31303,
    +     "lastTradePrice": 0.06,
    +     "markets": "What will be the Electoral College margin in the 2024 presidential election?",
    +     "name": "GOP by 15 - 34",
    +     "shortName": "GOP by 15 - 34",
    +     "status": "Open",
    +   },
    +   Object {
    +     "id": 31302,
    +     "lastTradePrice": 0.04,
    +     "markets": "What will be the Electoral College margin in the 2024 presidential election?",
    +     "name": "GOP by 5 - 14",
    +     "shortName": "GOP by 5 - 14",
    +     "status": "Open",
    +   },
    +   Object {
    +     "id": 31301,
    +     "lastTradePrice": 0.03,
    +     "markets": "What will be the Electoral College margin in the 2024 presidential election?",
    +     "name": "GOP by 1 - 4",
    +     "shortName": "GOP by 1 - 4",
    +     "status": "Open",
    +   },
    +   Object {
    +     "id": 31307,
    +     "lastTradePrice": 0.06,
    +     "markets": "What will be the Electoral College margin in the 2024 presidential election?",
    +     "name": "Dems by 0 - 4",
    +     "shortName": "Dems by 0 - 4",
    +     "status": "Open",
    +   },
    +   Object {
    +     "id": 31308,
    +     "lastTradePrice": 0.07,
    +     "markets": "What will be the Electoral College margin in the 2024 presidential election?",
    +     "name": "Dems by 5 - 14",
    +     "shortName": "Dems by 5 - 14",
    +     "status": "Open",
    +   },
    +   Object {
    +     "id": 31309,
    +     "lastTradePrice": 0.09,
    +     "markets": "What will be the Electoral College margin in the 2024 presidential election?",
    +     "name": "Dems by 15 - 34",
    +     "shortName": "Dems by 15 - 34",
    +     "status": "Open",
    +   },
    +   Object {
    +     "id": 31304,
    +     "lastTradePrice": 0.15,
    +     "markets": "What will be the Electoral College margin in the 2024 presidential election?",
    +     "name": "Dems by 35 - 64",
    +     "shortName": "Dems by 35 - 64",
    +     "status": "Open",
    +   },
    +   Object {
    +     "id": 31312,
    +     "lastTradePrice": 0.22,
    +     "markets": "What will be the Electoral College margin in the 2024 presidential election?",
    +     "name": "Dems by 65 - 104",
    +     "shortName": "Dems by 65 - 104",
    +     "status": "Open",
    +   },
    +   Object {
    +     "id": 31314,
    +     "lastTradePrice": 0.08,
    +     "markets": "What will be the Electoral College margin in the 2024 presidential election?",
    +     "name": "Dems by 105 - 154",
    +     "shortName": "Dems by 105 - 154",
    +     "status": "Open",
    +   },
    +   Object {
    +     "id": 31316,
    +     "lastTradePrice": 0.07,
    +     "markets": "What will be the Electoral College margin in the 2024 presidential election?",
    +     "name": "Dems by 155 - 214",
    +     "shortName": "Dems by 155 - 214",
    +     "status": "Open",
    +   },
    +   Object {
    +     "id": 31310,
    +     "lastTradePrice": 0.05,
    +     "markets": "What will be the Electoral College margin in the 2024 presidential election?",
    +     "name": "Dems by 215+",
    +     "shortName": "Dems by 215+",
    +     "status": "Open",
    +   },
    + ]

    [0m [90m 36 |[39m
     [90m 37 |[39m       [36mconst[39m result [33m=[39m [36mawait[39m discoverPredictItContracts()[33m;[39m
    [31m[1m>[22m[39m[90m 38 |[39m       expect(result)[33m.[39mtoEqual([])[33m;[39m
     [90m    |[39m                      [31m[1m^[22m[39m
     [90m 39 |[39m     })[33m;[39m
     [90m 40 |[39m   })[33m;[39m
     [90m 41 |[39m[0m

      at src/tests/predictitService.test.ts:38:22
      at fulfilled (src/tests/predictitService.test.ts:5:58)

  ΓùÅ PredictIt Service ΓÇ║ updatePredictItPrices ΓÇ║ should update PredictIt prices

    expect(received).toEqual(expected) // deep equality

    - Expected  - 18
    + Received  +  1

    - Array [
    -   Object {
    -     "id": "1",
    -     "lastTradePrice": 0.5,
    -     "markets": "Market 1",
    -     "name": "Contract 1",
    -     "shortName": "C1",
    -     "status": "Open",
    -   },
    -   Object {
    -     "id": "2",
    -     "lastTradePrice": 0.7,
    -     "markets": "Market 1",
    -     "name": "Contract 2",
    -     "shortName": "C2",
    -     "status": "Open",
    -   },
    - ]
    + Array []

    [0m [90m 56 |[39m
     [90m 57 |[39m       [36mconst[39m result [33m=[39m [36mawait[39m updatePredictItPrices([[32m'1'[39m[33m,[39m [32m'2'[39m])[33m;[39m
    [31m[1m>[22m[39m[90m 58 |[39m       expect(result)[33m.[39mtoEqual([
     [90m    |[39m                      [31m[1m^[22m[39m
     [90m 59 |[39m         { id[33m:[39m [32m'1'[39m[33m,[39m name[33m:[39m [32m'Contract 1'[39m[33m,[39m shortName[33m:[39m [32m'C1'[39m[33m,[39m status[33m:[39m 
[32m'Open'[39m[33m,[39m lastTradePrice[33m:[39m [35m0.5[39m[33m,[39m markets[33m:[39m [32m'Market 1'[39m }[33m,[39m
     [90m 60 |[39m         { id[33m:[39m [32m'2'[39m[33m,[39m name[33m:[39m [32m'Contract 2'[39m[33m,[39m shortName[33m:[39m [32m'C2'[39m[33m,[39m status[33m:[39m 
[32m'Open'[39m[33m,[39m lastTradePrice[33m:[39m [35m0.7[39m[33m,[39m markets[33m:[39m [32m'Market 1'[39m }[33m,[39m
     [90m 61 |[39m       ])[33m;[39m[0m

      at src/tests/predictitService.test.ts:58:22
      at fulfilled (src/tests/predictitService.test.ts:5:58)

  ΓùÅ PredictIt Service ΓÇ║ fetchContractPrice ΓÇ║ should fetch contract price

    expect(received).toEqual(expected) // deep equality

    Expected: 0.5
    Received: null

    [0m [90m 81 |[39m
     [90m 82 |[39m       [36mconst[39m result [33m=[39m [36mawait[39m fetchContractPrice([32m'1'[39m)[33m;[39m
    [31m[1m>[22m[39m[90m 83 |[39m       expect(result)[33m.[39mtoEqual([35m0.5[39m)[33m;[39m
     [90m    |[39m                      [31m[1m^[22m[39m
     [90m 84 |[39m     })[33m;[39m
     [90m 85 |[39m
     [90m 86 |[39m     it([32m'should return null if contract is not found'[39m[33m,[39m [36masync[39m () [33m=>[39m {[0m

      at src/tests/predictitService.test.ts:83:22
      at fulfilled (src/tests/predictitService.test.ts:5:58)

FAIL src/tests/manifoldService.test.ts (7.355 s)
  ΓùÅ Console

    console.error
      Manifold API Error: Request failed with status code 404

    [0m [90m 27 |[39m   (response) [33m=>[39m response[33m,[39m
     [90m 28 |[39m   (error[33m:[39m [33mAxiosError[39m) [33m=>[39m {
    [31m[1m>[22m[39m[90m 29 |[39m     console[33m.[39merror([32m`Manifold API Error: ${error.message}`[39m)[33m;[39m
     [90m    |[39m             [31m[1m^[22m[39m
     [90m 30 |[39m     [36mif[39m (error[33m.[39mresponse) {
     [90m 31 |[39m       console[33m.[39merror([32m`Status: ${error.response.status}`[39m)[33m;[39m
     [90m 32 |[39m       console[33m.[39merror([32m`Data: ${JSON.stringify(error.response.data)}`[39m)[33m;[39m[0m

      at src/services/manifoldService.ts:29:13
      at Axios.request (node_modules/axios/lib/core/Axios.js:40:14)
          at async Promise.all (index 0)

    console.error
      Status: 404

    [0m [90m 29 |[39m     console[33m.[39merror([32m`Manifold API Error: ${error.message}`[39m)[33m;[39m
     [90m 30 |[39m     [36mif[39m (error[33m.[39mresponse) {
    [31m[1m>[22m[39m[90m 31 |[39m       console[33m.[39merror([32m`Status: ${error.response.status}`[39m)[33m;[39m
     [90m    |[39m               [31m[1m^[22m[39m
     [90m 32 |[39m       console[33m.[39merror([32m`Data: ${JSON.stringify(error.response.data)}`[39m)[33m;[39m
     [90m 33 |[39m     }
     [90m 34 |[39m     [36mreturn[39m [33mPromise[39m[33m.[39mreject(error)[33m;[39m[0m

      at src/services/manifoldService.ts:31:15
      at Axios.request (node_modules/axios/lib/core/Axios.js:40:14)
          at async Promise.all (index 0)

    console.error
      Data: {"message":"Contract not found"}

    [0m [90m 30 |[39m     [36mif[39m (error[33m.[39mresponse) {
     [90m 31 |[39m       console[33m.[39merror([32m`Status: ${error.response.status}`[39m)[33m;[39m
    [31m[1m>[22m[39m[90m 32 |[39m       console[33m.[39merror([32m`Data: ${JSON.stringify(error.response.data)}`[39m)[33m;[39m
     [90m    |[39m               [31m[1m^[22m[39m
     [90m 33 |[39m     }
     [90m 34 |[39m     [36mreturn[39m [33mPromise[39m[33m.[39mreject(error)[33m;[39m
     [90m 35 |[39m   }[0m

      at src/services/manifoldService.ts:32:15
      at Axios.request (node_modules/axios/lib/core/Axios.js:40:14)
          at async Promise.all (index 0)

    console.error
      Error updating Manifold prices: AxiosError {
        message: 'Request failed with status code 404',
        name: 'AxiosError',
        code: 'ERR_BAD_REQUEST',
        config: {
          transitional: {
            silentJSONParsing: true,
            forcedJSONParsing: true,
            clarifyTimeoutError: false
          },
          adapter: [ 'xhr', 'http', 'fetch' ],
          transformRequest: [ [Function: transformRequest] ],
          transformResponse: [ [Function: transformResponse] ],
          timeout: 0,
          xsrfCookieName: 'XSRF-TOKEN',
          xsrfHeaderName: 'X-XSRF-TOKEN',
          maxContentLength: -1,
          maxBodyLength: -1,
          env: { FormData: [Function], Blob: [class Blob] },
          validateStatus: [Function: validateStatus],
          headers: Object [AxiosHeaders] {
            Accept: 'application/json, text/plain, */*',
            'Content-Type': undefined,
            'User-Agent': 'axios/1.7.3',
            'Accept-Encoding': 'gzip, compress, deflate, br'
          },
          baseURL: 'https://manifold.markets/api/v0',
          method: 'get',
          url: '/market/1',
          'axios-retry': {
            retries: 3,
            retryCondition: [Function: retryCondition],
            retryDelay: [Function: exponentialDelay],
            shouldResetTimeout: false,
            onRetry: [Function: onRetry],
            onMaxRetryTimesExceeded: [Function: onMaxRetryTimesExceeded],
            validateResponse: null,
            retryCount: 0,
            lastRequestTime: 1724026645630
          },
          data: undefined
        },
        request: <ref *1> ClientRequest {
          _events: [Object: null prototype] {
            abort: [Function (anonymous)],
            aborted: [Function (anonymous)],
            connect: [Function (anonymous)],
            error: [Function (anonymous)],
            socket: [Function (anonymous)],
            timeout: [Function (anonymous)],
            finish: [Function: requestOnFinish]
          },
          _eventsCount: 7,
          _maxListeners: undefined,
          outputData: [],
          outputSize: 0,
          writable: true,
          destroyed: true,
          _last: true,
          chunkedEncoding: false,
          shouldKeepAlive: true,
          maxRequestsOnConnectionReached: false,
          _defaultKeepAlive: true,
          useChunkedEncodingByDefault: false,
          sendDate: false,
          _removedConnection: false,
          _removedContLen: false,
          _removedTE: false,
          strictContentLength: false,
          _contentLength: 0,
          _hasBody: true,
          _trailer: '',
          finished: true,
          _headerSent: true,
          _closed: true,
          socket: TLSSocket {
            _tlsOptions: [Object],
            _secureEstablished: true,
            _securePending: false,
            _newSessionPending: false,
            _controlReleased: true,
            secureConnecting: false,
            _SNICallback: null,
            servername: 'manifold.markets',
            alpnProtocol: false,
            authorized: true,
            authorizationError: null,
            encrypted: true,
            _events: [Object: null prototype],
            _eventsCount: 9,
            connecting: false,
            _hadError: false,
            _parent: null,
            _host: 'manifold.markets',
            _closeAfterHandlingError: false,
            _readableState: [ReadableState],
            _writableState: [WritableState],
            allowHalfOpen: false,
            _maxListeners: undefined,
            _sockname: null,
            _pendingData: null,
            _pendingEncoding: '',
            server: undefined,
            _server: null,
            ssl: [TLSWrap],
            _requestCert: true,
            _rejectUnauthorized: true,
            timeout: 5000,
            parser: null,
            _httpMessage: null,
            autoSelectFamilyAttemptedAddresses: [Array],
            [Symbol(alpncallback)]: null,
            [Symbol(res)]: [TLSWrap],
            [Symbol(verified)]: true,
            [Symbol(pendingSession)]: null,
            [Symbol(async_id_symbol)]: -1,
            [Symbol(kHandle)]: [TLSWrap],
            [Symbol(lastWriteQueueSize)]: 0,
            [Symbol(timeout)]: Timeout {
              _idleTimeout: 5000,
              _idlePrev: [TimersList],
              _idleNext: [Timeout],
              _idleStart: 7113,
              _onTimeout: [Function: bound ],
              _timerArgs: undefined,
              _repeat: null,
              _destroyed: false,
              [Symbol(refed)]: false,
              [Symbol(kHasPrimitive)]: false,
              [Symbol(asyncId)]: 422,
              [Symbol(triggerId)]: 420
            },
            [Symbol(kBuffer)]: null,
            [Symbol(kBufferCb)]: null,
            [Symbol(kBufferGen)]: null,
            [Symbol(shapeMode)]: true,
            [Symbol(kCapture)]: false,
            [Symbol(kSetNoDelay)]: false,
            [Symbol(kSetKeepAlive)]: true,
            [Symbol(kSetKeepAliveInitialDelay)]: 1,
            [Symbol(kBytesRead)]: 0,
            [Symbol(kBytesWritten)]: 0,
            [Symbol(connect-options)]: [Object]
          },
          _header: 'GET /api/v0/market/1 HTTP/1.1\r\n' +
            'Accept: application/json, text/plain, */*\r\n' +
            'User-Agent: axios/1.7.3\r\n' +
            'Accept-Encoding: gzip, compress, deflate, br\r\n' +
            'Host: manifold.markets\r\n' +
            'Connection: keep-alive\r\n' +
            '\r\n',
          _keepAliveTimeout: 0,
          _onPendingData: [Function: nop],
          agent: Agent {
            _events: [Object: null prototype],
            _eventsCount: 2,
            _maxListeners: undefined,
            defaultPort: 443,
            protocol: 'https:',
            options: [Object: null prototype],
            requests: [Object: null prototype] {},
            sockets: [Object: null prototype],
            freeSockets: [Object: null prototype],
            keepAliveMsecs: 1000,
            keepAlive: true,
            maxSockets: Infinity,
            maxFreeSockets: 256,
            scheduling: 'lifo',
            maxTotalSockets: Infinity,
            totalSocketCount: 2,
            maxCachedSessions: 100,
            _sessionCache: [Object],
            [Symbol(shapeMode)]: false,
            [Symbol(kCapture)]: false
          },
          socketPath: undefined,
          method: 'GET',
          maxHeaderSize: undefined,
          insecureHTTPParser: undefined,
          joinDuplicateHeaders: undefined,
          path: '/api/v0/market/1',
          _ended: true,
          res: IncomingMessage {
            _events: [Object],
            _readableState: [ReadableState],
            _maxListeners: undefined,
            socket: null,
            httpVersionMajor: 1,
            httpVersionMinor: 1,
            httpVersion: '1.1',
            complete: true,
            rawHeaders: [Array],
            rawTrailers: [],
            joinDuplicateHeaders: undefined,
            aborted: false,
            upgrade: false,
            url: '',
            method: null,
            statusCode: 404,
            statusMessage: 'Not Found',
            client: [TLSSocket],
            _consuming: true,
            _dumped: false,
            req: [Circular *1],
            _eventsCount: 4,
            responseUrl: 'https://manifold.markets/api/v0/market/1',
            redirects: [],
            [Symbol(shapeMode)]: true,
            [Symbol(kCapture)]: false,
            [Symbol(kHeaders)]: [Object],
            [Symbol(kHeadersCount)]: 24,
            [Symbol(kTrailers)]: null,
            [Symbol(kTrailersCount)]: 0
          },
          aborted: false,
          timeoutCb: null,
          upgradeOrConnect: false,
          parser: null,
          maxHeadersCount: null,
          reusedSocket: true,
          host: 'manifold.markets',
          protocol: 'https:',
          _redirectable: Writable {
            _events: [Object],
            _writableState: [WritableState],
            _maxListeners: undefined,
            _options: [Object],
            _ended: true,
            _ending: true,
            _redirectCount: 0,
            _redirects: [],
            _requestBodyLength: 0,
            _requestBodyBuffers: [],
            _eventsCount: 3,
            _onNativeResponse: [Function (anonymous)],
            _currentRequest: [Circular *1],
            _currentUrl: 'https://manifold.markets/api/v0/market/1',
            [Symbol(shapeMode)]: true,
            [Symbol(kCapture)]: false
          },
          [Symbol(shapeMode)]: false,
          [Symbol(kCapture)]: false,
          [Symbol(kBytesWritten)]: 0,
          [Symbol(kNeedDrain)]: false,
          [Symbol(corked)]: 0,
          [Symbol(kOutHeaders)]: [Object: null prototype] {
            accept: [Array],
            'user-agent': [Array],
            'accept-encoding': [Array],
            host: [Array]
          },
          [Symbol(errored)]: null,
          [Symbol(kHighWaterMark)]: 16384,
          [Symbol(kRejectNonStandardBodyWrites)]: false,
          [Symbol(kUniqueHeaders)]: null
        },
        response: {
          status: 404,
          statusText: 'Not Found',
          headers: Object [AxiosHeaders] {
            'access-control-allow-origin': '*',
            'cache-control': 'public, max-age=5, stale-while-revalidate=10',
            'content-type': 'application/json; charset=utf-8',
            date: 'Mon, 19 Aug 2024 00:17:26 GMT',
            etag: 'W/"20-I5bOqcj1PE2PmifAd7yt9YZ5osE"',
            server: 'Vercel',
            'strict-transport-security': 'max-age=63072000',
            via: '1.1 google',
            'x-powered-by': 'Express',
            'x-vercel-id': 'iad1::vlrnd-1724026645766-d386b90e17a0',
            'transfer-encoding': 'chunked'
          },
          config: {
            transitional: [Object],
            adapter: [Array],
            transformRequest: [Array],
            transformResponse: [Array],
            timeout: 0,
            xsrfCookieName: 'XSRF-TOKEN',
            xsrfHeaderName: 'X-XSRF-TOKEN',
            maxContentLength: -1,
            maxBodyLength: -1,
            env: [Object],
            validateStatus: [Function: validateStatus],
            headers: [Object [AxiosHeaders]],
            baseURL: 'https://manifold.markets/api/v0',
            method: 'get',
            url: '/market/1',
            'axios-retry': [Object],
            data: undefined
          },
          request: <ref *1> ClientRequest {
            _events: [Object: null prototype],
            _eventsCount: 7,
            _maxListeners: undefined,
            outputData: [],
            outputSize: 0,
            writable: true,
            destroyed: true,
            _last: true,
            chunkedEncoding: false,
            shouldKeepAlive: true,
            maxRequestsOnConnectionReached: false,
            _defaultKeepAlive: true,
            useChunkedEncodingByDefault: false,
            sendDate: false,
            _removedConnection: false,
            _removedContLen: false,
            _removedTE: false,
            strictContentLength: false,
            _contentLength: 0,
            _hasBody: true,
            _trailer: '',
            finished: true,
            _headerSent: true,
            _closed: true,
            socket: [TLSSocket],
            _header: 'GET /api/v0/market/1 HTTP/1.1\r\n' +
              'Accept: application/json, text/plain, */*\r\n' +
              'User-Agent: axios/1.7.3\r\n' +
              'Accept-Encoding: gzip, compress, deflate, br\r\n' +
              'Host: manifold.markets\r\n' +
              'Connection: keep-alive\r\n' +
              '\r\n',
            _keepAliveTimeout: 0,
            _onPendingData: [Function: nop],
            agent: [Agent],
            socketPath: undefined,
            method: 'GET',
            maxHeaderSize: undefined,
            insecureHTTPParser: undefined,
            joinDuplicateHeaders: undefined,
            path: '/api/v0/market/1',
            _ended: true,
            res: [IncomingMessage],
            aborted: false,
            timeoutCb: null,
            upgradeOrConnect: false,
            parser: null,
            maxHeadersCount: null,
            reusedSocket: true,
            host: 'manifold.markets',
            protocol: 'https:',
            _redirectable: [Writable],
            [Symbol(shapeMode)]: false,
            [Symbol(kCapture)]: false,
            [Symbol(kBytesWritten)]: 0,
            [Symbol(kNeedDrain)]: false,
            [Symbol(corked)]: 0,
            [Symbol(kOutHeaders)]: [Object: null prototype],
            [Symbol(errored)]: null,
            [Symbol(kHighWaterMark)]: 16384,
            [Symbol(kRejectNonStandardBodyWrites)]: false,
            [Symbol(kUniqueHeaders)]: null
          },
          data: { message: 'Contract not found' }
        }
      }

    [0m [90m 61 |[39m     }))[33m;[39m
     [90m 62 |[39m   } [36mcatch[39m (error) {
    [31m[1m>[22m[39m[90m 63 |[39m     console[33m.[39merror([32m'Error updating Manifold prices:'[39m[33m,[39m error)[33m;[39m
     [90m    |[39m             [31m[1m^[22m[39m
     [90m 64 |[39m     [36mreturn[39m [][33m;[39m
     [90m 65 |[39m   }
     [90m 66 |[39m }[0m

      at src/services/manifoldService.ts:63:13
          at Generator.throw (<anonymous>)
      at rejected (src/services/manifoldService.ts:6:65)

    console.error
      Manifold API Error: Request failed with status code 404

    [0m [90m 27 |[39m   (response) [33m=>[39m response[33m,[39m
     [90m 28 |[39m   (error[33m:[39m [33mAxiosError[39m) [33m=>[39m {
    [31m[1m>[22m[39m[90m 29 |[39m     console[33m.[39merror([32m`Manifold API Error: ${error.message}`[39m)[33m;[39m
     [90m    |[39m             [31m[1m^[22m[39m
     [90m 30 |[39m     [36mif[39m (error[33m.[39mresponse) {
     [90m 31 |[39m       console[33m.[39merror([32m`Status: ${error.response.status}`[39m)[33m;[39m
     [90m 32 |[39m       console[33m.[39merror([32m`Data: ${JSON.stringify(error.response.data)}`[39m)[33m;[39m[0m

      at src/services/manifoldService.ts:29:13
      at Axios.request (node_modules/axios/lib/core/Axios.js:40:14)
          at async Promise.all (index 1)

    console.error
      Status: 404

    [0m [90m 29 |[39m     console[33m.[39merror([32m`Manifold API Error: ${error.message}`[39m)[33m;[39m
     [90m 30 |[39m     [36mif[39m (error[33m.[39mresponse) {
    [31m[1m>[22m[39m[90m 31 |[39m       console[33m.[39merror([32m`Status: ${error.response.status}`[39m)[33m;[39m
     [90m    |[39m               [31m[1m^[22m[39m
     [90m 32 |[39m       console[33m.[39merror([32m`Data: ${JSON.stringify(error.response.data)}`[39m)[33m;[39m
     [90m 33 |[39m     }
     [90m 34 |[39m     [36mreturn[39m [33mPromise[39m[33m.[39mreject(error)[33m;[39m[0m

      at src/services/manifoldService.ts:31:15
      at Axios.request (node_modules/axios/lib/core/Axios.js:40:14)
          at async Promise.all (index 1)

    console.error
      Data: {"message":"Contract not found"}

    [0m [90m 30 |[39m     [36mif[39m (error[33m.[39mresponse) {
     [90m 31 |[39m       console[33m.[39merror([32m`Status: ${error.response.status}`[39m)[33m;[39m
    [31m[1m>[22m[39m[90m 32 |[39m       console[33m.[39merror([32m`Data: ${JSON.stringify(error.response.data)}`[39m)[33m;[39m
     [90m    |[39m               [31m[1m^[22m[39m
     [90m 33 |[39m     }
     [90m 34 |[39m     [36mreturn[39m [33mPromise[39m[33m.[39mreject(error)[33m;[39m
     [90m 35 |[39m   }[0m

      at src/services/manifoldService.ts:32:15
      at Axios.request (node_modules/axios/lib/core/Axios.js:40:14)
          at async Promise.all (index 1)

    console.error
      Manifold API Error: Request failed with status code 404

    [0m [90m 27 |[39m   (response) [33m=>[39m response[33m,[39m
     [90m 28 |[39m   (error[33m:[39m [33mAxiosError[39m) [33m=>[39m {
    [31m[1m>[22m[39m[90m 29 |[39m     console[33m.[39merror([32m`Manifold API Error: ${error.message}`[39m)[33m;[39m
     [90m    |[39m             [31m[1m^[22m[39m
     [90m 30 |[39m     [36mif[39m (error[33m.[39mresponse) {
     [90m 31 |[39m       console[33m.[39merror([32m`Status: ${error.response.status}`[39m)[33m;[39m
     [90m 32 |[39m       console[33m.[39merror([32m`Data: ${JSON.stringify(error.response.data)}`[39m)[33m;[39m[0m

      at src/services/manifoldService.ts:29:13
      at Axios.request (node_modules/axios/lib/core/Axios.js:40:14)
          at async Promise.all (index 0)

    console.error
      Status: 404

    [0m [90m 29 |[39m     console[33m.[39merror([32m`Manifold API Error: ${error.message}`[39m)[33m;[39m
     [90m 30 |[39m     [36mif[39m (error[33m.[39mresponse) {
    [31m[1m>[22m[39m[90m 31 |[39m       console[33m.[39merror([32m`Status: ${error.response.status}`[39m)[33m;[39m
     [90m    |[39m               [31m[1m^[22m[39m
     [90m 32 |[39m       console[33m.[39merror([32m`Data: ${JSON.stringify(error.response.data)}`[39m)[33m;[39m
     [90m 33 |[39m     }
     [90m 34 |[39m     [36mreturn[39m [33mPromise[39m[33m.[39mreject(error)[33m;[39m[0m

      at src/services/manifoldService.ts:31:15
      at Axios.request (node_modules/axios/lib/core/Axios.js:40:14)
          at async Promise.all (index 0)

    console.error
      Data: {"message":"Contract not found"}

    [0m [90m 30 |[39m     [36mif[39m (error[33m.[39mresponse) {
     [90m 31 |[39m       console[33m.[39merror([32m`Status: ${error.response.status}`[39m)[33m;[39m
    [31m[1m>[22m[39m[90m 32 |[39m       console[33m.[39merror([32m`Data: ${JSON.stringify(error.response.data)}`[39m)[33m;[39m
     [90m    |[39m               [31m[1m^[22m[39m
     [90m 33 |[39m     }
     [90m 34 |[39m     [36mreturn[39m [33mPromise[39m[33m.[39mreject(error)[33m;[39m
     [90m 35 |[39m   }[0m

      at src/services/manifoldService.ts:32:15
      at Axios.request (node_modules/axios/lib/core/Axios.js:40:14)
          at async Promise.all (index 0)

    console.error
      Error updating Manifold prices: AxiosError {
        message: 'Request failed with status code 404',
        name: 'AxiosError',
        code: 'ERR_BAD_REQUEST',
        config: {
          transitional: {
            silentJSONParsing: true,
            forcedJSONParsing: true,
            clarifyTimeoutError: false
          },
          adapter: [ 'xhr', 'http', 'fetch' ],
          transformRequest: [ [Function: transformRequest] ],
          transformResponse: [ [Function: transformResponse] ],
          timeout: 0,
          xsrfCookieName: 'XSRF-TOKEN',
          xsrfHeaderName: 'X-XSRF-TOKEN',
          maxContentLength: -1,
          maxBodyLength: -1,
          env: { FormData: [Function], Blob: [class Blob] },
          validateStatus: [Function: validateStatus],
          headers: Object [AxiosHeaders] {
            Accept: 'application/json, text/plain, */*',
            'Content-Type': undefined,
            'User-Agent': 'axios/1.7.3',
            'Accept-Encoding': 'gzip, compress, deflate, br'
          },
          baseURL: 'https://manifold.markets/api/v0',
          method: 'get',
          url: '/market/1',
          'axios-retry': {
            retries: 3,
            retryCondition: [Function: retryCondition],
            retryDelay: [Function: exponentialDelay],
            shouldResetTimeout: false,
            onRetry: [Function: onRetry],
            onMaxRetryTimesExceeded: [Function: onMaxRetryTimesExceeded],
            validateResponse: null,
            retryCount: 0,
            lastRequestTime: 1724026646652
          },
          data: undefined
        },
        request: <ref *1> ClientRequest {
          _events: [Object: null prototype] {
            abort: [Function (anonymous)],
            aborted: [Function (anonymous)],
            connect: [Function (anonymous)],
            error: [Function (anonymous)],
            socket: [Function (anonymous)],
            timeout: [Function (anonymous)],
            finish: [Function: requestOnFinish]
          },
          _eventsCount: 7,
          _maxListeners: undefined,
          outputData: [],
          outputSize: 0,
          writable: true,
          destroyed: true,
          _last: true,
          chunkedEncoding: false,
          shouldKeepAlive: true,
          maxRequestsOnConnectionReached: false,
          _defaultKeepAlive: true,
          useChunkedEncodingByDefault: false,
          sendDate: false,
          _removedConnection: false,
          _removedContLen: false,
          _removedTE: false,
          strictContentLength: false,
          _contentLength: 0,
          _hasBody: true,
          _trailer: '',
          finished: true,
          _headerSent: true,
          _closed: true,
          socket: TLSSocket {
            _tlsOptions: [Object],
            _secureEstablished: true,
            _securePending: false,
            _newSessionPending: false,
            _controlReleased: true,
            secureConnecting: false,
            _SNICallback: null,
            servername: 'manifold.markets',
            alpnProtocol: false,
            authorized: true,
            authorizationError: null,
            encrypted: true,
            _events: [Object: null prototype],
            _eventsCount: 9,
            connecting: false,
            _hadError: false,
            _parent: null,
            _host: 'manifold.markets',
            _closeAfterHandlingError: false,
            _readableState: [ReadableState],
            _writableState: [WritableState],
            allowHalfOpen: false,
            _maxListeners: undefined,
            _sockname: null,
            _pendingData: null,
            _pendingEncoding: '',
            server: undefined,
            _server: null,
            ssl: [TLSWrap],
            _requestCert: true,
            _rejectUnauthorized: true,
            timeout: 5000,
            parser: null,
            _httpMessage: null,
            autoSelectFamilyAttemptedAddresses: [Array],
            [Symbol(alpncallback)]: null,
            [Symbol(res)]: [TLSWrap],
            [Symbol(verified)]: true,
            [Symbol(pendingSession)]: null,
            [Symbol(async_id_symbol)]: -1,
            [Symbol(kHandle)]: [TLSWrap],
            [Symbol(lastWriteQueueSize)]: 0,
            [Symbol(timeout)]: Timeout {
              _idleTimeout: 5000,
              _idlePrev: [TimersList],
              _idleNext: [Timeout],
              _idleStart: 7366,
              _onTimeout: [Function: bound ],
              _timerArgs: undefined,
              _repeat: null,
              _destroyed: false,
              [Symbol(refed)]: false,
              [Symbol(kHasPrimitive)]: false,
              [Symbol(asyncId)]: 470,
              [Symbol(triggerId)]: 468
            },
            [Symbol(kBuffer)]: null,
            [Symbol(kBufferCb)]: null,
            [Symbol(kBufferGen)]: null,
            [Symbol(shapeMode)]: true,
            [Symbol(kCapture)]: false,
            [Symbol(kSetNoDelay)]: false,
            [Symbol(kSetKeepAlive)]: true,
            [Symbol(kSetKeepAliveInitialDelay)]: 1,
            [Symbol(kBytesRead)]: 0,
            [Symbol(kBytesWritten)]: 0,
            [Symbol(connect-options)]: [Object]
          },
          _header: 'GET /api/v0/market/1 HTTP/1.1\r\n' +
            'Accept: application/json, text/plain, */*\r\n' +
            'User-Agent: axios/1.7.3\r\n' +
            'Accept-Encoding: gzip, compress, deflate, br\r\n' +
            'Host: manifold.markets\r\n' +
            'Connection: keep-alive\r\n' +
            '\r\n',
          _keepAliveTimeout: 0,
          _onPendingData: [Function: nop],
          agent: Agent {
            _events: [Object: null prototype],
            _eventsCount: 2,
            _maxListeners: undefined,
            defaultPort: 443,
            protocol: 'https:',
            options: [Object: null prototype],
            requests: [Object: null prototype] {},
            sockets: [Object: null prototype] {},
            freeSockets: [Object: null prototype],
            keepAliveMsecs: 1000,
            keepAlive: true,
            maxSockets: Infinity,
            maxFreeSockets: 256,
            scheduling: 'lifo',
            maxTotalSockets: Infinity,
            totalSocketCount: 2,
            maxCachedSessions: 100,
            _sessionCache: [Object],
            [Symbol(shapeMode)]: false,
            [Symbol(kCapture)]: false
          },
          socketPath: undefined,
          method: 'GET',
          maxHeaderSize: undefined,
          insecureHTTPParser: undefined,
          joinDuplicateHeaders: undefined,
          path: '/api/v0/market/1',
          _ended: true,
          res: IncomingMessage {
            _events: [Object],
            _readableState: [ReadableState],
            _maxListeners: undefined,
            socket: null,
            httpVersionMajor: 1,
            httpVersionMinor: 1,
            httpVersion: '1.1',
            complete: true,
            rawHeaders: [Array],
            rawTrailers: [],
            joinDuplicateHeaders: undefined,
            aborted: false,
            upgrade: false,
            url: '',
            method: null,
            statusCode: 404,
            statusMessage: 'Not Found',
            client: [TLSSocket],
            _consuming: true,
            _dumped: false,
            req: [Circular *1],
            _eventsCount: 4,
            responseUrl: 'https://manifold.markets/api/v0/market/1',
            redirects: [],
            [Symbol(shapeMode)]: true,
            [Symbol(kCapture)]: false,
            [Symbol(kHeaders)]: [Object],
            [Symbol(kHeadersCount)]: 24,
            [Symbol(kTrailers)]: null,
            [Symbol(kTrailersCount)]: 0
          },
          aborted: false,
          timeoutCb: null,
          upgradeOrConnect: false,
          parser: null,
          maxHeadersCount: null,
          reusedSocket: true,
          host: 'manifold.markets',
          protocol: 'https:',
          _redirectable: Writable {
            _events: [Object],
            _writableState: [WritableState],
            _maxListeners: undefined,
            _options: [Object],
            _ended: true,
            _ending: true,
            _redirectCount: 0,
            _redirects: [],
            _requestBodyLength: 0,
            _requestBodyBuffers: [],
            _eventsCount: 3,
            _onNativeResponse: [Function (anonymous)],
            _currentRequest: [Circular *1],
            _currentUrl: 'https://manifold.markets/api/v0/market/1',
            [Symbol(shapeMode)]: true,
            [Symbol(kCapture)]: false
          },
          [Symbol(shapeMode)]: false,
          [Symbol(kCapture)]: false,
          [Symbol(kBytesWritten)]: 0,
          [Symbol(kNeedDrain)]: false,
          [Symbol(corked)]: 0,
          [Symbol(kOutHeaders)]: [Object: null prototype] {
            accept: [Array],
            'user-agent': [Array],
            'accept-encoding': [Array],
            host: [Array]
          },
          [Symbol(errored)]: null,
          [Symbol(kHighWaterMark)]: 16384,
          [Symbol(kRejectNonStandardBodyWrites)]: false,
          [Symbol(kUniqueHeaders)]: null
        },
        response: {
          status: 404,
          statusText: 'Not Found',
          headers: Object [AxiosHeaders] {
            'access-control-allow-origin': '*',
            'cache-control': 'public, max-age=5, stale-while-revalidate=10',
            'content-type': 'application/json; charset=utf-8',
            date: 'Mon, 19 Aug 2024 00:17:26 GMT',
            etag: 'W/"20-I5bOqcj1PE2PmifAd7yt9YZ5osE"',
            server: 'Vercel',
            'strict-transport-security': 'max-age=63072000',
            via: '1.1 google',
            'x-powered-by': 'Express',
            'x-vercel-id': 'iad1::k77fz-1724026646785-ea6f94eac083',
            'transfer-encoding': 'chunked'
          },
          config: {
            transitional: [Object],
            adapter: [Array],
            transformRequest: [Array],
            transformResponse: [Array],
            timeout: 0,
            xsrfCookieName: 'XSRF-TOKEN',
            xsrfHeaderName: 'X-XSRF-TOKEN',
            maxContentLength: -1,
            maxBodyLength: -1,
            env: [Object],
            validateStatus: [Function: validateStatus],
            headers: [Object [AxiosHeaders]],
            baseURL: 'https://manifold.markets/api/v0',
            method: 'get',
            url: '/market/1',
            'axios-retry': [Object],
            data: undefined
          },
          request: <ref *1> ClientRequest {
            _events: [Object: null prototype],
            _eventsCount: 7,
            _maxListeners: undefined,
            outputData: [],
            outputSize: 0,
            writable: true,
            destroyed: true,
            _last: true,
            chunkedEncoding: false,
            shouldKeepAlive: true,
            maxRequestsOnConnectionReached: false,
            _defaultKeepAlive: true,
            useChunkedEncodingByDefault: false,
            sendDate: false,
            _removedConnection: false,
            _removedContLen: false,
            _removedTE: false,
            strictContentLength: false,
            _contentLength: 0,
            _hasBody: true,
            _trailer: '',
            finished: true,
            _headerSent: true,
            _closed: true,
            socket: [TLSSocket],
            _header: 'GET /api/v0/market/1 HTTP/1.1\r\n' +
              'Accept: application/json, text/plain, */*\r\n' +
              'User-Agent: axios/1.7.3\r\n' +
              'Accept-Encoding: gzip, compress, deflate, br\r\n' +
              'Host: manifold.markets\r\n' +
              'Connection: keep-alive\r\n' +
              '\r\n',
            _keepAliveTimeout: 0,
            _onPendingData: [Function: nop],
            agent: [Agent],
            socketPath: undefined,
            method: 'GET',
            maxHeaderSize: undefined,
            insecureHTTPParser: undefined,
            joinDuplicateHeaders: undefined,
            path: '/api/v0/market/1',
            _ended: true,
            res: [IncomingMessage],
            aborted: false,
            timeoutCb: null,
            upgradeOrConnect: false,
            parser: null,
            maxHeadersCount: null,
            reusedSocket: true,
            host: 'manifold.markets',
            protocol: 'https:',
            _redirectable: [Writable],
            [Symbol(shapeMode)]: false,
            [Symbol(kCapture)]: false,
            [Symbol(kBytesWritten)]: 0,
            [Symbol(kNeedDrain)]: false,
            [Symbol(corked)]: 0,
            [Symbol(kOutHeaders)]: [Object: null prototype],
            [Symbol(errored)]: null,
            [Symbol(kHighWaterMark)]: 16384,
            [Symbol(kRejectNonStandardBodyWrites)]: false,
            [Symbol(kUniqueHeaders)]: null
          },
          data: { message: 'Contract not found' }
        }
      }

    [0m [90m 61 |[39m     }))[33m;[39m
     [90m 62 |[39m   } [36mcatch[39m (error) {
    [31m[1m>[22m[39m[90m 63 |[39m     console[33m.[39merror([32m'Error updating Manifold prices:'[39m[33m,[39m error)[33m;[39m
     [90m    |[39m             [31m[1m^[22m[39m
     [90m 64 |[39m     [36mreturn[39m [][33m;[39m
     [90m 65 |[39m   }
     [90m 66 |[39m }[0m

      at src/services/manifoldService.ts:63:13
          at Generator.throw (<anonymous>)
      at rejected (src/services/manifoldService.ts:6:65)

    console.error
      Manifold API Error: Request failed with status code 404

    [0m [90m 27 |[39m   (response) [33m=>[39m response[33m,[39m
     [90m 28 |[39m   (error[33m:[39m [33mAxiosError[39m) [33m=>[39m {
    [31m[1m>[22m[39m[90m 29 |[39m     console[33m.[39merror([32m`Manifold API Error: ${error.message}`[39m)[33m;[39m
     [90m    |[39m             [31m[1m^[22m[39m
     [90m 30 |[39m     [36mif[39m (error[33m.[39mresponse) {
     [90m 31 |[39m       console[33m.[39merror([32m`Status: ${error.response.status}`[39m)[33m;[39m
     [90m 32 |[39m       console[33m.[39merror([32m`Data: ${JSON.stringify(error.response.data)}`[39m)[33m;[39m[0m

      at src/services/manifoldService.ts:29:13
      at Axios.request (node_modules/axios/lib/core/Axios.js:40:14)

    console.error
      Status: 404

    [0m [90m 29 |[39m     console[33m.[39merror([32m`Manifold API Error: ${error.message}`[39m)[33m;[39m
     [90m 30 |[39m     [36mif[39m (error[33m.[39mresponse) {
    [31m[1m>[22m[39m[90m 31 |[39m       console[33m.[39merror([32m`Status: ${error.response.status}`[39m)[33m;[39m
     [90m    |[39m               [31m[1m^[22m[39m
     [90m 32 |[39m       console[33m.[39merror([32m`Data: ${JSON.stringify(error.response.data)}`[39m)[33m;[39m
     [90m 33 |[39m     }
     [90m 34 |[39m     [36mreturn[39m [33mPromise[39m[33m.[39mreject(error)[33m;[39m[0m

      at src/services/manifoldService.ts:31:15
      at Axios.request (node_modules/axios/lib/core/Axios.js:40:14)

    console.error
      Data: {"message":"Contract not found"}

    [0m [90m 30 |[39m     [36mif[39m (error[33m.[39mresponse) {
     [90m 31 |[39m       console[33m.[39merror([32m`Status: ${error.response.status}`[39m)[33m;[39m
    [31m[1m>[22m[39m[90m 32 |[39m       console[33m.[39merror([32m`Data: ${JSON.stringify(error.response.data)}`[39m)[33m;[39m
     [90m    |[39m               [31m[1m^[22m[39m
     [90m 33 |[39m     }
     [90m 34 |[39m     [36mreturn[39m [33mPromise[39m[33m.[39mreject(error)[33m;[39m
     [90m 35 |[39m   }[0m

      at src/services/manifoldService.ts:32:15
      at Axios.request (node_modules/axios/lib/core/Axios.js:40:14)

    console.error
      Error fetching price from Manifold: AxiosError {
        message: 'Request failed with status code 404',
        name: 'AxiosError',
        code: 'ERR_BAD_REQUEST',
        config: {
          transitional: {
            silentJSONParsing: true,
            forcedJSONParsing: true,
            clarifyTimeoutError: false
          },
          adapter: [ 'xhr', 'http', 'fetch' ],
          transformRequest: [ [Function: transformRequest] ],
          transformResponse: [ [Function: transformResponse] ],
          timeout: 0,
          xsrfCookieName: 'XSRF-TOKEN',
          xsrfHeaderName: 'X-XSRF-TOKEN',
          maxContentLength: -1,
          maxBodyLength: -1,
          env: { FormData: [Function], Blob: [class Blob] },
          validateStatus: [Function: validateStatus],
          headers: Object [AxiosHeaders] {
            Accept: 'application/json, text/plain, */*',
            'Content-Type': undefined,
            'User-Agent': 'axios/1.7.3',
            'Accept-Encoding': 'gzip, compress, deflate, br'
          },
          baseURL: 'https://manifold.markets/api/v0',
          method: 'get',
          url: '/market/1',
          'axios-retry': {
            retries: 3,
            retryCondition: [Function: retryCondition],
            retryDelay: [Function: exponentialDelay],
            shouldResetTimeout: false,
            onRetry: [Function: onRetry],
            onMaxRetryTimesExceeded: [Function: onMaxRetryTimesExceeded],
            validateResponse: null,
            retryCount: 0,
            lastRequestTime: 1724026646823
          },
          data: undefined
        },
        request: <ref *1> ClientRequest {
          _events: [Object: null prototype] {
            abort: [Function (anonymous)],
            aborted: [Function (anonymous)],
            connect: [Function (anonymous)],
            error: [Function (anonymous)],
            socket: [Function (anonymous)],
            timeout: [Function (anonymous)],
            finish: [Function: requestOnFinish]
          },
          _eventsCount: 7,
          _maxListeners: undefined,
          outputData: [],
          outputSize: 0,
          writable: true,
          destroyed: true,
          _last: true,
          chunkedEncoding: false,
          shouldKeepAlive: true,
          maxRequestsOnConnectionReached: false,
          _defaultKeepAlive: true,
          useChunkedEncodingByDefault: false,
          sendDate: false,
          _removedConnection: false,
          _removedContLen: false,
          _removedTE: false,
          strictContentLength: false,
          _contentLength: 0,
          _hasBody: true,
          _trailer: '',
          finished: true,
          _headerSent: true,
          _closed: true,
          socket: TLSSocket {
            _tlsOptions: [Object],
            _secureEstablished: true,
            _securePending: false,
            _newSessionPending: false,
            _controlReleased: true,
            secureConnecting: false,
            _SNICallback: null,
            servername: 'manifold.markets',
            alpnProtocol: false,
            authorized: true,
            authorizationError: null,
            encrypted: true,
            _events: [Object: null prototype],
            _eventsCount: 9,
            connecting: false,
            _hadError: false,
            _parent: null,
            _host: 'manifold.markets',
            _closeAfterHandlingError: false,
            _readableState: [ReadableState],
            _writableState: [WritableState],
            allowHalfOpen: false,
            _maxListeners: undefined,
            _sockname: null,
            _pendingData: null,
            _pendingEncoding: '',
            server: undefined,
            _server: null,
            ssl: [TLSWrap],
            _requestCert: true,
            _rejectUnauthorized: true,
            timeout: 5000,
            parser: null,
            _httpMessage: null,
            autoSelectFamilyAttemptedAddresses: [Array],
            [Symbol(alpncallback)]: null,
            [Symbol(res)]: [TLSWrap],
            [Symbol(verified)]: true,
            [Symbol(pendingSession)]: null,
            [Symbol(async_id_symbol)]: -1,
            [Symbol(kHandle)]: [TLSWrap],
            [Symbol(lastWriteQueueSize)]: 0,
            [Symbol(timeout)]: Timeout {
              _idleTimeout: 5000,
              _idlePrev: [TimersList],
              _idleNext: [Timeout],
              _idleStart: 7459,
              _onTimeout: [Function: bound ],
              _timerArgs: undefined,
              _repeat: null,
              _destroyed: false,
              [Symbol(refed)]: false,
              [Symbol(kHasPrimitive)]: false,
              [Symbol(asyncId)]: 496,
              [Symbol(triggerId)]: 494
            },
            [Symbol(kBuffer)]: null,
            [Symbol(kBufferCb)]: null,
            [Symbol(kBufferGen)]: null,
            [Symbol(shapeMode)]: true,
            [Symbol(kCapture)]: false,
            [Symbol(kSetNoDelay)]: false,
            [Symbol(kSetKeepAlive)]: true,
            [Symbol(kSetKeepAliveInitialDelay)]: 1,
            [Symbol(kBytesRead)]: 0,
            [Symbol(kBytesWritten)]: 0,
            [Symbol(connect-options)]: [Object]
          },
          _header: 'GET /api/v0/market/1 HTTP/1.1\r\n' +
            'Accept: application/json, text/plain, */*\r\n' +
            'User-Agent: axios/1.7.3\r\n' +
            'Accept-Encoding: gzip, compress, deflate, br\r\n' +
            'Host: manifold.markets\r\n' +
            'Connection: keep-alive\r\n' +
            '\r\n',
          _keepAliveTimeout: 0,
          _onPendingData: [Function: nop],
          agent: Agent {
            _events: [Object: null prototype],
            _eventsCount: 2,
            _maxListeners: undefined,
            defaultPort: 443,
            protocol: 'https:',
            options: [Object: null prototype],
            requests: [Object: null prototype] {},
            sockets: [Object: null prototype] {},
            freeSockets: [Object: null prototype],
            keepAliveMsecs: 1000,
            keepAlive: true,
            maxSockets: Infinity,
            maxFreeSockets: 256,
            scheduling: 'lifo',
            maxTotalSockets: Infinity,
            totalSocketCount: 2,
            maxCachedSessions: 100,
            _sessionCache: [Object],
            [Symbol(shapeMode)]: false,
            [Symbol(kCapture)]: false
          },
          socketPath: undefined,
          method: 'GET',
          maxHeaderSize: undefined,
          insecureHTTPParser: undefined,
          joinDuplicateHeaders: undefined,
          path: '/api/v0/market/1',
          _ended: true,
          res: IncomingMessage {
            _events: [Object],
            _readableState: [ReadableState],
            _maxListeners: undefined,
            socket: null,
            httpVersionMajor: 1,
            httpVersionMinor: 1,
            httpVersion: '1.1',
            complete: true,
            rawHeaders: [Array],
            rawTrailers: [],
            joinDuplicateHeaders: undefined,
            aborted: false,
            upgrade: false,
            url: '',
            method: null,
            statusCode: 404,
            statusMessage: 'Not Found',
            client: [TLSSocket],
            _consuming: true,
            _dumped: false,
            req: [Circular *1],
            _eventsCount: 4,
            responseUrl: 'https://manifold.markets/api/v0/market/1',
            redirects: [],
            [Symbol(shapeMode)]: true,
            [Symbol(kCapture)]: false,
            [Symbol(kHeaders)]: [Object],
            [Symbol(kHeadersCount)]: 24,
            [Symbol(kTrailers)]: null,
            [Symbol(kTrailersCount)]: 0
          },
          aborted: false,
          timeoutCb: null,
          upgradeOrConnect: false,
          parser: null,
          maxHeadersCount: null,
          reusedSocket: true,
          host: 'manifold.markets',
          protocol: 'https:',
          _redirectable: Writable {
            _events: [Object],
            _writableState: [WritableState],
            _maxListeners: undefined,
            _options: [Object],
            _ended: true,
            _ending: true,
            _redirectCount: 0,
            _redirects: [],
            _requestBodyLength: 0,
            _requestBodyBuffers: [],
            _eventsCount: 3,
            _onNativeResponse: [Function (anonymous)],
            _currentRequest: [Circular *1],
            _currentUrl: 'https://manifold.markets/api/v0/market/1',
            [Symbol(shapeMode)]: true,
            [Symbol(kCapture)]: false
          },
          [Symbol(shapeMode)]: false,
          [Symbol(kCapture)]: false,
          [Symbol(kBytesWritten)]: 0,
          [Symbol(kNeedDrain)]: false,
          [Symbol(corked)]: 0,
          [Symbol(kOutHeaders)]: [Object: null prototype] {
            accept: [Array],
            'user-agent': [Array],
            'accept-encoding': [Array],
            host: [Array]
          },
          [Symbol(errored)]: null,
          [Symbol(kHighWaterMark)]: 16384,
          [Symbol(kRejectNonStandardBodyWrites)]: false,
          [Symbol(kUniqueHeaders)]: null
        },
        response: {
          status: 404,
          statusText: 'Not Found',
          headers: Object [AxiosHeaders] {
            'access-control-allow-origin': '*',
            'cache-control': 'public, max-age=5, stale-while-revalidate=10',
            'content-type': 'application/json; charset=utf-8',
            date: 'Mon, 19 Aug 2024 00:17:27 GMT',
            etag: 'W/"20-I5bOqcj1PE2PmifAd7yt9YZ5osE"',
            server: 'Vercel',
            'strict-transport-security': 'max-age=63072000',
            via: '1.1 google',
            'x-powered-by': 'Express',
            'x-vercel-id': 'iad1::k77fz-1724026646955-d14b564e0161',
            'transfer-encoding': 'chunked'
          },
          config: {
            transitional: [Object],
            adapter: [Array],
            transformRequest: [Array],
            transformResponse: [Array],
            timeout: 0,
            xsrfCookieName: 'XSRF-TOKEN',
            xsrfHeaderName: 'X-XSRF-TOKEN',
            maxContentLength: -1,
            maxBodyLength: -1,
            env: [Object],
            validateStatus: [Function: validateStatus],
            headers: [Object [AxiosHeaders]],
            baseURL: 'https://manifold.markets/api/v0',
            method: 'get',
            url: '/market/1',
            'axios-retry': [Object],
            data: undefined
          },
          request: <ref *1> ClientRequest {
            _events: [Object: null prototype],
            _eventsCount: 7,
            _maxListeners: undefined,
            outputData: [],
            outputSize: 0,
            writable: true,
            destroyed: true,
            _last: true,
            chunkedEncoding: false,
            shouldKeepAlive: true,
            maxRequestsOnConnectionReached: false,
            _defaultKeepAlive: true,
            useChunkedEncodingByDefault: false,
            sendDate: false,
            _removedConnection: false,
            _removedContLen: false,
            _removedTE: false,
            strictContentLength: false,
            _contentLength: 0,
            _hasBody: true,
            _trailer: '',
            finished: true,
            _headerSent: true,
            _closed: true,
            socket: [TLSSocket],
            _header: 'GET /api/v0/market/1 HTTP/1.1\r\n' +
              'Accept: application/json, text/plain, */*\r\n' +
              'User-Agent: axios/1.7.3\r\n' +
              'Accept-Encoding: gzip, compress, deflate, br\r\n' +
              'Host: manifold.markets\r\n' +
              'Connection: keep-alive\r\n' +
              '\r\n',
            _keepAliveTimeout: 0,
            _onPendingData: [Function: nop],
            agent: [Agent],
            socketPath: undefined,
            method: 'GET',
            maxHeaderSize: undefined,
            insecureHTTPParser: undefined,
            joinDuplicateHeaders: undefined,
            path: '/api/v0/market/1',
            _ended: true,
            res: [IncomingMessage],
            aborted: false,
            timeoutCb: null,
            upgradeOrConnect: false,
            parser: null,
            maxHeadersCount: null,
            reusedSocket: true,
            host: 'manifold.markets',
            protocol: 'https:',
            _redirectable: [Writable],
            [Symbol(shapeMode)]: false,
            [Symbol(kCapture)]: false,
            [Symbol(kBytesWritten)]: 0,
            [Symbol(kNeedDrain)]: false,
            [Symbol(corked)]: 0,
            [Symbol(kOutHeaders)]: [Object: null prototype],
            [Symbol(errored)]: null,
            [Symbol(kHighWaterMark)]: 16384,
            [Symbol(kRejectNonStandardBodyWrites)]: false,
            [Symbol(kUniqueHeaders)]: null
          },
          data: { message: 'Contract not found' }
        }
      }

    [0m [90m 74 |[39m     [36mreturn[39m [36mnull[39m[33m;[39m
     [90m 75 |[39m   } [36mcatch[39m (error) {
    [31m[1m>[22m[39m[90m 76 |[39m     console[33m.[39merror([32m'Error fetching price from Manifold:'[39m[33m,[39m error)[33m;[39m
     [90m    |[39m             [31m[1m^[22m[39m
     [90m 77 |[39m     [36mreturn[39m [36mnull[39m[33m;[39m
     [90m 78 |[39m   }
     [90m 79 |[39m }[33m;[39m[0m

      at src/services/manifoldService.ts:76:13
          at Generator.throw (<anonymous>)
      at rejected (src/services/manifoldService.ts:6:65)

    console.error
      Manifold API Error: Request failed with status code 404

    [0m [90m 27 |[39m   (response) [33m=>[39m response[33m,[39m
     [90m 28 |[39m   (error[33m:[39m [33mAxiosError[39m) [33m=>[39m {
    [31m[1m>[22m[39m[90m 29 |[39m     console[33m.[39merror([32m`Manifold API Error: ${error.message}`[39m)[33m;[39m
     [90m    |[39m             [31m[1m^[22m[39m
     [90m 30 |[39m     [36mif[39m (error[33m.[39mresponse) {
     [90m 31 |[39m       console[33m.[39merror([32m`Status: ${error.response.status}`[39m)[33m;[39m
     [90m 32 |[39m       console[33m.[39merror([32m`Data: ${JSON.stringify(error.response.data)}`[39m)[33m;[39m[0m

      at src/services/manifoldService.ts:29:13
      at Axios.request (node_modules/axios/lib/core/Axios.js:40:14)

    console.error
      Status: 404

    [0m [90m 29 |[39m     console[33m.[39merror([32m`Manifold API Error: ${error.message}`[39m)[33m;[39m
     [90m 30 |[39m     [36mif[39m (error[33m.[39mresponse) {
    [31m[1m>[22m[39m[90m 31 |[39m       console[33m.[39merror([32m`Status: ${error.response.status}`[39m)[33m;[39m
     [90m    |[39m               [31m[1m^[22m[39m
     [90m 32 |[39m       console[33m.[39merror([32m`Data: ${JSON.stringify(error.response.data)}`[39m)[33m;[39m
     [90m 33 |[39m     }
     [90m 34 |[39m     [36mreturn[39m [33mPromise[39m[33m.[39mreject(error)[33m;[39m[0m

      at src/services/manifoldService.ts:31:15
      at Axios.request (node_modules/axios/lib/core/Axios.js:40:14)

    console.error
      Data: {"message":"Contract not found"}

    [0m [90m 30 |[39m     [36mif[39m (error[33m.[39mresponse) {
     [90m 31 |[39m       console[33m.[39merror([32m`Status: ${error.response.status}`[39m)[33m;[39m
    [31m[1m>[22m[39m[90m 32 |[39m       console[33m.[39merror([32m`Data: ${JSON.stringify(error.response.data)}`[39m)[33m;[39m
     [90m    |[39m               [31m[1m^[22m[39m
     [90m 33 |[39m     }
     [90m 34 |[39m     [36mreturn[39m [33mPromise[39m[33m.[39mreject(error)[33m;[39m
     [90m 35 |[39m   }[0m

      at src/services/manifoldService.ts:32:15
      at Axios.request (node_modules/axios/lib/core/Axios.js:40:14)

    console.error
      Error fetching price from Manifold: AxiosError {
        message: 'Request failed with status code 404',
        name: 'AxiosError',
        code: 'ERR_BAD_REQUEST',
        config: {
          transitional: {
            silentJSONParsing: true,
            forcedJSONParsing: true,
            clarifyTimeoutError: false
          },
          adapter: [ 'xhr', 'http', 'fetch' ],
          transformRequest: [ [Function: transformRequest] ],
          transformResponse: [ [Function: transformResponse] ],
          timeout: 0,
          xsrfCookieName: 'XSRF-TOKEN',
          xsrfHeaderName: 'X-XSRF-TOKEN',
          maxContentLength: -1,
          maxBodyLength: -1,
          env: { FormData: [Function], Blob: [class Blob] },
          validateStatus: [Function: validateStatus],
          headers: Object [AxiosHeaders] {
            Accept: 'application/json, text/plain, */*',
            'Content-Type': undefined,
            'User-Agent': 'axios/1.7.3',
            'Accept-Encoding': 'gzip, compress, deflate, br'
          },
          baseURL: 'https://manifold.markets/api/v0',
          method: 'get',
          url: '/market/1',
          'axios-retry': {
            retries: 3,
            retryCondition: [Function: retryCondition],
            retryDelay: [Function: exponentialDelay],
            shouldResetTimeout: false,
            onRetry: [Function: onRetry],
            onMaxRetryTimesExceeded: [Function: onMaxRetryTimesExceeded],
            validateResponse: null,
            retryCount: 0,
            lastRequestTime: 1724026646917
          },
          data: undefined
        },
        request: <ref *1> ClientRequest {
          _events: [Object: null prototype] {
            abort: [Function (anonymous)],
            aborted: [Function (anonymous)],
            connect: [Function (anonymous)],
            error: [Function (anonymous)],
            socket: [Function (anonymous)],
            timeout: [Function (anonymous)],
            finish: [Function: requestOnFinish]
          },
          _eventsCount: 7,
          _maxListeners: undefined,
          outputData: [],
          outputSize: 0,
          writable: true,
          destroyed: true,
          _last: true,
          chunkedEncoding: false,
          shouldKeepAlive: true,
          maxRequestsOnConnectionReached: false,
          _defaultKeepAlive: true,
          useChunkedEncodingByDefault: false,
          sendDate: false,
          _removedConnection: false,
          _removedContLen: false,
          _removedTE: false,
          strictContentLength: false,
          _contentLength: 0,
          _hasBody: true,
          _trailer: '',
          finished: true,
          _headerSent: true,
          _closed: true,
          socket: TLSSocket {
            _tlsOptions: [Object],
            _secureEstablished: true,
            _securePending: false,
            _newSessionPending: false,
            _controlReleased: true,
            secureConnecting: false,
            _SNICallback: null,
            servername: 'manifold.markets',
            alpnProtocol: false,
            authorized: true,
            authorizationError: null,
            encrypted: true,
            _events: [Object: null prototype],
            _eventsCount: 9,
            connecting: false,
            _hadError: false,
            _parent: null,
            _host: 'manifold.markets',
            _closeAfterHandlingError: false,
            _readableState: [ReadableState],
            _writableState: [WritableState],
            allowHalfOpen: false,
            _maxListeners: undefined,
            _sockname: null,
            _pendingData: null,
            _pendingEncoding: '',
            server: undefined,
            _server: null,
            ssl: [TLSWrap],
            _requestCert: true,
            _rejectUnauthorized: true,
            timeout: 5000,
            parser: null,
            _httpMessage: null,
            autoSelectFamilyAttemptedAddresses: [Array],
            [Symbol(alpncallback)]: null,
            [Symbol(res)]: [TLSWrap],
            [Symbol(verified)]: true,
            [Symbol(pendingSession)]: null,
            [Symbol(async_id_symbol)]: -1,
            [Symbol(kHandle)]: [TLSWrap],
            [Symbol(lastWriteQueueSize)]: 0,
            [Symbol(timeout)]: Timeout {
              _idleTimeout: 5000,
              _idlePrev: [TimersList],
              _idleNext: [Timeout],
              _idleStart: 7585,
              _onTimeout: [Function: bound ],
              _timerArgs: undefined,
              _repeat: null,
              _destroyed: false,
              [Symbol(refed)]: false,
              [Symbol(kHasPrimitive)]: false,
              [Symbol(asyncId)]: 524,
              [Symbol(triggerId)]: 522
            },
            [Symbol(kBuffer)]: null,
            [Symbol(kBufferCb)]: null,
            [Symbol(kBufferGen)]: null,
            [Symbol(shapeMode)]: true,
            [Symbol(kCapture)]: false,
            [Symbol(kSetNoDelay)]: false,
            [Symbol(kSetKeepAlive)]: true,
            [Symbol(kSetKeepAliveInitialDelay)]: 1,
            [Symbol(kBytesRead)]: 0,
            [Symbol(kBytesWritten)]: 0,
            [Symbol(connect-options)]: [Object]
          },
          _header: 'GET /api/v0/market/1 HTTP/1.1\r\n' +
            'Accept: application/json, text/plain, */*\r\n' +
            'User-Agent: axios/1.7.3\r\n' +
            'Accept-Encoding: gzip, compress, deflate, br\r\n' +
            'Host: manifold.markets\r\n' +
            'Connection: keep-alive\r\n' +
            '\r\n',
          _keepAliveTimeout: 0,
          _onPendingData: [Function: nop],
          agent: Agent {
            _events: [Object: null prototype],
            _eventsCount: 2,
            _maxListeners: undefined,
            defaultPort: 443,
            protocol: 'https:',
            options: [Object: null prototype],
            requests: [Object: null prototype] {},
            sockets: [Object: null prototype] {},
            freeSockets: [Object: null prototype],
            keepAliveMsecs: 1000,
            keepAlive: true,
            maxSockets: Infinity,
            maxFreeSockets: 256,
            scheduling: 'lifo',
            maxTotalSockets: Infinity,
            totalSocketCount: 2,
            maxCachedSessions: 100,
            _sessionCache: [Object],
            [Symbol(shapeMode)]: false,
            [Symbol(kCapture)]: false
          },
          socketPath: undefined,
          method: 'GET',
          maxHeaderSize: undefined,
          insecureHTTPParser: undefined,
          joinDuplicateHeaders: undefined,
          path: '/api/v0/market/1',
          _ended: true,
          res: IncomingMessage {
            _events: [Object],
            _readableState: [ReadableState],
            _maxListeners: undefined,
            socket: null,
            httpVersionMajor: 1,
            httpVersionMinor: 1,
            httpVersion: '1.1',
            complete: true,
            rawHeaders: [Array],
            rawTrailers: [],
            joinDuplicateHeaders: undefined,
            aborted: false,
            upgrade: false,
            url: '',
            method: null,
            statusCode: 404,
            statusMessage: 'Not Found',
            client: [TLSSocket],
            _consuming: true,
            _dumped: false,
            req: [Circular *1],
            _eventsCount: 4,
            responseUrl: 'https://manifold.markets/api/v0/market/1',
            redirects: [],
            [Symbol(shapeMode)]: true,
            [Symbol(kCapture)]: false,
            [Symbol(kHeaders)]: [Object],
            [Symbol(kHeadersCount)]: 24,
            [Symbol(kTrailers)]: null,
            [Symbol(kTrailersCount)]: 0
          },
          aborted: false,
          timeoutCb: null,
          upgradeOrConnect: false,
          parser: null,
          maxHeadersCount: null,
          reusedSocket: true,
          host: 'manifold.markets',
          protocol: 'https:',
          _redirectable: Writable {
            _events: [Object],
            _writableState: [WritableState],
            _maxListeners: undefined,
            _options: [Object],
            _ended: true,
            _ending: true,
            _redirectCount: 0,
            _redirects: [],
            _requestBodyLength: 0,
            _requestBodyBuffers: [],
            _eventsCount: 3,
            _onNativeResponse: [Function (anonymous)],
            _currentRequest: [Circular *1],
            _currentUrl: 'https://manifold.markets/api/v0/market/1',
            [Symbol(shapeMode)]: true,
            [Symbol(kCapture)]: false
          },
          [Symbol(shapeMode)]: false,
          [Symbol(kCapture)]: false,
          [Symbol(kBytesWritten)]: 0,
          [Symbol(kNeedDrain)]: false,
          [Symbol(corked)]: 0,
          [Symbol(kOutHeaders)]: [Object: null prototype] {
            accept: [Array],
            'user-agent': [Array],
            'accept-encoding': [Array],
            host: [Array]
          },
          [Symbol(errored)]: null,
          [Symbol(kHighWaterMark)]: 16384,
          [Symbol(kRejectNonStandardBodyWrites)]: false,
          [Symbol(kUniqueHeaders)]: null
        },
        response: {
          status: 404,
          statusText: 'Not Found',
          headers: Object [AxiosHeaders] {
            'access-control-allow-origin': '*',
            'cache-control': 'public, max-age=5, stale-while-revalidate=10',
            'content-type': 'application/json; charset=utf-8',
            date: 'Mon, 19 Aug 2024 00:17:27 GMT',
            etag: 'W/"20-I5bOqcj1PE2PmifAd7yt9YZ5osE"',
            server: 'Vercel',
            'strict-transport-security': 'max-age=63072000',
            via: '1.1 google',
            'x-powered-by': 'Express',
            'x-vercel-id': 'iad1::k77fz-1724026647047-8c162e92a8bc',
            'transfer-encoding': 'chunked'
          },
          config: {
            transitional: [Object],
            adapter: [Array],
            transformRequest: [Array],
            transformResponse: [Array],
            timeout: 0,
            xsrfCookieName: 'XSRF-TOKEN',
            xsrfHeaderName: 'X-XSRF-TOKEN',
            maxContentLength: -1,
            maxBodyLength: -1,
            env: [Object],
            validateStatus: [Function: validateStatus],
            headers: [Object [AxiosHeaders]],
            baseURL: 'https://manifold.markets/api/v0',
            method: 'get',
            url: '/market/1',
            'axios-retry': [Object],
            data: undefined
          },
          request: <ref *1> ClientRequest {
            _events: [Object: null prototype],
            _eventsCount: 7,
            _maxListeners: undefined,
            outputData: [],
            outputSize: 0,
            writable: true,
            destroyed: true,
            _last: true,
            chunkedEncoding: false,
            shouldKeepAlive: true,
            maxRequestsOnConnectionReached: false,
            _defaultKeepAlive: true,
            useChunkedEncodingByDefault: false,
            sendDate: false,
            _removedConnection: false,
            _removedContLen: false,
            _removedTE: false,
            strictContentLength: false,
            _contentLength: 0,
            _hasBody: true,
            _trailer: '',
            finished: true,
            _headerSent: true,
            _closed: true,
            socket: [TLSSocket],
            _header: 'GET /api/v0/market/1 HTTP/1.1\r\n' +
              'Accept: application/json, text/plain, */*\r\n' +
              'User-Agent: axios/1.7.3\r\n' +
              'Accept-Encoding: gzip, compress, deflate, br\r\n' +
              'Host: manifold.markets\r\n' +
              'Connection: keep-alive\r\n' +
              '\r\n',
            _keepAliveTimeout: 0,
            _onPendingData: [Function: nop],
            agent: [Agent],
            socketPath: undefined,
            method: 'GET',
            maxHeaderSize: undefined,
            insecureHTTPParser: undefined,
            joinDuplicateHeaders: undefined,
            path: '/api/v0/market/1',
            _ended: true,
            res: [IncomingMessage],
            aborted: false,
            timeoutCb: null,
            upgradeOrConnect: false,
            parser: null,
            maxHeadersCount: null,
            reusedSocket: true,
            host: 'manifold.markets',
            protocol: 'https:',
            _redirectable: [Writable],
            [Symbol(shapeMode)]: false,
            [Symbol(kCapture)]: false,
            [Symbol(kBytesWritten)]: 0,
            [Symbol(kNeedDrain)]: false,
            [Symbol(corked)]: 0,
            [Symbol(kOutHeaders)]: [Object: null prototype],
            [Symbol(errored)]: null,
            [Symbol(kHighWaterMark)]: 16384,
            [Symbol(kRejectNonStandardBodyWrites)]: false,
            [Symbol(kUniqueHeaders)]: null
          },
          data: { message: 'Contract not found' }
        }
      }

    [0m [90m 74 |[39m     [36mreturn[39m [36mnull[39m[33m;[39m
     [90m 75 |[39m   } [36mcatch[39m (error) {
    [31m[1m>[22m[39m[90m 76 |[39m     console[33m.[39merror([32m'Error fetching price from Manifold:'[39m[33m,[39m error)[33m;[39m
     [90m    |[39m             [31m[1m^[22m[39m
     [90m 77 |[39m     [36mreturn[39m [36mnull[39m[33m;[39m
     [90m 78 |[39m   }
     [90m 79 |[39m }[33m;[39m[0m

      at src/services/manifoldService.ts:76:13
          at Generator.throw (<anonymous>)
      at rejected (src/services/manifoldService.ts:6:65)

  ΓùÅ Manifold Service ΓÇ║ discoverManifoldContracts ΓÇ║ should discover Manifold contracts

    expect(received).toEqual(expected) // deep equality

    - Expected  -    5
    + Received  + 2495

      Array [
        Object {
    -     "id": "1",
    +     "id": "will-bitcoin-be-worth-more-than-600",
    +     "probability": 0.0867948537019499,
    +     "question": "Will Bitcoin be worth more than $60,000 on Jan 1, 2022 at 12 am ET?",
    +   },
    +   Object {
    +     "id": "will-the-warriors-win-the-2022-nba-",
    +     "probability": 0.25445556640624994,
    +     "question": "Will the Warriors win the 2022 NBA Finals?",
    +   },
    +   Object {
    +     "id": "will-there-be-at-least-three-deaths",
    +     "probability": 0.09846922663537425,
    +     "question": "Will there be at least three deaths from a conflict between Russia and Ukraine before 2022?",
    +   },
    +   Object {
    +     "id": "6TbreIR2iqm1LICfb7bu",
    +     "probability": 0.9397639921649044,
    +     "question": "Will 100 people have signed up for Mantic Markets by Feb 1, 2022?",
    +   },
    +   Object {
    +     "id": "2q2Us2NKQeVJA68k7eVZ",
    +     "probability": 0.012986892687760678,
    +     "question": "Will Manifold Markets have over $1M in revenue by Jan 1st, 2023?",
    +   },
    +   Object {
    +     "id": "rDzDMwRWMgqn3oHxsjDH",
    +     "probability": 0.015704411522336002,
    +     "question": "Will Solana have a higher market cap than Ethereum before the end of 2022?",
    +   },
    +   Object {
    +     "id": "TMN0TMy5zNrhxHpes2FC",
    +     "probability": 0.5464852607709751,
    +     "question": "Test resolve",
    +   },
    +   Object {
    +     "id": "aIow1jyYUda2UVtPkGAc",
    +     "probability": 0.9728069481742935,
    +     "question": "Will Mantic Markets have 5 paying users by Feb 01, 2022?",
    +   },
    +   Object {
    +     "id": "HvJgZ08pKfHgxHyI4OyG",
          "probability": 0.5,
    -     "question": "Question 1",
    +     "question": "Test n/a",
    +   },
    +   Object {
    +     "id": "qXvdgG2bJ2HeggKEo072",
    +     "probability": 0.9075504278760665,
    +     "question": "Will the Mantic Markets Discord be a full community by Feb 01, 2022?",
    +   },
    +   Object {
    +     "id": "CUB66MSEU5EzjcezCak4",
    +     "probability": 0.8521116780045351,
    +     "question": "Will 3 or more prominent creators have created Mantic markets by Jan 16, 2022?",
    +   },
    +   Object {
    +     "id": "8uRz34QZsgxKqE0frbIM",
    +     "probability": 0.9916666666666667,
    +     "question": "#FuturePerfect2021 Trump will uneventfully leave office on January 20",
    +   },
    +   Object {
    +     "id": "533WxlfLZZH5TAviOX1H",
    +     "probability": 0.6999999999999998,
    +     "question": "#FuturePerfect2021 Biden will have a treasury secretary, secretary of state, defense secretary, and attorney general confirmed by the end of the year",
    +   },
    +   Object {
    +     "id": "MahEAccGQhlN4gDqNG7a",
    +     "probability": 0.3999999999999997,
    +     "question": "At least one US state will have an abortion ban currently blocked by the courts go into effect #FuturePerfect2021",
    +   },
    +   Object {
    +     "id": "MunaJKuJ5SVjef3mrDv7",
    +     "probability": 0.858906525573192,
    +     "question": "No one in TrumpΓÇÖs immediate family will be indicted #FuturePerfect2021",
    +   },
    +   Object {
    +     "id": "Q1SQ7gEQ7A5KNWMNUcgr",
    +     "probability": 0.9345252150446955,
    +     "question": "Trump approval rating by yearΓÇÖs end will be in the 40 to 45 percent range #FuturePerfect2021",
    +   },
    +   Object {
    +     "id": "sk77vMIfVWjeA1DiY5K7",
    +     "probability": 0.29136316337148804,
    +     "question": "The US unemployment rate will stay above 5 percent through November #FuturePerfect2021",
    +   },
    +   Object {
    +     "id": "rsa2p7xlmbbW8BKyDAte",
    +     "probability": 0.5056881909950328,
    +     "question": "US poverty will be higher in late 2021 than it was in late 2020 #FuturePerfect2021",
    +   },
    +   Object {
    +     "id": "YUtsXhGYlxykq9cWyjdD",
    +     "probability": 0.7916666666666665,
    +     "question": "The median home price in the Bay Area will fall 5 percent or more #FuturePerfect2021",
    +   },
    +   Object {
    +     "id": "DoSnBlgGoc6wNEsaIc2i",
    +     "probability": 0.846938775510204,
    +     "question": "100 million Americans will be vaccinated, at least partially, against the coronavirus by end of April #FuturePerfect2021",
    +   },
    +   Object {
    +     "id": "rXis568Ovm53jeg0pvww",
    +     "probability": 0.29319398191641444,
    +     "question": "Restaurant reservations and consumer spending outside the home back to normal by the end of year #FuturePerfect2021",
    +   },
    +   Object {
    +     "id": "yljQbdaVZWEaH8hrElMw",
    +     "probability": 0.3132787468850124,
    +     "question": "A deadly new zoonotic outbreak will emerge #FuturePerfect2021",
    +   },
    +   Object {
    +     "id": "Nw3XZnNhUMQhG9nCu3yb",
    +     "probability": 0.43895747599451307,
    +     "question": "The US will enact policies to hold China accountable for its treatment of Muslims, but the internment camps will remain open",
    +   },
    +   Object {
    +     "id": "QHDiHnJUgCL0OTiTgPUX",
    +     "probability": 0.6000000000000003,
    +     "question": "The Hadi government and Houthi rebels in Yemen reach a peace agreement #FuturePerfect2021",
    +   },
    +   Object {
    +     "id": "iMgS3nAkBc6xWhSlsYih",
    +     "probability": 0.9,
    +     "question": "LDP continues to govern Japan #FuturePerfect2021",
    +   },
    +   Object {
    +     "id": "gnr3LwF4VZB05HiEKiML",
    +     "probability": 0.6611570247933884,
    +     "question": "CDU continues to govern Germany #FuturePerfect2021",
    +   },
    +   Object {
    +     "id": "5z2Sfu4s3k9PCDFspmKB",
    +     "probability": 0.6999999999999998,
    +     "question": "IndiaΓÇÖs economy will grow in quarters 1-3 of 2021 after shrinking briefly in 2020 #FuturePerfect2021",
    +   },
    +   Object {
    +     "id": "A9OlpSsTXKmqNzwzHmtC",
    +     "probability": 0.75,
    +     "question": "At least three new basic income pilots will be launched #FuturePerfect2021",
    +   },
    +   Object {
    +     "id": "ooiNbYz6Adqcv7eUfLPa",
    +     "probability": 0.5456981479097246,
    +     "question": "An AI breakthrough will lead to a game-changing advance in biology",
    +   },
    +   Object {
    +     "id": "v9BWeFT1A408eWSgT415",
    +     "probability": 0.9685324968140379,
    +     "question": "Global carbon emissions will increase",
    +   },
    +   Object {
    +     "id": "a5aZJiubmrloG5IT50wR",
    +     "probability": 0.9266880048773054,
    +     "question": "Average world temperatures will increase relative to 2020",
    +   },
    +   Object {
    +     "id": "fiJOEnlSrgC4XRfbxYr3",
    +     "probability": 0.9124133585381222,
    +     "question": "Plant-based meat market share will increase by at least 20 percent",
    +   },
    +   Object {
    +     "id": "X8SxNgjw7m8sSSL81rRn",
    +     "probability": 0.1903628792385485,
    +     "question": "Will @AustinChen test positive for Covid again before 2022?",
    +   },
    +   Object {
    +     "id": "Y9y4EzGooKs2wsmrh934",
    +     "probability": 0.9500000000000002,
    +     "question": "#Omicron has a 100% or bigger transmission advantage in practice versus Delta",
    +   },
    +   Object {
    +     "id": "ESgg78HIKX8kmbjnR0Kr",
    +     "probability": 0.3022959183673469,
    +     "question": "#Omicron is importantly more virulent than Delta",
    +   },
    +   Object {
    +     "id": "vuMGnysmTD8e4P0KrF7h",
    +     "probability": 0.7810118757787052,
    +     "question": "#Omicron is importantly less virulent than Delta",
    +   },
    +   Object {
    +     "id": "mUSMqeAJeiZbVfExV90k",
    +     "probability": 0.0969825211047191,
    +     "question": "CDC labels #Omicron a variant of high consequence before 2022",
    +   },
    +   Object {
    +     "id": "XGFWYnoTPT0cyRXJ1SyR",
    +     "probability": 0.08026318643865717,
    +     "question": "We will be getting boosters modified for #Omicron within 6 months of our previous booster shot",
    +   },
    +   Object {
    +     "id": "gtylK3mSEju9pK25gmgq",
    +     "probability": 0.0922017384766347,
    +     "question": "We are broadly looking at a future crisis situation with widely overwhelmed American hospitals, new large American lockdowns and things like that",
    +   },
    +   Object {
    +     "id": "MGFdKLaUezNlI8kcJSYp",
    +     "probability": 0.8198235089371633,
    +     "question": "#Omicron will be >1% of all cases by the end of the year",
    +   },
    +   Object {
    +     "id": "cIUH8y3MmGzfDMBh9i8Z",
    +     "probability": 0.07023319615912207,
    +     "question": "1. Biden approval rating (as per 538) is greater than 50%",
    +   },
    +   Object {
    +     "id": "aTAiqACrcL1TLyb5tHZt",
    +     "probability": 0.04132231404958678,
    +     "question": "2. Court packing is clearly going to happen (new justices don't have to be appointed by end of year)",
    +   },
    +   Object {
    +     "id": "uWUbRZcDTbdHkpFRAzmt",
    +     "probability": 0.19742461805834394,
    +     "question": "3. Yang is New York mayor",
    +   },
    +   Object {
    +     "id": "PCqaIuj7xYki8MNyHV0R",
    +     "probability": 0.05000000000000002,
    +     "question": "4. Newsom recalled as CA governor",
    +   },
    +   Object {
    +     "id": "MWzNRuVifNR8NB9WVoeC",
    +     "probability": 0.4408888888888889,
    +     "question": "5. At least $250 million in damage from BLM protests this year",
    +   },
    +   Object {
    +     "id": "lXUZCKgQ1gHwpiLjJqqN",
    +     "probability": 0.20000000000000007,
    +     "question": "6. Significant capital gains tax hike (above 30% for highest bracket)",
    +   },
    +   Object {
    +     "id": "Wza07gYckp8AN2jWerRA",
    +     "probability": 0.2589258233302554,
    +     "question": "7. Trump is allowed back on Twitter",
    +   },
    +   Object {
    +     "id": "NyHkWsu114SjFu9Hos2P",
    +     "probability": 0.44799999999999995,
    +     "question": "8. Tokyo Olympics happen on schedule",
    +   },
    +   Object {
    +     "id": "L3iszAfeL2Sgvmpm3Ggr",
    +     "probability": 0.20000000000000007,
    +     "question": "9. Major flare-up (significantly worse than anything in past 5 years) in Russia/Ukraine war",
    +   },
    +   Object {
    +     "id": "vv7yvECSIKe7UIyLgRIC",
    +     "probability": 0.05000000000000002,
    +     "question": "10. Major flare-up (significantly worse than anything in past 10 years) in Israel/Palestine conflict",
    +   },
    +   Object {
    +     "id": "9zlsXQF7aFNVhRmMTzuc",
    +     "probability": 0.0453514739229025,
    +     "question": "11. Major flare-up (significantly worse than anything in past 50 years) in China/Taiwan conflict",
    +   },
    +   Object {
    +     "id": "MjN2AcDPZUtGEipPv3jg",
    +     "probability": 0.3999999999999997,
    +     "question": "12. Netanyahu is still Israeli PM",
    +   },
    +   Object {
    +     "id": "kpB5LgfThfykDpGY0nIY",
    +     "probability": 0.11019283746556473,
    +     "question": "13. Prospera has at least 1000 residents",
    +   },
    +   Object {
    +     "id": "Um61u0dg0f3fG4bR0U9c",
    +     "probability": 0.9333333333333332,
    +     "question": "Will ACX Grants fund Mantic Markets?",
    +   },
    +   Object {
    +     "id": "1k9pPxBPRMPCx6lwDrkM",
    +     "probability": 0.7470747152438756,
    +     "question": "If Scott Alexander creates a market, will 100 people have traded on Mantic by Feb 1, 2022?",
    +   },
    +   Object {
    +     "id": "DPQ4DmKPODAMtZBYTMps",
    +     "probability": 0.6000000000000003,
    +     "question": "If #ManticMarkets implements a central limit order book, will 100 people have traded on Mantic by Feb 1, 2022?",
    +   },
    +   Object {
    +     "id": "IbpiLh3QHucSkGLNLo3u",
    +     "probability": 0.75,
    +     "question": "If #ManticMarkets implements a Twitter-like feed, will 100 people have traded on Mantic by Feb 1, 2022?",
    +   },
    +   Object {
    +     "id": "4Ue3FG9EfOmzZwu00Q5l",
    +     "probability": 0.1666666666666667,
    +     "question": "Will the University of Michigan win the College Football Championship in 2021/2022 season?",
    +   },
    +   Object {
    +     "id": "uT1j2SWhZuiaA0myti9q",
    +     "probability": 0.07693171722580107,
    +     "question": "Will at least 75% of the USA COVID-19 cases between 1/1/22 and 2/28/23 occur between 1/1/22 and 2/28/22?",
    +   },
    +   Object {
    +     "id": "pLuBoYJE8Abupo9bpWzV",
    +     "probability": 0.6371882086167804,
    +     "question": "Will @AustinChen go rock climbing tomorrow (2021-12-23) evening?",
    +   },
    +   Object {
    +     "id": "Ep8WgE0eriTjFkfSaXWe",
    +     "probability": 0.7965882476050642,
    +     "question": "Will we deploy the feature to sell your position before 2022?",
    +   },
    +   Object {
    +     "id": "6G3L7V0GlN5spXOyuUjL",
    +     "probability": 0.568009910921683,
    +     "question": "test",
    +   },
    +   Object {
    +     "id": "8PUi4k6pedeDOSgZNxpo",
    +     "probability": 0.2461734693877551,
    +     "question": "Will any of the 2021-22 College Footbal Playoff games be canceled due to Covid-19?",
    +   },
    +   Object {
    +     "id": "J5vxtwRSw6qJnhVhy5EU",
    +     "probability": 0.1591025897377387,
    +     "question": "Will Scott Alexander put a question on Mantic Markets before February 1st 2022",
    +   },
    +   Object {
    +     "id": "c95RFVoZ2NxCap3fFgZy",
    +     "probability": 0.7991207019076721,
    +     "question": "Will the top post on reddit.com/r/all/top for January 1, 2022 be an image?",
    +   },
    +   Object {
    +     "id": "puvWOBELmtn3r5797ag4",
    +     "probability": 0.10835609213979035,
    +     "question": "Will England enter lockdown before 1 February 2022?",
    +   },
    +   Object {
    +     "id": "JEBkPNuPE4eDWKul2CBe",
    +     "probability": 0.5720811592325583,
    +     "question": "Will the runner-up in the 2024 US Presidential Election accept their defeat by Dec 31, 2024?",
    +   },
    +   Object {
    +     "id": "S0pYkvY8VsVhSZraR9xa",
    +     "probability": 0.010702353764692923,
    +     "question": "Will Dwayne Johnson win the 2024 US Presidential Election?",
    +   },
    +   Object {
    +     "id": "kwXI2svhJoKrLknayCnY",
    +     "probability": 0.009542216946692363,
    +     "question": "Will Apple sell an Apple branded AR or VR Headset by December 1st 2022?",
    +   },
    +   Object {
    +     "id": "sxU8YDAHs9JtHya48xqj",
    +     "probability": 0.04000000000000008,
    +     "question": "Will Ethereum overtake Bitcoin in term of Market Capitalization at any time during 2022?",
        },
        Object {
    -     "id": "2",
    -     "probability": 0.7,
    -     "question": "Question 2",
    +     "id": "DwZsMM1eG0wOo0MHwxue",
    +     "probability": 0.9899999999999998,
    +     "question": "I got to admit its getting better, just a little better all the time.",
    +   },
    +   Object {
    +     "id": "InwkaleGXKJaOX4tBDnw",
    +     "probability": 0.5444234404536862,
    +     "question": "Can't get much worse.",
    +   },
    +   Object {
    +     "id": "eRa29YBHAoAgcUMy2XLH",
    +     "probability": 0.9416757840601819,
    +     "question": "Will Mantic Markets still be using a Dynamic Parimutuel system by Feb 01, 2022?",
    +   },
    +   Object {
    +     "id": "kaPN4D0TGZttoDPdblSK",
    +     "probability": 0.6967822795183737,
    +     "question": "Will I be a regular user of this website in 2022?",
    +   },
    +   Object {
    +     "id": "6GcxrHQkGPeuHrO10Hcb",
    +     "probability": 0.6359313075253026,
    +     "question": "Will sports still matter a lot to the average American in 2040?",
    +   },
    +   Object {
    +     "id": "4EY1wV58irrOOJjtrF5r",
    +     "probability": 0.9510855495775847,
    +     "question": "Will Russia invade Ukrainian territory in 2022?",
    +   },
    +   Object {
    +     "id": "6QmZt0KH2BiHegTlzqTh",
    +     "probability": 0.20062668019726182,
    +     "question": "Will the United States legalize real money prediction markets by June 1, 2023?",
    +   },
    +   Object {
    +     "id": "Hna8LSuNDcvK7MS5OBgV",
    +     "probability": 0.02459674595279535,
    +     "question": "Will Starship reach orbit by the end of 2022?",
    +   },
    +   Object {
    +     "id": "zo6ss3HoE124auWSeDXZ",
    +     "probability": 0.946904985257169,
    +     "question": "Will Axie Infinity's $SLP token be worth less than $0.01 USD (1 cent) by February 1, 2022?",
    +   },
    +   Object {
    +     "id": "xdBhkVzV9ut46hcsn3iR",
    +     "probability": 0.9434927055894307,
    +     "question": "Will Axie Infinity's $AXS token be worth less than $75.00 USD by February 1, 2022?",
    +   },
    +   Object {
    +     "id": "JOLqUM7VZVWGyPMyjgOM",
    +     "probability": 0.031616466242030815,
    +     "question": "Will Joe Rogan interview a guest about Georgism in 2022?",
    +   },
    +   Object {
    +     "id": "SwvG3sAOo0XtSlfvxhjI",
    +     "probability": 0.03344624666172649,
    +     "question": "Will Congress hold any hearings about Blockchain/NFT Games in 2022?",
    +   },
    +   Object {
    +     "id": "sWF1sPevitxVmUWPOYql",
    +     "probability": 0.07519411740415896,
    +     "question": "Will Congress hold any hearings about Roblox in 2022?",
    +   },
    +   Object {
    +     "id": "6FDjyzk3c5hDLdDG7Eid",
    +     "probability": 0.23731138545953365,
    +     "question": "Will a Major Norwegian Political Party have Land Value Tax in their platform in 2022?",
    +   },
    +   Object {
    +     "id": "9jjQ0IKxIG3zSMWwx9fC",
    +     "probability": 0.025860884158929568,
    +     "question": "Mantic will airdrop crypto to early users by June 30, 2022",
    +   },
    +   Object {
    +     "id": "pBK5PqwwRYswCbbMu9t8",
    +     "probability": 0.049999999999999996,
    +     "question": "Will any major known associates of Jeffrey Epstein (besides Ghislaine Maxwell) receive new indictments connected to Epstein's sex trafficking ring in 2022?",
    +   },
    +   Object {
    +     "id": "uC6F5GTnc76W3SUp3MHq",
    +     "probability": 0.08,
    +     "question": "Privacy tokens will outgrow \"status symbol NFTs\" in 2022",
    +   },
    +   Object {
    +     "id": "5tCKSQ360eUmPqkOt2Do",
    +     "probability": 0.11999999999999966,
    +     "question": "Will Activision-Blizzard solve its reputational problems by the end of 2022?",
    +   },
    +   Object {
    +     "id": "7tr1eICbuKwUeR4dXJxW",
    +     "probability": 0.9637457469954268,
    +     "question": "Will the James Webb Space Telescope send an image by March 1st, 2022?",
    +   },
    +   Object {
    +     "id": "QIpx3W5nhQMhJCx3569l",
    +     "probability": 0.003967962672892538,
    +     "question": "Will aliens land before February 2022?",
    +   },
    +   Object {
    +     "id": "jsdoFT0YQO5bbhQ48szP",
    +     "probability": 0.044483292273612515,
    +     "question": "Will a Major Norwegian Political Party have Land Value Tax in their platform by the END of 2022?",
    +   },
    +   Object {
    +     "id": "DKPq5jZKExquT5IK4kmb",
    +     "probability": 0.31471033075681754,
    +     "question": "Will the predicted chance of this question be above 67% on 8:00pm (EST) January 8th, 2022?",
    +   },
    +   Object {
    +     "id": "xZ8NxOK0Z8m854AnFIvY",
    +     "probability": 0.009999999999999967,
    +     "question": "Will the world experience a solar storm with significantly negative \"EMP\" effects in 2022?",
    +   },
    +   Object {
    +     "id": "Kzj1E5eGb1fMZ664WJ5d",
    +     "probability": 0.04000000000000008,
    +     "question": "Will, at the end of 2022 western teenagers spend more time in VR then in real live?",
    +   },
    +   Object {
    +     "id": "ZekIG1EqhIo6UKwplQqY",
    +     "probability": 0.08999999999999997,
    +     "question": "Will Apple reach a market capitalization of $4 trillion by the end of 2022?",
    +   },
    +   Object {
    +     "id": "VD255qA7EACVOfNRrSU5",
    +     "probability": 0.9861111111111112,
    +     "question": "Will Wurstcoin take off in 2022?",
    +   },
    +   Object {
    +     "id": "hLhWhotBtzylO2cjfH4O",
    +     "probability": 0.06755126107276506,
    +     "question": "Will the S&P 500 trade below 3800 in 2022?",
    +   },
    +   Object {
    +     "id": "ufsOW1kqvsd6iJ3wyQ5h",
    +     "probability": 0.9344016658968088,
    +     "question": "Will the US inflation rate for 2022 be lower than 6.8% ?",
    +   },
    +   Object {
    +     "id": "pMYviQdM304uGzDx8vsf",
    +     "probability": 0.14475035454056437,
    +     "question": "Will Ireland introduce further COVID restrictions before 00:01 on 04 Jan 2022",
    +   },
    +   Object {
    +     "id": "3Qodv8SlOn42NinZqVtM",
    +     "probability": 0.09191211821311898,
    +     "question": "Will AOC challenge Chuck Schumer in the 2022 Democratic Primary for Senator in New York?",
    +   },
    +   Object {
    +     "id": "Ic6PDj3SnuMS3Ei8hEQK",
    +     "probability": 0.9639204303231449,
    +     "question": "If we monetize by selling Mantic Dollars for real money, will it work well enough that we keep it for at least a couple months?",
    +   },
    +   Object {
    +     "id": "iaRIkIARIpBAwUwPlaJn",
    +     "probability": 0.17830685970112506,
    +     "question": "Will Chicago have more than 12 inches of total snow in December of 2021?",
    +   },
    +   Object {
    +     "id": "Y3ajaQlTZixE66z18IWv",
    +     "probability": 0.0018584122520584184,
    +     "question": "Will Pete Buttigieg be the 2024 Democratic nominee?",
    +   },
    +   Object {
    +     "id": "mwGI1p9qI34G0ZdLVN7b",
    +     "probability": 0.01561588209611263,
    +     "question": "At the end of its IPO day, will Reddit's market cap be above $15 billion?",
    +   },
    +   Object {
    +     "id": "pz4dHnKYn49woBUK83Mq",
    +     "probability": 0.9952995563751778,
    +     "question": "Will Donald Trump be the Republican nominee for president in 2024?",
    +   },
    +   Object {
    +     "id": "w57CGHpDwySwUGHuoCDS",
    +     "probability": 0.04040358444314965,
    +     "question": "Will Republicans win enough seats in the US Senate in the 2022 election to have a majority",
    +   },
    +   Object {
    +     "id": "WDaHDQ0I7NZ5EF0IYb05",
    +     "probability": 0.02387715786756935,
    +     "question": "Will reddit.com/r/slatestarcodex have more than 50k members by July 1, 2022?",
    +   },
    +   Object {
    +     "id": "TmV1rvprg5OUDe9EzO2Y",
    +     "probability": 0.04223585391716059,
    +     "question": "Will Bitcoin be worth less than $40,000 at some point before Jan 10, 2022 at 12 am GMT?",
    +   },
    +   Object {
    +     "id": "TaJBJOSpaVAKllWK8Q9Y",
    +     "probability": 0.009132320534260056,
    +     "question": "Will there be a federal mask requirement in place on domestic flights as of Nov. 8, 2022?",
    +   },
    +   Object {
    +     "id": "KKCOIqiDyBuJGxfYCZPt",
    +     "probability": 0.9592141803610621,
    +     "question": "Will Emmanuel Macron win the 2022 French Presidential election?",
    +   },
    +   Object {
    +     "id": "drXsS3Ut7FMQjqk6pQQU",
    +     "probability": 0.9833659743945963,
    +     "question": "Will James Webb Space Telescope deploy successfully and send its first images back before Aug 1st, 2022?",
    +   },
    +   Object {
    +     "id": "CqMYJMBZ6zpQB2Ue1pAE",
    +     "probability": 0.6511627906976742,
    +     "question": "Will at least one person coming to my NYE party test positive for covid?",
    +   },
    +   Object {
    +     "id": "dbqDp4mV1NkG8IfRZNbV",
    +     "probability": 0.04419330993568962,
    +     "question": "Hillary Clinton signals in any way she might run for president in 2024",
    +   },
    +   Object {
    +     "id": "Dnug9up3xRKzvKT4qnkr",
    +     "probability": 0.013631460769052172,
    +     "question": "Will we discover life on Mars before 2024?",
    +   },
    +   Object {
    +     "id": "bHeZCXv8d7MGlllEnExT",
    +     "probability": 0.9100000000000001,
    +     "question": "Will the median rent for a 1-bedroom apartment in San Francisco be higher in 2022 than it was in 2021?",
    +   },
    +   Object {
    +     "id": "BzGPwkB5Zz8SKQqdRzmo",
    +     "probability": 0.9721280580183133,
    +     "question": "Will the homicide rate in 2022 remain above 6 per 100,000 people?",
    +   },
    +   Object {
    +     "id": "RlihOHe5nrKxFG4nqEXk",
    +     "probability": 0.14999999999999997,
    +     "question": "Will FBI statistics show homicides in excess of 7 deaths per 100,000 in 2021?",
    +   },
    +   Object {
    +     "id": "np6hZO6G9L1bszEdJQvp",
    +     "probability": 0.5049627484468205,
    +     "question": "Test email on market resolution",
    +   },
    +   Object {
    +     "id": "x9kX9CSbtUUR8EUYYaB6",
    +     "probability": 0.49503725155317935,
    +     "question": "Test email on market resolution 2",
    +   },
    +   Object {
    +     "id": "nreFHWsN6PloabDTN6BK",
    +     "probability": 0.6527777777777779,
    +     "question": "Test everything working?",
    +   },
    +   Object {
    +     "id": "2Syd0hmX4Vpw9B8uW3w6",
    +     "probability": 0.9824026209281129,
    +     "question": "Will Ethereum switch to Proof of Stake before 2023?",
    +   },
    +   Object {
    +     "id": "fjWUTZHVcxh31Fh1bLQN",
    +     "probability": 0.013091723404834762,
    +     "question": "Democrats lose both houses of Congress in 2022",
    +   },
    +   Object {
    +     "id": "5Leq2qdLAwF8bRfUus22",
    +     "probability": 0.9474363566144576,
    +     "question": "Nancy Pelosi announces retirement plans in 2022",
    +   },
    +   Object {
    +     "id": "exisq0oaRgxdD0dhPLSC",
    +     "probability": 0.9931753130708852,
    +     "question": "Joe Biden is still president at the end of 2022",
    +   },
    +   Object {
    +     "id": "ViC944UUPDPaYy9gN0bh",
    +     "probability": 0.9774449599165941,
    +     "question": "No military conflict between the PRC and Taiwan in 2022",
    +   },
    +   Object {
    +     "id": "1lwr5zVQe3ZDzfygK7Mv",
    +     "probability": 0.9886527846828138,
    +     "question": "Emmanuel Macron re-elected in 2022",
    +   },
    +   Object {
    +     "id": "uZamECynZMU4gKE0LofR",
    +     "probability": 0.9784904344998784,
    +     "question": "Liz Cheney loses primary in 2022",
    +   },
    +   Object {
    +     "id": "u1wRqeN0FqWtel4oIrEx",
    +     "probability": 0.973777931167073,
    +     "question": "China officially abandons Covid Zero in 2022",
    +   },
    +   Object {
    +     "id": "E5VagZO4cFtfHiLjeKs2",
    +     "probability": 0.9731551136391867,
    +     "question": "November 2022 year-on-year CPI growth is above 4%",
    +   },
    +   Object {
    +     "id": "SPs0zU6IRrVl9Wx5URzZ",
    +     "probability": 0.01960830909091357,
    +     "question": "Democrats go down at least one governor on net in 2022",
    +   },
    +   Object {
    +     "id": "KUgz1XuwqlmZoRVj7kxv",
    +     "probability": 0.009999999999999967,
    +     "question": "The unemployment rate stays between 4 and 5% in 2022",
    +   },
    +   Object {
    +     "id": "TBSNFG9xj2kqpyO9xcqr",
    +     "probability": 0.1407155162710754,
    +     "question": "Will there be a 2022 SARS-CoV-2 variant named \"Upsilon\"?",
    +   },
    +   Object {
    +     "id": "ceTfXracdRrm1EDStdJI",
    +     "probability": 0.8677685950413223,
    +     "question": "Is Omicron less lethal than Delta?",
    +   },
    +   Object {
    +     "id": "QiD0zGfTZLcCeyGbEvX8",
    +     "probability": 0.9993616696467111,
    +     "question": "US authorizes another Covid booster shot for general population in 2022",
    +   },
    +   Object {
    +     "id": "P84pZO8AStQruwRzxtcs",
    +     "probability": 0.8741816392660808,
    +     "question": "Google US employees working more from office than home at some point in 2022",
    +   },
    +   Object {
    +     "id": "eAXsf8cPoZfnjHvYiGvS",
    +     "probability": 0.023333932477879397,
    +     "question": "Full-self-driving robo-taxis generally available in at least 10 major US cities by end of 2023",
    +   },
    +   Object {
    +     "id": "weCExyHsCoNl0PxT01AH",
    +     "probability": 0.06797275136938659,
    +     "question": "Will Marginal Revolution post about Mantic Markets before the end of January?",
    +   },
    +   Object {
    +     "id": "eeVcGs3N69RydATkz2e5",
    +     "probability": 0.7152011391954433,
    +     "question": "Will the official Burning Man be an in-person event in 2022?",
    +   },
    +   Object {
    +     "id": "CVw7TxElvv9kI18uAfBg",
    +     "probability": 0.047058922208689624,
    +     "question": "In US, pandemic fades away to pre-Delta case levels or lower, with occasional flare-ups",
    +   },
    +   Object {
    +     "id": "Knd7OZMNkroI0Jbokon9",
    +     "probability": 0.8599999999999999,
    +     "question": "Restaurant and retail spending continues to be basically normal for most of the year",
    +   },
    +   Object {
    +     "id": "0JRl0rnfUGAgqErdLcBR",
    +     "probability": 0.9790414478372308,
    +     "question": "US covid cases below Delta peak by end of March",
    +   },
    +   Object {
    +     "id": "3qYChghwl9Fz91E3OVbz",
    +     "probability": 0.9709748874418732,
    +     "question": "Before January 15th, 2022, will Mantic Markets implement a limit on trading markets once theyΓÇÖve passed their stated resolution date?",
    +   },
    +   Object {
    +     "id": "eV1GYTtpNhIn4f0dhhsw",
    +     "probability": 0.41432936088323785,
    +     "question": "Will circular economy become mainstream in 20 years?",
    +   },
    +   Object {
    +     "id": "GBwhG9ELqAlfg6TatI0g",
    +     "probability": 0.27509260757973497,
    +     "question": "Will the 7-day moving average of US official confirmed Covid cases exceed 750k by Jan 7?",
    +   },
    +   Object {
    +     "id": "gj24eRdHXCfuPgFW255o",
    +     "probability": 0.8456560064290293,
    +     "question": "Will most of the US population have gotten Covid by the end of 2022?",
    +   },
    +   Object {
    +     "id": "zwVUAm7UHuZ3XHMCs9AE",
    +     "probability": 0.9426016017904587,
    +     "question": "Will US -> Canada land border crossings be subject to #COVID restrictions on Mar. 1, 2022?",
    +   },
    +   Object {
    +     "id": "5Zvp4GRUQHmmF6gPmeBC",
    +     "probability": 0.19801490062127183,
    +     "question": "Test market",
    +   },
    +   Object {
    +     "id": "xOGiBt4lZQOoQy4OVUec",
    +     "probability": 0.1055555555555555,
    +     "question": "This market will close before anyone gets a chance to bet on it",
    +   },
    +   Object {
    +     "id": "H4pynWk2GtpDbkz5abjG",
    +     "probability": 0.9700000000000001,
    +     "question": "Google Chrome will support third-party cookies by default on January 1, 2024",
    +   },
    +   Object {
    +     "id": "bfvIm3NiQTNyEbqQK9Xg",
    +     "probability": 0.3446066215735137,
    +     "question": "The \"This market will close before anyone gets a chance to bet on it\" market will close before 9:00 PM EST on January 3rd, 2022",
    +   },
    +   Object {
    +     "id": "dLgQuzbS9kUBkWdSNBD7",
    +     "probability": 0.7909039262719353,
    +     "question": "Will schools in Ireland re-open on 06 January 2022?",
    +   },
    +   Object {
    +     "id": "iLPaHIdCLPRaZyRLDb5i",
    +     "probability": 0.5891727829942985,
    +     "question": "Will German government decrease the time of mandatory quarantine from 14 to less or exactly 7 days by 1st of Feburary 2022?",
    +   },
    +   Object {
    +     "id": "Vv9dtTUtpJNGhxZf4AtC",
    +     "probability": 0.7388137356919874,
    +     "question": "The Washington Football team will rebrand and include the word 'Red' in its name before March 1st, 2022.",
    +   },
    +   Object {
    +     "id": "0BTkIjm0s7fY5mGHbxvD",
    +     "probability": 0.02000000000000006,
    +     "question": "Will Magnus Carlsen play in the next World Chess Championship?",
    +   },
    +   Object {
    +     "id": "qMv4nhNe3Nivvh5c0Lcm",
    +     "probability": 0.3999999999999997,
    +     "question": "I know today's Wordle word",
    +   },
    +   Object {
    +     "id": "LlaTRk7N6vHGyNf9K1gK",
    +     "probability": 0.13847073429783902,
    +     "question": "Will Solana trade above $180 USD anytime before Jan 10th?",
    +   },
    +   Object {
    +     "id": "BGjikj4lz8WBZMUeqE68",
    +     "probability": 0.5,
    +     "question": "Will new reported Covid cases exceed 2 million on any one day before January 10th?",
    +   },
    +   Object {
    +     "id": "PGDKawe5SXuxWSYjFBvS",
    +     "probability": 0.5953360768175585,
    +     "question": "Will one of the comments on this market be a joke that I think is funny (before Jan 10th)?",
    +   },
    +   Object {
    +     "id": "1kD8M9XqTH4UAbReQX5B",
    +     "probability": 0.04000000000000001,
    +     "question": "Will Apple ship its AR glasses by EOY 2022?",
    +   },
    +   Object {
    +     "id": "9BwSsGdsqkV9U5BL446u",
    +     "probability": 0.25574968677446136,
    +     "question": "Will large areas of New England have blackouts in the 2021-2022 winter?",
    +   },
    +   Object {
    +     "id": "30ihoYlKZ3WAVfs539DD",
    +     "probability": 0.30000000000000004,
    +     "question": "Will Austin show up to Luke's place for drinks today (2022-01-05)?",
    +   },
    +   Object {
    +     "id": "MC70OYGdIZOLbg6IFzDu",
    +     "probability": 0.7278911564625848,
    +     "question": "Will I receive any form of compensation for my canceled Alaska flight?",
    +   },
    +   Object {
    +     "id": "ciYp4MpUKyPhRMPaS5OI",
    +     "probability": 0.963798524018656,
    +     "question": "Will February 2022 start right after January 2022?",
    +   },
    +   Object {
    +     "id": "nkCFmsf0yTEQc1HTidCH",
    +     "probability": 0.05755766622192913,
    +     "question": "Will there be an elite consensus that the majority of society should return to normal with no Covid precautions by Feb 14th?",
    +   },
    +   Object {
    +     "id": "WUtBinGZs27oo9XYABcD",
    +     "probability": 0.11004664821617106,
    +     "question": "Will Manifold switch its logo to a manatee by April?",
    +   },
    +   Object {
    +     "id": "DMq1hiV6PAhwBzmxTgiV",
    +     "probability": 0.01249439090533898,
    +     "question": "Will the sequel to Zelda: Breath of the Wild be released in 2022?",
    +   },
    +   Object {
    +     "id": "GMhYGkB1hjr9jKeDKX60",
    +     "probability": 0.09070294784580504,
    +     "question": "Will my 10pm flight SFO => MCO get cancelled?",
    +   },
    +   Object {
    +     "id": "aVFdaQ2YMN9GSA7h90Ut",
    +     "probability": 0.024653326823517986,
    +     "question": "Will Manifold launch a crypto token before April?",
    +   },
    +   Object {
    +     "id": "Gr5dWGAcyIJFnwDfaBtv",
    +     "probability": 0.89,
    +     "question": "Will 2060, globally, be warmer than 2010?",
    +   },
    +   Object {
    +     "id": "fRy5Y3kHPFiiqb9rmrNq",
    +     "probability": 0.026571955910287576,
    +     "question": "Will bit coin hit 100k this year?",
    +   },
    +   Object {
    +     "id": "Li7ZdVUHUzehlNn77z46",
    +     "probability": 0.968757396449704,
    +     "question": "Will the Worldometers Covid counter register 5,555,555 worldwide deaths before February?",
    +   },
    +   Object {
    +     "id": "pG3hOMmZlDv3PR3CLyi0",
    +     "probability": 0.732748062013245,
    +     "question": "Will Russia invade Ukraine before the end of February?",
    +   },
    +   Object {
    +     "id": "GeiKa3gUxQ1TE3TNfNZP",
    +     "probability": 0.08625283572771461,
    +     "question": "Will the Turkmenistanian \"Gates of Hell\" fire be extinguished before 2023?",
    +   },
    +   Object {
    +     "id": "2JCM6Xne5xAzBKe8iEOF",
    +     "probability": 0.5535785146267519,
    +     "question": "Will the Gates of Hell be put out before the end of the year?",
    +   },
    +   Object {
    +     "id": "cGrUUpPPXXRUJu8YooN5",
    +     "probability": 0.9264254272759619,
    +     "question": "Will Polymarket list any new markets in February?",
    +   },
    +   Object {
    +     "id": "9Y7J4C5QXAnLJE0RB1V4",
    +     "probability": 0.02906928446142317,
    +     "question": "Will SpaceX become a publicly traded company by the end of 2022?",
    +   },
    +   Object {
    +     "id": "uRgCvk4G1oLDjUS5DTCM",
    +     "probability": 0.972489701161115,
    +     "question": "Republicans will win the 2022 Texas Governor's race",
    +   },
    +   Object {
    +     "id": "kHHsyCWI6UN2TZjRuMd2",
    +     "probability": 0.56,
    +     "question": "Test",
    +   },
    +   Object {
    +     "id": "KYgwzhPRRbbrH7wLDfzM",
    +     "probability": 0.6764445529745734,
    +     "question": "This will resolve yes in a couple of hours. I promise.",
    +   },
    +   Object {
    +     "id": "NAYWTAwXkndP5J59Aa4l",
    +     "probability": 0.7000000000000006,
    +     "question": "Will Chinese economic growth drop below the upper middle-income GDP growth average in any year before 2031?",
    +   },
    +   Object {
    +     "id": "gJ5lbJ9FWjY1y1XC2Wd0",
    +     "probability": 0.049999999999999954,
    +     "question": "Will Tesla's cybertruck go into full production this year?",
    +   },
    +   Object {
    +     "id": "fP88JLsAG7FhkKqHg7Sk",
    +     "probability": 0.2545955578645225,
    +     "question": "Will the 7-day average for US covid cases increase every day through Jan 20th?",
    +   },
    +   Object {
    +     "id": "3ILh9485VvDNQ2AciOXZ",
    +     "probability": 0.9679160009902077,
    +     "question": "Will the price of Bitcoin drop below $40,000 before Feb 1st?",
    +   },
    +   Object {
    +     "id": "76ssrl0EQtSpWHJSVikR",
    +     "probability": 0.07813656590387795,
    +     "question": "Will inflation be 0.7% or more in December 2021?",
    +   },
    +   Object {
    +     "id": "vsbdiR0CAJUw9gbeoNCS",
    +     "probability": 0.10842872008324661,
    +     "question": "Will there be a day with 1.75 million or more new Covid cases in the US by Jan 18th?",
    +   },
    +   Object {
    +     "id": "DSXVQA3Dq6FrP3yZPrnG",
    +     "probability": 0.03423315474038763,
    +     "question": "Will Manifold Markets have an official launch on or before Jan 25th?",
    +   },
    +   Object {
    +     "id": "bdUWLl6zbjbrGSIya5Ce",
    +     "probability": 0.9593506780984846,
    +     "question": "Will I create at least 10 markets on this site by the end of the year?",
    +   },
    +   Object {
    +     "id": "Pj1zROfk0A3TLuhiyFaQ",
    +     "probability": 0.010153224630532542,
    +     "question": "Will China Invade Taiwan in 2022?",
    +   },
    +   Object {
    +     "id": "Aia5KNIHdcqVW2r0P7HP",
    +     "probability": 0.37453378653301334,
    +     "question": "Will inflation be 0.6% or higher in January?",
    +   },
    +   Object {
    +     "id": "a561BVQ34dGjc6WXYy9l",
    +     "probability": 0.9796946131845031,
    +     "question": "Will Richard Hanania have at least 50,000 Twitter followers by the end of 2022?",
    +   },
    +   Object {
    +     "id": "xzm31gIDnxMJEH1adycf",
    +     "probability": 0.15856777512032436,
    +     "question": "Will Richard Hanania step foot in Washington, D.C. in 2022?",
    +   },
    +   Object {
    +     "id": "ipcd5fUJNqHaW3DjEJeX",
    +     "probability": 0.019813889062616507,
    +     "question": "Will Richard Hanania publish at least one article in The Washington Post, The New York Times, or The Wall Street Journal in 2022?",
    +   },
    +   Object {
    +     "id": "7H8Wu5M3pILFTBoIsLLb",
    +     "probability": 0.848408606076638,
    +     "question": "Will Richard Hanania publish at least 70 Substack posts in 2022?",
    +   },
    +   Object {
    +     "id": "HbPpmbZ4cONLwZoVsT4J",
    +     "probability": 0.8168095558625902,
    +     "question": "Will Richard Hanania appear on Tucker Carlson Tonight at least once in 2022?",
    +   },
    +   Object {
    +     "id": "TBa0KxERQuCNEpyKcwKx",
    +     "probability": 0.020485021492723434,
    +     "question": "Tulsi Gabbard Will Win the 2024 United States Presidential Election",
    +   },
    +   Object {
    +     "id": "BWbzDnWJMQv8eNo2GrM4",
    +     "probability": 0.01000000000000002,
    +     "question": "Jen Psaki Will Win the 2024 United States Presidential Election",
    +   },
    +   Object {
    +     "id": "sIKCaNEeyge6HR7V2Bsz",
    +     "probability": 0.023143596938254723,
    +     "question": "Will China have over 10,000 COVID-19 cases per day at the end of February 2022?",
    +   },
    +   Object {
    +     "id": "QJslgIQGPJx3xpZjJRc2",
    +     "probability": 0.22023294323026985,
    +     "question": "Will the value of Bitcoin pass 100k USD by the end of 2024?",
    +   },
    +   Object {
    +     "id": "BXGdFcy53ohQuGUoP6lV",
    +     "probability": 0.03125848688663125,
    +     "question": "Will there be a new COVID variant with an impact greater than Omicron in 2022 or 2023?",
    +   },
    +   Object {
    +     "id": "XI1kF55E2wzMO0puSq7q",
    +     "probability": 0.17966160172102622,
    +     "question": "Will Elrond EGLD be listed for trading on Coinbase by June 30th, 2022",
    +   },
    +   Object {
    +     "id": "w6riL1iyNcODr0GMzysY",
    +     "probability": 0.973050256434057,
    +     "question": "Will Elrond EGLD be listed for trading on Coinbase by December 31st, 2022",
    +   },
    +   Object {
    +     "id": "8BcfZcuoHX1YZ7sG27r1",
    +     "probability": 0.9947818005555551,
    +     "question": "Will Elrond EGLD be listed for trading on Coinbase by June 30th, 2023",
    +   },
    +   Object {
    +     "id": "qUczwSihoTnh25hMaeaz",
    +     "probability": 0.49035446678001793,
    +     "question": "Will Elrond EGLD be listed for trading on Coinbase by December 31st, 2023",
    +   },
    +   Object {
    +     "id": "inmWWj0gdavykcH668eg",
    +     "probability": 0.008139828878945822,
    +     "question": "Will Doors of Stone, the third book of the Kingkiller Chronicle, by Patrick Rothfuss, be released in 2022?",
    +   },
    +   Object {
    +     "id": "RIQLFl7ly0WGoX1Njmv2",
    +     "probability": 0.014424581655445088,
    +     "question": "Will \"The Winds of Winter\", Book Six of A Song of Fire and Ice, by George R. R. Martin, be released in 2022?",
    +   },
    +   Object {
    +     "id": "GNAY9O0C2Au1RpQMTwKc",
    +     "probability": 0.0024849712590635695,
    +     "question": "Will \"The Winds of Winter\", Book Six of A Song of Fire and Ice, by George R. R. Martin, be released in 2023?",
    +   },
    +   Object {
    +     "id": "tF6bsON5DjJVAa6nHlUl",
    +     "probability": 0.5464852607709751,
    +     "question": "Will Ontario schools reopen by January 27th, 2022?",
    +   },
    +   Object {
    +     "id": "De3HNz2RZYfFPB35TIpR",
    +     "probability": 0.9891825118947498,
    +     "question": "For AR, will passthrough optics dominate the consumer market (versus transparent optics) by EOY 2024",
    +   },
    +   Object {
    +     "id": "mlDRk8C2kOYBpcqLIDki",
    +     "probability": 0.004229596267582061,
    +     "question": "If Trump announces his candidacy for President in 2024, will it be in an even indexed month?  (i.e. February, April, June, etc).",
    +   },
    +   Object {
    +     "id": "Nbp4ywnPug4VG9DHH94l",
    +     "probability": 0.013566953940008841,
    +     "question": "Will aliens land before March 2022?",
    +   },
    +   Object {
    +     "id": "VT9dXnh7xwcjMCdyg4LW",
    +     "probability": 0.013191881709973659,
    +     "question": "Will Boris Johnson resign before March 2022?",
    +   },
    +   Object {
    +     "id": "9m3Ctchk5DRYycTE43Ip",
    +     "probability": 0.9573765251212106,
    +     "question": "Tamuz Hod will resolve their $10,000 meta-market honeslty",
    +   },
    +   Object {
    +     "id": "44nSoR1u80KhrXMKEZhY",
    +     "probability": 0.7368815020087279,
    +     "question": "I have been entrusted with an AI in a Box. Should I let it out?",
    +   },
    +   Object {
    +     "id": "BqEkAoBv3utodUjOmP9q",
    +     "probability": 0.996118000259589,
    +     "question": "Will January 14th's Wordle start with a consonant?",
    +   },
    +   Object {
    +     "id": "BQINWjJaLWLvqMBLyqkX",
    +     "probability": 0.027965598391214784,
    +     "question": "Will TSLA reach 1.5k by the end of 2022?",
    +   },
    +   Object {
    +     "id": "9EWjOFH6VHw7cYmKKWyX",
    +     "probability": 0.975546052566539,
    +     "question": "Will Moderna report positive results for its children's vaccine before the end of March 2022?",
    +   },
    +   Object {
    +     "id": "3lMHrNz6DesC7600rl29",
    +     "probability": 0.9677909763199258,
    +     "question": "Will at least $200 be bet on 'yes' in the \"Will aliens land before March 2022?\" market?",
    +   },
    +   Object {
    +     "id": "eFCM8TUS0xy4LUpjL1bz",
    +     "probability": 0.029512620058192687,
    +     "question": "Will Stripe IPO by the end of June 2022?",
    +   },
    +   Object {
    +     "id": "fgqP4Sm2PU2Xm1MDdFHS",
    +     "probability": 0.005474388427105584,
    +     "question": "Will Stripe IPO by the end of September 2022?",
    +   },
    +   Object {
    +     "id": "zFxrc3m3GKQlG3n2CCLV",
    +     "probability": 0.020000000000000025,
    +     "question": "Will Stripe IPO by the end of December 2022?",
    +   },
    +   Object {
    +     "id": "4xaG3yK61gpwujCrvTK4",
    +     "probability": 0.05139487127546844,
    +     "question": "Will Matt Darling win the 2022 Neoliberal Shill Contest?",
    +   },
    +   Object {
    +     "id": "TvCw2E8qd7JmZsGQvqEg",
    +     "probability": 0.009218223463269913,
    +     "question": "Will there be a kinetic strike on an Iranian Nuclear Facility?",
    +   },
    +   Object {
    +     "id": "KMvjE1fetnIv6yujNP7Z",
    +     "probability": 0.9749764232043429,
    +     "question": "Will there be over 200 Ukrainian Military deaths by the end of March 2022",
    +   },
    +   Object {
    +     "id": "eITyjM2TdY8P9kd8nhwE",
    +     "probability": 0.0847315299101753,
    +     "question": "Will Midnight the stray cat allow humans to pet her by April 1st, 2022",
    +   },
    +   Object {
    +     "id": "XJdCBuC9OibfeL4yLInU",
    +     "probability": 0.05506784423044906,
    +     "question": "Will any version of Build Back Better be signed into law before March 1st 2022?",
    +   },
    +   Object {
    +     "id": "gyYJo1K5OW8DJ1omMDYD",
    +     "probability": 0.11664652142293902,
    +     "question": "Will there be US Constitutional reform by 2027?",
    +   },
    +   Object {
    +     "id": "pzz2RSYsyGIiUFFgjOSH",
    +     "probability": 0.03912574594951145,
    +     "question": "Will Starlink IPO by the end 2023?",
    +   },
    +   Object {
    +     "id": "QTiEJfDPHDhrY9762zJw",
    +     "probability": 0.03179170748426028,
    +     "question": "Will Starlink IPO by the end 2024?",
    +   },
    +   Object {
    +     "id": "vOsfztKzCVYlJ39jeD56",
    +     "probability": 0.17114876826780412,
    +     "question": "Will Starlink IPO by the end 2025?",
    +   },
    +   Object {
    +     "id": "S4JoSrI2Ck6gy4oJmNgH",
    +     "probability": 0.2500000000000002,
    +     "question": "Will Starlink IPO by the end 2026?",
    +   },
    +   Object {
    +     "id": "fulgfs9R8ITGhvF3lb33",
    +     "probability": 0.025791226212548517,
    +     "question": "Will there be five or more American Military Casualties in Iraq or Syria due to an attack by Iranian backed groups in 2022",
    +   },
    +   Object {
    +     "id": "ntKOWECROxViqmw7pf9i",
    +     "probability": 0.6549236415845165,
    +     "question": "Will Starlink IPO by the end 2027?",
    +   },
    +   Object {
    +     "id": "CX5vN5bFulAIrrIrsdzq",
    +     "probability": 0.15449304975043146,
    +     "question": "Medlock pets the cat by June 1st 2022",
    +   },
    +   Object {
    +     "id": "dLWaqmfacgu0IUM7H8g9",
    +     "probability": 0.047387525428158384,
    +     "question": "Matt Darling wins the neoliberal shill contest AND James Medlock pets The Cat by 4/1/2022",
    +   },
    +   Object {
    +     "id": "GBJrXr1zRgaFCw2lY6pu",
    +     "probability": 0.014554950850215029,
    +     "question": "Will R.M. still work at T. by the end of 2022?",
    +   },
    +   Object {
    +     "id": "FoA5JNtvTB5QTdyrJSHu",
    +     "probability": 0.453514739229025,
    +     "question": "Will Tcs companies have a total capitalization exceeding $500m by the end of 2022?",
    +   },
    +   Object {
    +     "id": "xNaZfcgXQyMzF42XalP7",
    +     "probability": 0.014526203935660684,
    +     "question": "Will Manifold Markets require Proof of Humanity by the end of 2022?",
    +   },
    +   Object {
    +     "id": "XefLCEiiaKnxXKaY5qKR",
    +     "probability": 0.9207696549170502,
    +     "question": "Will 4 members of Tcs get engaged or married by the end of 2022?",
    +   },
    +   Object {
    +     "id": "OH9G7au1Doo4GpfQpGWD",
    +     "probability": 0.13999999999999993,
    +     "question": "Will there be at least one TC baby by the end of 2023?",
    +   },
    +   Object {
    +     "id": "lFDvqeWDB4kR8QHBfAZ3",
    +     "probability": 0.6948242187500001,
    +     "question": "Will the winner of the semi-finals of my \"which animal would evolve intelligence if primates hadn't existed\" tournament go on to win the whole thing?",
    +   },
    +   Object {
    +     "id": "Y7chgPuojBuzkfLKlm7K",
    +     "probability": 0.1766805472932778,
    +     "question": "Will Sans and Papyrus Commentary return by February 2022?",
    +   },
    +   Object {
    +     "id": "TRZqdyUnYJ0bScisKUYb",
    +     "probability": 0.1832614619584526,
    +     "question": "Will NorthernLion eat a sandwich containing at least 250 calories on a livestream before February 2022?",
    +   },
    +   Object {
    +     "id": "C4JbXYrstvcvjXmXVhHB",
    +     "probability": 0.1728395061728395,
    +     "question": "Will humanity go extinct within five minutes of this poll being created?",
    +   },
    +   Object {
    +     "id": "LKRS1WC1g0Hdo2NAdUd6",
    +     "probability": 0.5,
    +     "question": "Test",
    +   },
    +   Object {
    +     "id": "I6nT7FCBFU3TZtODRV77",
    +     "probability": 0.68,
    +     "question": "Will Democrats lose Senate majority after 2022 midterm elections?",
    +   },
    +   Object {
    +     "id": "CGtDhDRjEca4GAqc9JkQ",
    +     "probability": 0.7060674965635078,
    +     "question": "Should Manifold Markets implement this feature: Pre-commit to a resolution mechanism",
    +   },
    +   Object {
    +     "id": "JVY6i36gPWYpoiBDaTsH",
    +     "probability": 0.6021892837136066,
    +     "question": "Should Manifold Markets implement this feature: Propose a question for someone else to judge",
    +   },
    +   Object {
    +     "id": "Lg6Fd2GCrmctfPmY8qq0",
    +     "probability": 0.43640275808107964,
    +     "question": "Should Manifold Markets implement this feature: Resolution Bonds",
    +   },
    +   Object {
    +     "id": "nqUQGUvYscQaKf43yoMN",
    +     "probability": 0.61131744720665,
    +     "question": "Will the most cost-effective charity on Givewell's cost effectiveness spreadsheet at the end of 2022 be a Vitamin A supplementation charity?",
    +   },
    +   Object {
    +     "id": "4amdGgZFKTxUMC3Fym6F",
    +     "probability": 0.0133571694907955,
    +     "question": "Will Joe Biden win the 2024 US Presidential Election?",
    +   },
    +   Object {
    +     "id": "Ua0kzjbcBjwSySES4hYt",
    +     "probability": 0.44475342231144166,
    +     "question": "Will Donald Trump win the 2024 US Presidential Election?",
    +   },
    +   Object {
    +     "id": "PFvpxts5LpHOTSK2yY45",
    +     "probability": 0.0014845924785191044,
    +     "question": "Will Bernie Sanders seek the Democratic Party's nomination for president in 2024?",
    +   },
    +   Object {
    +     "id": "qkKnkE3MLReZQHsYr17x",
    +     "probability": 0.5076206446661744,
    +     "question": "Will Harvard University require a second booster (defined as a fourth dose of Moderna or Pfizer or a third dose if initially taken J&J) for students before 31 Dec 2022?",
    +   },
    +   Object {
    +     "id": "c8ZIGDvmS2RBCoRUe7Ym",
    +     "probability": 0.11885140168163505,
    +     "question": "Will Joe Rogan mention the recent study on Cannabis affording protection against COVID-19 within the next two weeks?",
    +   },
    +   Object {
    +     "id": "zdiaIb2ESdQTigYojUsP",
    +     "probability": 0.030600108934413305,
    +     "question": "Will France still be requiring the Health Pass (Pass Sanitaire) for entry into restaurants on 1 Oct 2022?",
    +   },
    +   Object {
    +     "id": "LPX5w620YXqW6IERru5k",
    +     "probability": 0.46733879437093045,
    +     "question": "Should Manifold Markets implement this feature: support Markdown in the description field",
    +   },
    +   Object {
    +     "id": "Yf04PH7FqYVSsIIRUz9M",
    +     "probability": 0.8121928528356938,
    +     "question": "Will New York City public schools discontinue all COVID testing of students before 31 Dec 2022?",
    +   },
    +   Object {
    +     "id": "EVqTOAlO6KtkcG2FcKXj",
    +     "probability": 0.0422040591266617,
    +     "question": "Will Richmond, Virginia, take concrete steps towards a Land Value Tax by 2023?",
    +   },
    +   Object {
    +     "id": "406KLS7Sh9vwUKJehCM2",
    +     "probability": 0.9461279931707434,
    +     "question": "Will Young Georgists of America's GoFundMe campaign be fully funded in 24 hours or less?",
    +   },
    +   Object {
    +     "id": "DG5hbHuB328hsV8roaXl",
    +     "probability": 0.93,
    +     "question": "Will at least $50,000 be granted to EA charities as a result of Project for Awesome 2022?",
    +   },
    +   Object {
    +     "id": "DpIYaXVbefk4c5xLovbB",
    +     "probability": 0.6599999999999998,
    +     "question": "Will at least $100,000 be granted to EA charities as a result of Project for Awesome 2022?",
    +   },
    +   Object {
    +     "id": "Zqszx5UHHOwqBJ4f7GzL",
    +     "probability": 0.22,
    +     "question": "Will at least $200,000 be granted to EA charities as a result of Project for Awesome 2022?",
    +   },
    +   Object {
    +     "id": "PqUBnzj3tWCD8QAgtV8p",
    +     "probability": 0.08524033347818503,
    +     "question": "Will \"Manifolders\" become the defacto name for what users of this site call themselves by February 2022?",
    +   },
    +   Object {
    +     "id": "vgXCxvRp7wja5zWL5X7C",
    +     "probability": 0.2831246932576702,
    +     "question": "If Joe Biden becomes the Democratic nominee, will he win the 2024 election?",
    +   },
    +   Object {
    +     "id": "r6tg7GenC2jXu2c287Hc",
    +     "probability": 0.7405574061546986,
    +     "question": "Will the United States cut Russia off from the SWIFT system by 2023?",
    +   },
    +   Object {
    +     "id": "QEg1vyVPIt8H4YH1UomV",
    +     "probability": 0.4211705768160338,
    +     "question": "Within 6 months at least 15 of the top most trade Markets will be self-promotional in nature.",
    +   },
    +   Object {
    +     "id": "qtuTqRH5nxkHmYl8H7sX",
    +     "probability": 0.031780498432263174,
    +     "question": "Will Twitter permanently ban a second sitting member of Congress in 2022?",
    +   },
    +   Object {
    +     "id": "qaty621LjYtTIIA8isjW",
    +     "probability": 0.955227644583643,
    +     "question": "Will the Nord Stream 2 pipeline be blocked or sanctioned by 2023?",
    +   },
    +   Object {
    +     "id": "rZw3lUIEwGJPw6BLUIhX",
    +     "probability": 0.053889534549966304,
    +     "question": "Will Ukraine be an official member of NATO by 2025?",
    +   },
    +   Object {
    +     "id": "pdtn8a8nwuwezrXvDQO2",
    +     "probability": 0.06641669121460532,
    +     "question": "Will Malta be an official member of NATO by 2025?",
    +   },
    +   Object {
    +     "id": "RgjUvwhvwLfqfXPCOEWj",
    +     "probability": 0.05050567669769161,
    +     "question": "Will Cyprus be an official member of NATO by 2025?",
    +   },
    +   Object {
    +     "id": "d42pN6fMta62SNMIPfOu",
    +     "probability": 0.042030881520288395,
    +     "question": "Will Ireland be an official member of NATO by 2025?",
    +   },
    +   Object {
    +     "id": "jHsdeIU5WuoJUUBlrGKL",
    +     "probability": 0.04064600177849823,
    +     "question": "Will Austria be an official member of NATO by 2025?",
    +   },
    +   Object {
    +     "id": "dm8kDfQ1HDOhW8VVCjN7",
    +     "probability": 0.996233358904717,
    +     "question": "Will Sweden be an official member of NATO by 2025?",
    +   },
    +   Object {
    +     "id": "b72B3SYfUubnn28lGuup",
    +     "probability": 0.9995133833080432,
    +     "question": "Will Finland be an official member of NATO by 2025?",
    +   },
    +   Object {
    +     "id": "hciZJLxDJSjDyJOJAOHs",
    +     "probability": 0.26,
    +     "question": "Will Ukraine fulfill its obligations with respect to Donetsk and Luhansk Oblast by 2023?",
    +   },
    +   Object {
    +     "id": "6HqQX70oGgfgoujeG3oQ",
    +     "probability": 0.008278468864305506,
    +     "question": "Will another long-mysterious disease turn out to have been caused by a Virus all along before 2023?",
    +   },
    +   Object {
    +     "id": "ASJmpa3sKa9YCfANznKK",
    +     "probability": 0.03988795763727704,
    +     "question": "Will Djokovic play in the Australian Open",
    +   },
    +   Object {
    +     "id": "nI9a5HfLQwlUGnXSrBir",
    +     "probability": 0.03423702372039668,
    +     "question": "Will Russia invade Ukraine before the end of January?",
    +   },
    +   Object {
    +     "id": "EZ9boZQDT395RYuNbFto",
    +     "probability": 0.1777216290726192,
    +     "question": "Will M'Baku (Winston Duke) take on the title of Black Panther in Black Panther 2 and future Marvel movies?",
    +   },
    +   Object {
    +     "id": "R84oirZHT2CTbdsucMC5",
    +     "probability": 0.33720976227206195,
    +     "question": "Will Novak Djokovic play a game in this year's Australian open?",
    +   },
    +   Object {
    +     "id": "xU8flZgF13yCfMbYCjf7",
    +     "probability": 0.03496152003320958,
    +     "question": "Will the Liberal party win the next Australian Federal election?",
    +   },
    +   Object {
    +     "id": "vw6B8POBdcGXs4HWjlDx",
    +     "probability": 0.9938303812240399,
    +     "question": "If Boris Johnson is leader of the Conservative party, will they lose seats in the local elections, on net?",
    +   },
    +   Object {
    +     "id": "LqTMfGuT1FrbqEZK50xQ",
    +     "probability": 0.7540406068863308,
    +     "question": "If Boris Johnson is not leader of the Conservative party, will they lose seats in the local elections, on net?",
    +   },
    +   Object {
    +     "id": "HCZNa86IiNBoX51Kpwuv",
    +     "probability": 0.4952300478424535,
    +     "question": "I will flip a coin to determine this market.",
    +   },
    +   Object {
    +     "id": "8eM9t6wpy733Gwmr5aKI",
    +     "probability": 0.5407113566943752,
    +     "question": "If Kamala Harris becomes the Democratic nominee, will she win the 2024 election?",
    +   },
    +   Object {
    +     "id": "YaMCtfzJZTc0nObxqvaI",
    +     "probability": 0.9478289717483098,
    +     "question": "If Keir Starmer is the leader of the Labour Party going into the next UK general election, will the Labour Party win?",
    +   },
    +   Object {
    +     "id": "Zl5QvpkGBF2zkoJg8itV",
    +     "probability": 0.5051242928176163,
    +     "question": "Should Manifold Markets implement this feature: Ban pseudonyms and require real names",
    +   },
    +   Object {
    +     "id": "shN1BQgkbiFYx8j64q5E",
    +     "probability": 0.3320425648527401,
    +     "question": "Should Manifold Markets implement this feature: Notifications",
    +   },
    +   Object {
    +     "id": "a2pufU4hXiyGq6tsVsxm",
    +     "probability": 0.12800381347646184,
    +     "question": "Will Donald Trump by the President of the United States by Feb. 28, 2022?",
    +   },
    +   Object {
    +     "id": "rU68foE9DivkE8WsjzC7",
    +     "probability": 0.0074517985400830685,
    +     "question": "Will the GOP control the US Senate in 2023?",
    +   },
    +   Object {
    +     "id": "xtPMdE35FyiaQDvOMAeV",
    +     "probability": 0.9900829740980528,
    +     "question": "Will the GOP control the US House of Representatives in 2023?",
    +   },
    +   Object {
    +     "id": "tjPU8mW958WiDb1x4l67",
    +     "probability": 0.05872479249525774,
    +     "question": "Will Manifold implement demurrage?",
    +   },
    +   Object {
    +     "id": "CJIe8v4O8DzlLeikL8gv",
    +     "probability": 0.054223343499154524,
    +     "question": "Will Manifold lower the starting balance to M$ 500?",
    +   },
    +   Object {
    +     "id": "EaxycYOj4SSEUGuqFOJ9",
    +     "probability": 0.3656097423287498,
    +     "question": "Will the Kansas City Chiefs win the 2022 Super Bowl?",
    +   },
    +   Object {
    +     "id": "yBMZUf8fxoefhzZ3a8eo",
    +     "probability": 0.8547646009204612,
    +     "question": "Will Punxsutawney Phil see his shadow on Groundhog's Day, 2022?",
    +   },
    +   Object {
    +     "id": "VaDrABlXCydrFwaWa11M",
    +     "probability": 0.432975,
    +     "question": "Will Punxsutawney Phil's behavior on Groundhog's Day 2022 correctly predict winter's end?",
    +   },
    +   Object {
    +     "id": "V288UeQ98h4j3KPbceiJ",
    +     "probability": 0.9816733067729083,
    +     "question": "Will Lewis Hamilton compete in 2022 F1 Championship?",
    +   },
    +   Object {
    +     "id": "OOADnPjVx51AiDRuwCst",
    +     "probability": 0.8598456389590875,
    +     "question": "Will Kyrie Irving play at home in this regular season?",
    +   },
    +   Object {
    +     "id": "Eiee2FHa0Ze4LCDbVuMo",
    +     "probability": 0.8666666666666667,
    +     "question": "Will Australia win the 5th Ashes test against England?",
    +   },
    +   Object {
    +     "id": "grIV0O3yJJSxdola8YJ4",
    +     "probability": 0.6280991735537191,
    +     "question": "Will the Tampa Bay Buccaneers beat the Philadelphia Eagles in the NFL playoff game today?",
    +   },
    +   Object {
    +     "id": "bFxoyPcKdSDyqBAEcryp",
    +     "probability": 0.806717992983344,
    +     "question": "Will the Worldometers Covid counter register 888,888 US deaths before February?",
    +   },
    +   Object {
    +     "id": "M3HabgjeyfIbB4YZ1Tcx",
    +     "probability": 0.04959660144640583,
    +     "question": "Will China report more than 100,000 confirmed COVID-19 cases for any single day before May 2022?",
    +   },
    +   Object {
    +     "id": "4W5yR8ZARDCGKOLumBTd",
    +     "probability": 0.8106769921907984,
    +     "question": "Will Argentina reach a deal with the IMF before June 2022?",
    +   },
    +   Object {
    +     "id": "FaHfgLVXKAgP1IyamRRr",
    +     "probability": 0.5968800141792829,
    +     "question": "Will Democrats lose more than 10 seats during the 2022 midterms?",
    +   },
    +   Object {
    +     "id": "LAeVo28wPaBS5q9RsI4n",
    +     "probability": 0.6140484494297295,
    +     "question": "Will unemployment continue decreasing?",
    +   },
    +   Object {
    +     "id": "bR9vEMqfK50tHzSp4A74",
    +     "probability": 0.1414388261173002,
    +     "question": "Will the US Covid case count on Jan 17th be the highest of any day in January?",
    +   },
    +   Object {
    +     "id": "WsGJWtLiqwrWZ2N2CyKI",
    +     "probability": 0.37040441176470584,
    +     "question": "Will the US Covid case count on Jan 18th be the highest of any day in January?",
    +   },
    +   Object {
    +     "id": "wZ1n3hVEHlv1puPeverR",
    +     "probability": 0.47216452168291423,
    +     "question": "Will AOC run for President by 2040?",
    +   },
    +   Object {
    +     "id": "Y7djIzB4Ncc3uIyEVcSn",
    +     "probability": 0.886496754862029,
    +     "question": "Will there be another high-profile cancellation a la James Damore or Tim Hunt by EOY?",
    +   },
    +   Object {
    +     "id": "aIngH9tLS86JOpZAzpD3",
    +     "probability": 0.9129693226943454,
    +     "question": "Will Trump's social media app actually launch by Presidents' Day?",
    +   },
    +   Object {
    +     "id": "6eLeF7jgZi6zEvPaUiDG",
    +     "probability": 0.04936106345080079,
    +     "question": "Will Spacex's Starship complete one full loop of the earth before July 2022?",
    +   },
    +   Object {
    +     "id": "YTIuuSsNRn2OlA4KykRM",
    +     "probability": 0.006783801713679279,
    +     "question": "Will Biden be the 2024 Democratic Nominee?",
    +   },
    +   Object {
    +     "id": "VCCqFnzW19JIqMmYLtE1",
    +     "probability": 0.08999999999999997,
    +     "question": "Will I, a triply-jabbed UK citizen, get another jab before the end of 2022",
    +   },
    +   Object {
    +     "id": "UsXw1ldblNSTd9SIeeWw",
    +     "probability": 0.9962924168128574,
    +     "question": "Will a 40 person indoor professional event be legal in UK, July 1st?",
    +   },
    +   Object {
    +     "id": "lkToYUsoY45oIlYHP7wf",
    +     "probability": 0.9870103143237103,
    +     "question": "Will more than 15,000 people be killed in the Russo-Ukrainian War this year?",
    +   },
    +   Object {
    +     "id": "duRlDkKjMOXjWdqSnY3R",
    +     "probability": 0.9779040039942768,
    +     "question": "Will more than 5,000 people be killed in the Russo-Ukrainian War this year?",
    +   },
    +   Object {
    +     "id": "Xe1P0ojpOpVWaKGj4OFZ",
    +     "probability": 0.9499999999999995,
    +     "question": "Will Bobby Kotick still be CEO of Activision Blizzard in 2023?",
    +   },
    +   Object {
    +     "id": "9NJeikZN08vOkvcM3uc4",
    +     "probability": 0.9769031617301634,
    +     "question": "Will Lina Kahn attempt to block Microsoft's Acquisition of Activision-Blizzard-King?",
    +   },
    +   Object {
    +     "id": "JZG4uklvOTV8D8oMU3ZC",
    +     "probability": 0.060167451437569054,
    +     "question": "Is funding Ugandans to study in Germany is at least 10x more effective than GiveDirectly cash transfers? Lasts a week. Can resolve ambiguously.",
    +   },
    +   Object {
    +     "id": "48QeZzHeRWdoQoIdJavG",
    +     "probability": 0.16565671053103379,
    +     "question": "Will the Bills finally win a super bowl this year?",
    +   },
    +   Object {
    +     "id": "yv09fTbl7InW8QhPf5sE",
    +     "probability": 0.08844123048668502,
    +     "question": "Will Solana be ahead of Cardano by the end of the week?",
    +   },
    +   Object {
    +     "id": "NNSVgbwM9CVyorYnRaQO",
    +     "probability": 0.94074011227691,
    +     "question": "Will Joe Biden's approval rating be above 40% by the end of the month?",
    +   },
    +   Object {
    +     "id": "d5ijXgfjyiiZzIkb5lTI",
    +     "probability": 0.9676233711072044,
    +     "question": "Will Blake Masters win the 2022 Arizona Republican Senate nomination?",
    +   },
    +   Object {
    +     "id": "QQcuecSOc5Fh2LU7b3rK",
    +     "probability": 0.026622621499921107,
    +     "question": "Will the USA have a female president in 2022?",
    +   },
    +   Object {
    +     "id": "cBji5n5cRFCZoS1coC2J",
    +     "probability": 0.035997283348827167,
    +     "question": "Will Boris Johnson leave office before Feb 1st 2022?",
    +   },
    +   Object {
    +     "id": "szaW56Ok2s7BgJJVBvUz",
    +     "probability": 0.09260204081632654,
    +     "question": "Will Texas Rep Henry Cueller be indicted before his March 1st, 2022 Primary Date?",
    +   },
    +   Object {
    +     "id": "LHNIwpG23F5EkJlhIWU6",
    +     "probability": 0.47141669519291896,
    +     "question": "Will Texas Rep Henry Cueller win the Democratic Primary Election for his seat on March 1st?",
    +   },
    +   Object {
    +     "id": "UxJOejb1dqehENfj1srX",
    +     "probability": 0.24609375,
    +     "question": "Will Magnus Carlsen lose any regular game in the 2022 Tata Steel Masters?",
    +   },
    +   Object {
    +     "id": "xSBF5kM5nUVWa3dLbBJU",
    +     "probability": 0.5212443929846988,
    +     "question": "If we launch a token in 2022, will it have a market cap of $20M by Jan 2023?",
    +   },
    +   Object {
    +     "id": "PDaBNoy7Wfy0lFrMm8F0",
    +     "probability": 0.4,
    +     "question": "Will Daniil Medvedev win the 2022 Australian Open?",
    +   },
    +   Object {
    +     "id": "FDIzNmOvF82odJv05jIX",
    +     "probability": 0.9023783929051331,
    +     "question": "Will Ben's party happen on Feb 11th?",
    +   },
    +   Object {
    +     "id": "WsQEDOhnpOXXcZRDF6Ab",
    +     "probability": 0.6310040860311034,
    +     "question": "Will Dr. P's question about Trump being president by Feb. 28, 2022 be resolved accurately?",
    +   },
    +   Object {
    +     "id": "edaTj90qfFVo4vZxJk7t",
    +     "probability": 0.6435911303407247,
    +     "question": "What will Joe Biden's approval rating be on February 1?",
    +   },
    +   Object {
    +     "id": "TummyVBZKkzO8ufkNs5K",
    +     "probability": 0.02316865540433813,
    +     "question": "Will Manifold Markets have a better Brier score than Matt Yglesias on the #MattYglesias2022 questions?",
    +   },
    +   Object {
    +     "id": "7Jr2UgpUCqrUvQkp3NXT",
    +     "probability": 0.011780896989372855,
    +     "question": "Will bitcoin fall below $30,000 by the end of the month?",
    +   },
    +   Object {
    +     "id": "Zyp4EshoJIl7hvZpHQJF",
    +     "probability": 0.013763342815590674,
    +     "question": "Will any major known associates of Jeffrey Epstein (besides Ghislaine Maxwell) be TRIED in open court (in any jurisdiction), in either civil or criminal court, in 2022? Pre-trial 
settlements don't count.",
    +   },
    +   Object {
    +     "id": "89JEzS8KjN43cIUO3Pq4",
    +     "probability": 0.6500000000000001,
    +     "question": "Will any major known associates of Jeffrey Epstein (besides Ghislaine Maxwell) SETTLE a case out of court (in any jurisdiction), in either a civil or criminal case, in 2022?",
    +   },
    +   Object {
    +     "id": "DJXn64PJiJryL62RMWmd",
    +     "probability": 0.02109668250081823,
    +     "question": "Will I be signed up for cryonics by the end of the year?",
    +   },
    +   Object {
    +     "id": "ktT9HmRMWW6mrK9AYISP",
    +     "probability": 0.17619986850756078,
    +     "question": "Will stocks crash on Monday?",
    +   },
    +   Object {
    +     "id": "SWIlFQQ6rEWC13UgFVvB",
    +     "probability": 0.2425044616299821,
    +     "question": "Will I hit #3 in the top trader leaderboards on February 2?",
    +   },
    +   Object {
    +     "id": "xYCSsiS7ceglcd0Nfuhv",
    +     "probability": 0.968156538006944,
    +     "question": "Will the US Government Declassify more UFO footage in 2022?",
    +   },
    +   Object {
    +     "id": "eV0eJweQqMzQBgn6f48I",
    +     "probability": 0.011687578406677201,
    +     "question": "Will Laser SETI find non-natural extraterrestrial laser pulses before July 2022?",
    +   },
    +   Object {
    +     "id": "fcBEh8QjsxwwqxNw4GvM",
    +     "probability": 0.36734693877551017,
    +     "question": "Will Shiba Inu remain in Coinbase's top 10 through March?",
    +   },
    +   Object {
    +     "id": "x10FJ1ffYqLf73i85TmN",
    +     "probability": 0.002797553863099794,
    +     "question": "Will Turkey land on the moon in 2023?",
    +   },
    +   Object {
    +     "id": "7zZQAXsGlypLixghpSIb",
    +     "probability": 0.04144842868228368,
    +     "question": "Will a trans female athlete win an Olympic medal (any class) in any women's game category in 2024?",
    +   },
    +   Object {
    +     "id": "OBlDj6F0L4zRm5Qaqmgq",
    +     "probability": 0.09705191025589405,
    +     "question": "How many more markets will I create by May 1, 2022?",
    +   },
    +   Object {
    +     "id": "QgMniaelfAgfVhyE5ufd",
    +     "probability": 0.8913937819730998,
    +     "question": "Will anyone get married after first meeting in person at vibecamp #1? Resolves 2030.",
    +   },
    +   Object {
    +     "id": "hFDbESwQfDTHvAGGXYrm",
    +     "probability": 0.2058370989038112,
    +     "question": "Will I test positive for Covid by May 1, 2022?",
    +   },
    +   Object {
    +     "id": "tQq7R3zzBphgCEU2DzeZ",
    +     "probability": 0.17128238750250802,
    +     "question": "Will General Fusion's Oxford demonstration plant be operational before Jan 1st, 2026?",
    +   },
    +   Object {
    +     "id": "IGhjmoMpKNiXikilX67x",
    +     "probability": 0.04548469874323608,
    +     "question": "Will Helion's Polaris fusion reactor produce net electricity by Jan 1st, 2025?",
    +   },
    +   Object {
    +     "id": "UNLXa1RJdMxg9VmaYTrF",
    +     "probability": 0.2616286030536545,
    +     "question": "Will Commonwealth Fusion System's SPARC fusion reactor achieve \"commercially relevant net energy from fusion\" by Jan 1st, 2026?",
    +   },
    +   Object {
    +     "id": "l2vkgmDkil5EzfUHp8VV",
    +     "probability": 0.09492311890578478,
    +     "question": "Will Austin TX leave COVID Stage 5 prior to February 15, 2022?",
    +   },
    +   Object {
    +     "id": "flAFNuSp1VDH6vACUyGi",
    +     "probability": 0.012111621031628593,
    +     "question": "Will the 4D puzzle game Miegakure be available for purchase before Dec 31st, 2022?",
    +   },
    +   Object {
    +     "id": "FWOWGEc89skYSzuN7k4J",
    +     "probability": 0.7122473246135553,
    +     "question": "Will Manifold Markets win an EA Grant?",
    +   },
    +   Object {
    +     "id": "qXrrt4sQEbab6SJahdzv",
    +     "probability": 0.5,
    +     "question": "Will a fully fault-tolerant surface code be constructed by June 2020?",
    +   },
    +   Object {
    +     "id": "PUcCOsqPo1IPFgwhtxuI",
    +     "probability": 0.06831265202412737,
    +     "question": "Will a fully fault-tolerant surface code by realized by June 2022",
    +   },
    +   Object {
    +     "id": "B81u8R9mq4wcmD2btMLg",
    +     "probability": 0.8611840128015745,
    +     "question": "Will Sally Rooney's next novel be not-too-different in style to her first three?",
    +   },
    +   Object {
    +     "id": "Eh8zILsYgwYKzbaZ7nbo",
    +     "probability": 0.02267114414214266,
    +     "question": "Will the Scottish government ask the UK government for a section 30 order, to facilitate a referendum for Scottish independence, by 31-Dec-2022?",
    +   },
    +   Object {
    +     "id": "dPZhKrCNHNMHsBLYpACB",
    +     "probability": 0.039999999999999945,
    +     "question": "If Scotland asks for a section 30 order for an independence referendum, will UK grant one in 2022?",
    +   },
    +   Object {
    +     "id": "KGNrVfLnstMvnSMVBip2",
    +     "probability": 0.9775685521784344,
    +     "question": "Will Nicola Sturgeon be First Minister of Scotland on 31 December 2022?",
    +   },
    +   Object {
    +     "id": "7MwwlJfkGzgJxWXNifGe",
    +     "probability": 0.13984102134492155,
    +     "question": "Will Manifold Markets win an Emergent Ventures grant?",
    +   },
    +   Object {
    +     "id": "cMS9577bYZtp5W1cFiQS",
    +     "probability": 0.3992346938775511,
    +     "question": "Will Manifold Markets win a Pluralism and Civil Exchange grant?",
    +   },
    +   Object {
    +     "id": "SWXmAR9wqArHftCb7hLU",
    +     "probability": 0.025525606740866937,
    +     "question": "Will  Jasper Fforde produce the sequel to Shades of Grey in August of  2022?",
    +   },
    +   Object {
    +     "id": "wSL83NJ0voJlIDf2ZM7W",
    +     "probability": 0.9438288704216682,
    +     "question": "Will Ketanji Brown Jackson be nominated to fill a Supreme Court seat vacated by Stephen Breyer?",
    +   },
    +   Object {
    +     "id": "zBt7z7fWZ1vDt2hnQC3Z",
    +     "probability": 0.9503806228594933,
    +     "question": "Will the wayward Falcon 9 booster hit the moon on March 4th?",
    +   },
    +   Object {
    +     "id": "QNvsRqpIeza3Fl9zjUiJ",
    +     "probability": 0.11993338094649034,
    +     "question": "Will 20 users create a fold by Feb 10?",
    +   },
    +   Object {
    +     "id": "uuLBzTrNYpKzl5QbIGXd",
    +     "probability": 0.19763009532119102,
    +     "question": "Will Games Workshop produce multicoloured miniatures with rules to use them in any of their mainline games (Warhammer 40000 / Age of Sigmar) by 01/01/2026?",
    +   },
    +   Object {
    +     "id": "MTQ6ULhyuN7a3Kn6bh0m",
    +     "probability": 0.005162922919640445,
    +     "question": "Will Texas secede from the US in the next 50 years?",
    +   },
    +   Object {
    +     "id": "qODPvT3lEnURANzRbzAg",
    +     "probability": 0.30216942148760334,
    +     "question": "Will the next Hearthstone expansion be Pandaria themed?",
    +   },
    +   Object {
    +     "id": "vAFQs4zmhV2fNoISpH5p",
    +     "probability": 0.7570402594302215,
    +     "question": "Will 'Russia invades Ukraine' be above 70% by Feb 10?",
    +   },
    +   Object {
    +     "id": "NsYsJjNxQ1ygwF4OY5WN",
    +     "probability": 0.9011155379977205,
    +     "question": "Will 'Russia invades Ukraine' move by 20% before Feb 10?",
    +   },
    +   Object {
    +     "id": "Zs4l5hpzpsKEwAkfvn3P",
    +     "probability": 0.17523685356743396,
    +     "question": "Is AI a greater existential risk to humanity than a pandemic?",
    +   },
    +   Object {
    +     "id": "T3WBx6cbjkzpaHJSY1Nm",
    +     "probability": 0.016262155280338496,
    +     "question": "Will any countries that are not currently known to have nuclear weapons test a functioning nuclear warhead in 2022?",
    +   },
    +   Object {
    +     "id": "U0xpWAgrTduOPTTKZPZ0",
    +     "probability": 0.9777668659202652,
    +     "question": "Is a market that always resolves to MKT particularly prone to market manipulation?",
    +   },
    +   Object {
    +     "id": "WiVPNz4LUFVW7eWlyqJ8",
    +     "probability": 0.11119435642196372,
    +     "question": "Will Axie Infinity's Battles V3 \"Axie: Origin\" launch prior to the end of Q1 2022 (March 31)",
    +   },
    +   Object {
    +     "id": "FRvNxZ3wFiY1tmMJQOrn",
    +     "probability": 0.010313654025373993,
    +     "question": "Will the Worldometers Covid counter register 1,000,000 US deaths before March 15?",
    +   },
    +   Object {
    +     "id": "40MKkTmSOSYJttfHFzmN",
    +     "probability": 0.17921344261152505,
    +     "question": "Will the US quits rate be below 2.5% at the end of 2022",
    +   },
    +   Object {
    +     "id": "x8Mtn7fe3wsQ68C6xTAO",
    +     "probability": 0.05415749160314521,
    +     "question": "Will the cyber truck go into full production in 2023?",
    +   },
    +   Object {
    +     "id": "3QicUEAK34FYKgqVqruF",
    +     "probability": 0.03981043101724093,
    +     "question": "Will a trans female athlete win an Olympic gold medal in any women's game category in 2024?",
    +   },
    +   Object {
    +     "id": "9Dz32SmWfuE8VuD9hBug",
    +     "probability": 0.7195903852966261,
    +     "question": "Will any US state excel its previous best for standardized test scores in 2021?",
    +   },
    +   Object {
    +     "id": "1F9OmScE3wrkEGMjZR5N",
    +     "probability": 0.8674644996849763,
    +     "question": "Leveraged (Feb 10): Will Russia invade Ukrainian territory in 2022?",
    +   },
    +   Object {
    +     "id": "241RhInr064MMpSjddAL",
    +     "probability": 0.84,
    +     "question": "How many additional subscribers will my newsletter have by the end of February?",
    +   },
    +   Object {
    +     "id": "mBL4ntkwwlD42VhzW3M5",
    +     "probability": 0.01408988215424165,
    +     "question": "1. Will BidenΓÇÖs approval rating (as per 538) be greater than 50% at the end of 2022?",
    +   },
    +   Object {
    +     "id": "f15G6FYHOf17zdfDH9GJ",
    +     "probability": 0.020000000000000018,
    +     "question": "2. Will there be at least $250 million in damage from a single round of mass protests in US in 2022?",
    +   },
    +   Object {
    +     "id": "go914qD9GjuIyWcJOP3E",
    +     "probability": 0.9786652847034659,
    +     "question": "3. Will PredictIt think Joe Biden is the most likely 2024 Dem nominee by the end of 2022?",
    +   },
    +   Object {
    +     "id": "rNJHw7DH4TA12WXjeGHO",
    +     "probability": 0.029671902952678755,
    +     "question": "4. Will PredictIt think Donald Trump is the most likely 2024 GOP nominee by the end of 2022?",
    +   },
    +   Object {
    +     "id": "ceuFVnCJbajHYHqXKZDB",
    +     "probability": 0.9921940268997127,
    +     "question": "5. Will the Beijing Olympics happen successfully on schedule?",
    +   },
    +   Object {
    +     "id": "Xydcz7oCHIoab5u0PQJW",
    +     "probability": 0.9903903412441359,
    +     "question": "6. Will there be a major flare-up (worse than past 5 years) in Russia/Ukraine conflict in 2022?",
    +   },
    +   Object {
    +     "id": "dqRIMTJ9TJ2oo9Dxx2ep",
    +     "probability": 0.029257186245031732,
    +     "question": "7. Will there be a major flare-up (worse than past 10 years) in Israel/Palestine conflict in 2022?",
    +   },
    +   Object {
    +     "id": "ukixaO7xaAzm2UPMu8hT",
    +     "probability": 0.0499395463504971,
    +     "question": "8. Will there be a major flare-up (worse than in past 50 years) in China/Taiwan conflict in 2022?",
    +   },
    +   Object {
    +     "id": "LvZUa5EuGFbw8Phmuzq1",
    +     "probability": 0.10999999999999997,
    +     "question": "9. Will Honduran ZEDEs be legally crippled to the point where no reasonable person would invest in them further in 2022?",
    +   },
    +   Object {
    +     "id": "X6ED2Ojeg1slro9iiqzq",
    +     "probability": 0.04685548188327097,
    +     "question": "10. Will there be a new ZEDE approved in Honduras in 2022?",
    +   },
    +   Object {
    +     "id": "VW2VQqJE5145R24WlgRO",
    +     "probability": 0.00952570950960019,
    +     "question": "11. Will GamestopΓÇÖs stock price still be above $100 at the end of 2022?",
    +   },
    +   Object {
    +     "id": "hSmvi3qp6za5pQcKsngH",
    +     "probability": 0.00590942478115074,
    +     "question": "12. Will Bitcoin be above $100k at the end of 2022?",
    +   },
    +   Object {
    +     "id": "Po1Xd0S3tkRhm2tE7aRO",
    +     "probability": 0.9787705566050183,
    +     "question": "14. Will Ethereum be above 0.05 BTC at the end of 2022?",
    +   },
    +   Object {
    +     "id": "qr6q1KLpJorpR7hl3DNK",
    +     "probability": 0.9820483703281181,
    +     "question": "15. Will the Bored Ape floor price be below the current price of $203K according to CoinGecko at the end of 2022?",
    +   },
    +   Object {
    +     "id": "mkqxeLvmJZPHHJHES2lc",
    +     "probability": 0.021819082342163027,
    +     "question": "16. Will the Dow be above $35k at the end of 2022?",
    +   },
    +   Object {
    +     "id": "DTSugqWbTLwoKA15bnqF",
    +     "probability": 0.02251477859702307,
    +     "question": "17. Will the Dow be above $37.5k at the end of 2022?",
    +   },
    +   Object {
    +     "id": "AlAS9779nksUr3Ec5orp",
    +     "probability": 0.04068739936967352,
    +     "question": "18. Will inflation be below 5% for the year of 2022?",
    +   },
    +   Object {
    +     "id": "ANVVT1FlNR3wSMcFP3LN",
    +     "probability": 0.9759319722633448,
    +     "question": "19. Will unemployment be below 5% in December 2022?",
    +   },
    +   Object {
    +     "id": "g5OsrRSktfdLrN6m87Kk",
    +     "probability": 0.04000000000000004,
    +     "question": "20. Will Google widely allow remote work, no questions asked by the end of 2022?",
    +   },
    +   Object {
    +     "id": "72aE6Up2qzaD3UU6XoFv",
    +     "probability": 0.023436962303693375,
    +     "question": "21. Will Starship reach orbit in 2022?",
    +   },
    +   Object {
    +     "id": "lMjFBZh1kq1lsSrp6uPV",
    +     "probability": 0.021395838624668744,
    +     "question": "13. Will Ethereum be above $5k at the end of 2022?",
    +   },
    +   Object {
    +     "id": "ciPIq7OhRXwzORKdibSS",
    +     "probability": 0.02973960520412267,
    +     "question": "22. Will there be fewer than 10K daily average official COVID cases in US in December 2022?",
    +   },
    +   Object {
    +     "id": "hanZh8mrqb9DrlV8HrXk",
    +     "probability": 0.030000000000000065,
    +     "question": "23. Will there be fewer than 50K daily average COVID cases worldwide in December 2022?",
    +   },
    +   Object {
    +     "id": "0kPjAxO64TEsB8Hs74d9",
    +     "probability": 0.985718277150904,
    +     "question": "24. Will >66% US population be fully vaccinated (by current standards) against COVID by the end of 2022?",
    +   },
    +   Object {
    +     "id": "ok35XdFarRIn4pKdStTB",
    +     "probability": 0.023744872475189735,
    +     "question": "25. Will India's official COVID case count be higher than the US by the end of 2022?",
    +   },
    +   Object {
    +     "id": "YXQsTxWp1hj86nQuXSaE",
    +     "probability": 0.018600681487413784,
    +     "question": "26. Will the medical establishment reverse course and officially say that any of Vitamin D, HCQ, or ivermectin is actually effective against COVID by the end of 2022?",
    +   },
    +   Object {
    +     "id": "1X7ROPcNd7sKvDKNPv7r",
    +     "probability": 0.0443598008172251,
    +     "question": "27. Will FDA approve a COVID indication for fluvoxamine by the end of 2022?",
    +   },
    +   Object {
    +     "id": "GB7JH1MSFz3aKHx9gwf0",
    +     "probability": 0.3935036588365092,
    +     "question": "28. Will some new COVID variant not currently known be greater than 25% of cases in 2022?",
    +   },
    +   Object {
    +     "id": "Z22GqEBc1uVfAdYHInRi",
    +     "probability": 0.0453967310873481,
    +     "question": "29. Will most people Scott sees in his local grocery store on December 31st be wearing masks?",
    +   },
    +   Object {
    +     "id": "wIMNaC2rnFZgh73kahx7",
    +     "probability": 0.01729290396430679,
    +     "question": "30. Will masks still be required on US domestic flights by the end of 2022?",
    +   },
    +   Object {
    +     "id": "rL2w4nbsjT2ynI3I1VjD",
    +     "probability": 0.9627211200615647,
    +     "question": "31. Will CDC recommend that triple-vaxxed people get at least one more vax by the end of 2022?",
    +   },
    +   Object {
    +     "id": "YM9vfXZVvwtuznhFtUnJ",
    +     "probability": 0.041179534462929455,
    +     "question": "32. Will China have fewer than 100,000 COVID cases in 2022 (official estimate)?",
    +   },
    +   Object {
    +     "id": "cwFwwZsvIZ2AuuKzRjgH",
    +     "probability": 0.85,
    +     "question": "77. Will ACX be making more than $400K by the end of 2022?",
    +   },
    +   Object {
    +     "id": "rEV0o8HBvoGOdr7imHFr",
    +     "probability": 0.690954894703206,
    +     "question": "78. Will ACX be making more than $500K by the end of 2022?",
    +   },
    +   Object {
    +     "id": "Hd4YsBqoVRGntlUSCvPb",
    +     "probability": 0.3379482792129754,
    +     "question": "79. Will ACX be making more than $600K by the end of 2022?",
    +   },
    +   Object {
    +     "id": "ErESgz04AUbeSv3bJAf2",
    +     "probability": 0.9920243344115369,
    +     "question": "80. Will at least one ACX post get more than 300 likes by the end of 2022?",
    +   },
    +   Object {
    +     "id": "OMJEgsgeJ5wRUlzK64qk",
    +     "probability": 0.9670211196646619,
    +     "question": "81. Will Scott run another Book Review Contest in 2022?",
    +   },
    +   Object {
    +     "id": "Diw6b1oTNSbaFeySj8AR",
    +     "probability": 0.12723087069034875,
    +     "question": "82. Will Scott go to at least 6 meetups in 6 different cities in 2022?",
    +   },
    +   Object {
    +     "id": "UkcCWPk69RYxTSlJgyRM",
    +     "probability": 0.9900808184028499,
    +     "question": "83. Will Scott run a survey or be extremely prepared to run one by January 2023?",
    +   },
    +   Object {
    +     "id": "rzvHfRoN7GG5ldYy6ga5",
    +     "probability": 0.98,
    +     "question": "84. Will Scott finally finish posting the analysis of the remaining birth order results in 2022?",
    +   },
    +   Object {
    +     "id": "HfCY9FMzaxsY7ukDU2eG",
    +     "probability": 0.02921322005075535,
    +     "question": "85. Will Scott run another ACX Grants round with at least $100,000 moved in 2022?",
    +   },
    +   Object {
    +     "id": "AEKdVfGO0Fcmdqvf8CT4",
    +     "probability": 0.018841408654809932,
    +     "question": "86. Will Scott add at least two more dictators to the Book Club in 2022?",
    +   },
    +   Object {
    +     "id": "Av6UWaET2AmgtMjtNNSx",
    +     "probability": 0.9852668013733469,
    +     "question": "87. Will ACX still be the top-ranked blog in SubstackΓÇÖs ΓÇ£ScienceΓÇ¥ category at the end of 2022?",
    +   },
    +   Object {
    +     "id": "n42t7gi3DhriXzgOfYqs",
    +     "probability": 0.9846342246940476,
    +     "question": "88. Will no new real-money prediction market become bigger than Polymarket in 2022?",
    +   },
    +   Object {
    +     "id": "d8SsBvziwjDfoTL3JIj3",
    +     "probability": 0.9928887146709329,
    +     "question": "89. Will Manifold Markets still be alive and active by the end of 2022?",
    +   },
    +   Object {
    +     "id": "NKA04X3uAashQ23kYcBa",
    +     "probability": 0.018414189794346482,
    +     "question": "90. Will there be a new legal US real-money prediction market at least half as big as Kalshi in 2022?",
    +   },
    +   Object {
    +     "id": "39Y2B15PPkNpTc953IFd",
    +     "probability": 0.05255096066132637,
    +     "question": "91. Will there be a new illegal but easy-to-use market at least half as big as Kalshi in 2022?",
    +   },
    +   Object {
    +     "id": "Cvibj2Qq0piG9i4hRCNy",
    +     "probability": 0.9798661373126116,
    +     "question": "Will the Quantified Uncertainty Research Institute be alive by the end of 2022?",
    +   },
    +   Object {
    +     "id": "h4gKMxnSjvaI5cLCbJl5",
    +     "probability": 0.48808180294791553,
    +     "question": "Will I find that the PIBBSS Fellowship was a success?",
    +   },
    +   Object {
    +     "id": "X1Yz7ipF4zkLuLkHtPeK",
    +     "probability": 0.017362188549497955,
    +     "question": "Will Democrats lose their majorities in the House and Senate in 2022?",
    +   },
    +   Object {
    +     "id": "JRP8gAEKk333bHY9Wr8p",
    +     "probability": 0.01354406382255052,
    +     "question": "Will inflation in the US will average under three percent for 2022?",
    +   },
    +   Object {
    +     "id": "T36X6lWYEoPC31Yyhpkw",
    +     "probability": 0.987451024363285,
    +     "question": "Will unemployment in the US fall below four percent by November 2022?",
    +   },
    +   Object {
    +     "id": "gvILJPNi8qNiyY4jdy77",
    +     "probability": 0.9950242425438124,
    +     "question": "Will the Supreme Court overturn Roe v. Wade in 2022?",
    +   },
    +   Object {
    +     "id": "AwS22TIoOwIEe8G5bqUw",
    +     "probability": 0.9836695131675525,
    +     "question": "Will Stephen Breyer retire from the Supreme Court in 2022?",
    +   },
    +   Object {
    +     "id": "w7qMvQTujuWpSSi6wR3K",
    +     "probability": 0.9818719428030659,
    +     "question": "Will Emmanuel Macron will be reelected president of France?",
    +   },
    +   Object {
    +     "id": "KtZKCyLpbzEn8QOtuxQd",
    +     "probability": 0.0032200844259616303,
    +     "question": "Will Jair Bolsonaro be reelected president of Brazil?",
    +   },
    +   Object {
    +     "id": "xstXJsQnNkygLNZTr5fe",
    +     "probability": 0.9951365095342506,
    +     "question": "Will Bongbong Marcos will be elected president of the Philippines?",
    +   },
    +   Object {
    +     "id": "IP54YwsWJ1w04ALEi604",
    +     "probability": 0.9791881275441829,
    +     "question": "Will rebels fail to capture Addis Ababa in 2022?",
    +   },
    +   Object {
    +     "id": "QCC7v8nOK7IZ739bc2VP",
    +     "probability": 0.9942955858408226,
    +     "question": "Will China  not reopen its borders in the first half of 2022?",
    +   },
    +   Object {
    +     "id": "oyxAVvtNhG81c5Us0wHA",
    +     "probability": 0.8021412995956476,
    +     "question": "Will Chinese GDP continue to grow for the first 3/4 of the year?",
    +   },
    +   Object {
    +     "id": "VJM8j8v7r6YaWVeNTQ1V",
    +     "probability": 0.008869086382355127,
    +     "question": "Will 20% of US kids between 0.5 and 5 years old get at least one COVID vaccine by year's end?",
    +   },
    +   Object {
    +     "id": "amdCCzMTZSWb4z17uaJ9",
    +     "probability": 0.07082310016222503,
    +     "question": "Will WHO designate another Variant Of Concern by the end of 2022?",
    +   },
    +   Object {
    +     "id": "MWG8FbqIQ7y6WQl9LNYP",
    +     "probability": 0.9113940859992072,
    +     "question": "Will 12 billion COVID shots will be given out globally by 11/2022?",
    +   },
    +   Object {
    +     "id": "dHJ17fjRlssW2drucYeE",
    +     "probability": 0.9300000000000003,
    +     "question": "Will at least one country have less than 10% of people vaccinated with two shots by 11/2022?",
    +   },
    +   Object {
    +     "id": "QnZyPvSWk9WGAHHsEskq",
    +     "probability": 0.9819929347644897,
    +     "question": "Will a psychedelic drug be decriminalized/legalized in at least one more US state in 2022?",
    +   },
    +   Object {
    +     "id": "fHSDwgZnxcJ7wTAw5AiR",
    +     "probability": 0.5100000000000006,
    +     "question": "Will AI will discover a new drug promising enough for clinical trials in 2022?",
    +   },
    +   Object {
    +     "id": "raPtsyJ4YgoxCihcGrYM",
    +     "probability": 0.8800000000000002,
    +     "question": "Will US govt not renew the ban on funding gain-of-function research in 2022?",
    +   },
    +   Object {
    +     "id": "kkv1VDvI2LYGLEMqzrUd",
    +     "probability": 0.05000000000000002,
    +     "question": "Will the Biden administration set the social cost of carbon at $100/ton or more in 2022?",
    +   },
    +   Object {
    +     "id": "A8P2MWMBykrB5xqWsyOQ",
    +     "probability": 0.9323653172063178,
    +     "question": "Will 2022 will be warmer than 2021?",
    +   },
    +   Object {
    +     "id": "vFvwiM7XgENSllgtWSN6",
    +     "probability": 0.08345240930629187,
    +     "question": "Will Kenneth Branagh's Belfast will win Best Picture?",
    +   },
    +   Object {
    +     "id": "EcymyBUXKVZwScnTO1Lw",
    +     "probability": 0.9717801494692178,
    +     "question": "Will Norway will win the most medals at the 2022 Winter Olympics?",
    +   },
    +   Object {
    +     "id": "mY4JODPfVDdWPstJwJpj",
    +     "probability": 0.04442481408005341,
    +     "question": "Will the New York Times use either the phrase \"shape rotator\" or \"wordcel\" this month?",
    +   },
    +   Object {
    +     "id": "aw2M9QuY4o5rRfbyNtSL",
    +     "probability": 0.04000000000000003,
    +     "question": "Will Joe Rogan leave Spotify this year?",
    +   },
    +   Object {
    +     "id": "0S2vu1A4vpG8Rd2xkgY8",
    +     "probability": 0.026014183422807067,
    +     "question": "Will Tom Brady be mentioned as a candidate for the head football coach job at the University of Michigan on the CBS sports website by the end of February?",
    +   },
    +   Object {
    +     "id": "Zr0eTohY3KvRLXzv07kG",
    +     "probability": 0.020588220334301733,
    +     "question": "Will Tesla stock price be over $1,000 by end of trading on March 1, 2022?",
    +   },
    +   Object {
    +     "id": "pw6MTF3eTGmtg9OOoUqv",
    +     "probability": 0.12000253831322358,
    +     "question": "Will baseball spring training camps be open by the end of February?",
    +   },
    +   Object {
    +     "id": "tEARTO4ReKcOTnuAlkNM",
    +     "probability": 0.06973470303912553,
    +     "question": "Will Jim Harbaugh be the next head coach for the Minnesota Vikings?",
    +   },
    +   Object {
    +     "id": "0fr3pHwgP2HPJ3SKs13H",
    +     "probability": 0.14,
    +     "question": "What day will US Covid deaths peak in February?",
    +   },
    +   Object {
    +     "id": "qriBI6chrzFhAnEPai1x",
    +     "probability": 0.03497791774763965,
    +     "question": "Will a webcomic written by an AI have more than 25,000 followers on Twitter by the end of 2022?",
    +   },
    +   Object {
    +     "id": "yHDCKOVICLF9fSd8Y6aw",
    +     "probability": 0.854318418314256,
    +     "question": "Will Manifold raise the commission market creators receive?",
    +   },
    +   Object {
    +     "id": "1Gkbb7LAmuQAW3jX0g2D",
    +     "probability": 0.8592472868414234,
    +     "question": "Will \"Wordcel\" or \"Shape Rotator\" make national news",
    +   },
    +   Object {
    +     "id": "inUqqQ9DBfx1cSlpo1II",
    +     "probability": 0.49503725155317935,
    +     "question": "Who will win the Africa Cup of Nations? Senegal or Egypt?",
    +   },
    +   Object {
    +     "id": "XiNdrhdFw6uQCeM1o5N7",
    +     "probability": 0.9041420118343195,
    +     "question": "Will Axie Infinity's Battles V3 \"Axie: Origin\" launch prior to the end of Q2 2022 (June 30)",
    +   },
    +   Object {
    +     "id": "wfqqLuBW1jvzjPuKBR9V",
    +     "probability": 0.4010110359558561,
    +     "question": "What will our creator commission be by the end of the weekend?",
    +   },
    +   Object {
    +     "id": "LRoCx81xfMt0XwMFvCIm",
    +     "probability": 0.09871576713407677,
    +     "question": "Will Iran agree to a plan limiting their nuclear program before 2023?",
    +   },
    +   Object {
    +     "id": "vgHRygpZ2yd1buQ4FGQf",
    +     "probability": 0.05217175584256349,
    +     "question": "Will Israel and Saudi Arabia establish official diplomatic relations before 2023?",
    +   },
    +   Object {
    +     "id": "f3ZxQTezqC8r8v5aKrWn",
    +     "probability": 0.9821825780639821,
    +     "question": "Will Aaron Rodgers return with the Green Bay Packers in 2022?",
    +   },
    +   Object {
    +     "id": "101Fop0xAgDkMi4q24dx",
    +     "probability": 0.25,
    +     "question": "How many total medals will the USA win at the 2022 Winter Olympics?",
    +   },
    +   Object {
    +     "id": "WTBUf2yZCHItlM0HdDuu",
    +     "probability": 0.9796466561589324,
    +     "question": "Will Nathan Chen win gold in the men's singles figure skating event at the 2022 Winter Olympics?",
    +   },
    +   Object {
    +     "id": "FbND7UoOgHh9bU2s7ijP",
    +     "probability": 0.30104119511091,
    +     "question": "Will Shaun White win gold in the men's snowboard halfpipe event at the 2022 Winter Olympics?",
    +   },
    +   Object {
    +     "id": "G1TPtuqTYyFmulTqWoaM",
    +     "probability": 0.05658526998312419,
    +     "question": "Will total crypto market cap be above $2T on April 15th, according to coinmarketcap?",
    +   },
    +   Object {
    +     "id": "ecfSGv04ERdaFs1mXna7",
    +     "probability": 0.17033925817709603,
    +     "question": "If I roll a six sided die on Feb. 18. , will it land on 1 ?",
    +   },
    +   Object {
    +     "id": "VLF9ktvv5BIYI5luJcDP",
    +     "probability": 0.05919107766729374,
    +     "question": "Will the Impactful Forecasting Prize get at least 100 total entries?",
    +   },
    +   Object {
    +     "id": "REFCDXUs5lCmE6s5s2G4",
    +     "probability": 0.322935189996186,
    +     "question": "Will the Impactful Forecasting Prize get entries from at least 25 unique people/groups?",
    +   },
    +   Object {
    +     "id": "lSJ1cffjYsWU8O1bIRQU",
    +     "probability": 0.01763190257192629,
    +     "question": "The Bored Ape Yacht Club racism scandal will get mainstream media coverage AND the NFT market will crash as a result.",
    +   },
    +   Object {
    +     "id": "Dcz71dTqx5rxOFhs5PhB",
    +     "probability": 0.9825372563509278,
    +     "question": "Will the Los Angeles Rams win Super Bowl LVI?",
    +   },
    +   Object {
    +     "id": "tIBeWRlqqROguQ6li4jA",
    +     "probability": 0.9510382285519615,
    +     "question": "Will Elon Musk have a higher net worth than Jeff Bezos on February 20, 2022?",
    +   },
    +   Object {
    +     "id": "b6ZWvT0J5I7hgmgNUgSP",
    +     "probability": 0.22717783840312447,
    +     "question": "Will a Bored Ape appear during a Super Bowl LVI commercial or Halftime Show?",
    +   },
    +   Object {
    +     "id": "mZoOercJWPMFPM6XxKfI",
    +     "probability": 0.10999999999999999,
    +     "question": "Will AI wipe out humanity before the year 2100",
    +   },
    +   Object {
    +     "id": "vK6EcszvWyjEiswpRONn",
    +     "probability": 0.19,
    +     "question": "[TEST] End date test",
    +   },
    +   Object {
    +     "id": "D5WtBdTSRWLSaT5OtW0g",
    +     "probability": 0.09781893802734462,
    +     "question": "Will Manifold Markets allow \"free comments\" by the end of March?",
    +   },
    +   Object {
    +     "id": "ps2qSXholxKD5JaZqoiZ",
    +     "probability": 0.026652278411848654,
    +     "question": "Will David test positive for COVID in February 2022?",
    +   },
    +   Object {
    +     "id": "XYslrXWNNIN86SsQFxSM",
    +     "probability": 0.6733457326720166,
    +     "question": "This market will resolve to PROB.",
    +   },
    +   Object {
    +     "id": "xAegSmZ8n3ACklB74pY6",
    +     "probability": 0.5904626706225597,
    +     "question": "Will Carrick Flynn win the Democratic primary for Oregon's 6th District?",
    +   },
    +   Object {
    +     "id": "3zspH9sSzMlbFQLn9GKR",
    +     "probability": 0.0037939415302873244,
    +     "question": "Will Carrick Flynn win the general election for Oregon's 6th District?",
    +   },
    +   Object {
    +     "id": "zktTfP34R4WmbvDVFGKv",
    +     "probability": 0.07346938775510203,
    +     "question": "Will gross world product in the year 2030 be at least 1 quadrillion USD?",
    +   },
    +   Object {
    +     "id": "JAYAeqvK94bCR5klnegV",
    +     "probability": 0.9814504721888585,
    +     "question": "Number of new posts in r/slatestarcodex exceeds 200 this month",
    +   },
    +   Object {
    +     "id": "zXjJGFVASQe4I2ZLmRAT",
    +     "probability": 0.2376171968538747,
    +     "question": "Will Joe Rogal leave Spotify before 2023",
    +   },
    +   Object {
    +     "id": "AcbNy0oDQUU2mok9ty93",
    +     "probability": 0.03,
    +     "question": "Will AI outcompete best humans in competitive programming before the end of 2022?",
    +   },
    +   Object {
    +     "id": "EygA0P2reULSDzKiIkXF",
    +     "probability": 0.01690887647017623,
    +     "question": "Will AI outcompete best humans in competitive programming before the end of 2023?",
    +   },
    +   Object {
    +     "id": "xvnQpUBqfcfddx61ystr",
    +     "probability": 0.7187499999999999,
    +     "question": "Will I end up being impressed by Manifold Markets?",
    +   },
    +   Object {
    +     "id": "tCytk1AJjg6mNMg6IbCn",
    +     "probability": 0.497137786065691,
    +     "question": "Will this question resolve yes?",
    +   },
    +   Object {
    +     "id": "TjAnimthdkKMIsc4dG5X",
    +     "probability": 0,
    +     "question": "Will this question resolve no?",
    +   },
    +   Object {
    +     "id": "WfywxKw9D5w4JVnE69J9",
    +     "probability": 0.9899999999999989,
    +     "question": "Will Pierre Poilievre become the leader of the Canada conservative party before 2023?",
    +   },
    +   Object {
    +     "id": "3d7AU07mRfv519m8nNHT",
    +     "probability": 0.9040465058713478,
    +     "question": "Will we be able to see how many users Manifold Markets has by March?",
    +   },
    +   Object {
    +     "id": "HDBawUFBim3LER5QjvM7",
    +     "probability": 0.9639881306785039,
    +     "question": "Will at least ten users trade on this market within the next week?",
    +   },
    +   Object {
    +     "id": "UQ8VMRVHztyw7lIrHVOm",
    +     "probability": 0.8725060537914254,
    +     "question": "Will the US Men's soccer team qualify for the 2022 World Cup?",
        },
      ]

    [0m [90m 19 |[39m
     [90m 20 |[39m       [36mconst[39m result [33m=[39m [36mawait[39m discoverManifoldContracts()[33m;[39m
    [31m[1m>[22m[39m[90m 21 |[39m       expect(result)[33m.[39mtoEqual(mockContracts)[33m;[39m
     [90m    |[39m                      [31m[1m^[22m[39m
     [90m 22 |[39m     })[33m;[39m
     [90m 23 |[39m
     [90m 24 |[39m     it([32m'should handle errors when discovering contracts'[39m[33m,[39m [36masync[39m () [33m=>[39m {[0m

      at src/tests/manifoldService.test.ts:21:22
      at fulfilled (src/tests/manifoldService.test.ts:5:58)

  ΓùÅ Manifold Service ΓÇ║ discoverManifoldContracts ΓÇ║ should handle errors when discovering contracts

    expect(received).toEqual(expected) // deep equality

    - Expected  -    1
    + Received  + 2502

    - Array []
    + Array [
    +   Object {
    +     "id": "will-bitcoin-be-worth-more-than-600",
    +     "probability": 0.0867948537019499,
    +     "question": "Will Bitcoin be worth more than $60,000 on Jan 1, 2022 at 12 am ET?",
    +   },
    +   Object {
    +     "id": "will-the-warriors-win-the-2022-nba-",
    +     "probability": 0.25445556640624994,
    +     "question": "Will the Warriors win the 2022 NBA Finals?",
    +   },
    +   Object {
    +     "id": "will-there-be-at-least-three-deaths",
    +     "probability": 0.09846922663537425,
    +     "question": "Will there be at least three deaths from a conflict between Russia and Ukraine before 2022?",
    +   },
    +   Object {
    +     "id": "6TbreIR2iqm1LICfb7bu",
    +     "probability": 0.9397639921649044,
    +     "question": "Will 100 people have signed up for Mantic Markets by Feb 1, 2022?",
    +   },
    +   Object {
    +     "id": "2q2Us2NKQeVJA68k7eVZ",
    +     "probability": 0.012986892687760678,
    +     "question": "Will Manifold Markets have over $1M in revenue by Jan 1st, 2023?",
    +   },
    +   Object {
    +     "id": "rDzDMwRWMgqn3oHxsjDH",
    +     "probability": 0.015704411522336002,
    +     "question": "Will Solana have a higher market cap than Ethereum before the end of 2022?",
    +   },
    +   Object {
    +     "id": "TMN0TMy5zNrhxHpes2FC",
    +     "probability": 0.5464852607709751,
    +     "question": "Test resolve",
    +   },
    +   Object {
    +     "id": "aIow1jyYUda2UVtPkGAc",
    +     "probability": 0.9728069481742935,
    +     "question": "Will Mantic Markets have 5 paying users by Feb 01, 2022?",
    +   },
    +   Object {
    +     "id": "HvJgZ08pKfHgxHyI4OyG",
    +     "probability": 0.5,
    +     "question": "Test n/a",
    +   },
    +   Object {
    +     "id": "qXvdgG2bJ2HeggKEo072",
    +     "probability": 0.9075504278760665,
    +     "question": "Will the Mantic Markets Discord be a full community by Feb 01, 2022?",
    +   },
    +   Object {
    +     "id": "CUB66MSEU5EzjcezCak4",
    +     "probability": 0.8521116780045351,
    +     "question": "Will 3 or more prominent creators have created Mantic markets by Jan 16, 2022?",
    +   },
    +   Object {
    +     "id": "8uRz34QZsgxKqE0frbIM",
    +     "probability": 0.9916666666666667,
    +     "question": "#FuturePerfect2021 Trump will uneventfully leave office on January 20",
    +   },
    +   Object {
    +     "id": "533WxlfLZZH5TAviOX1H",
    +     "probability": 0.6999999999999998,
    +     "question": "#FuturePerfect2021 Biden will have a treasury secretary, secretary of state, defense secretary, and attorney general confirmed by the end of the year",
    +   },
    +   Object {
    +     "id": "MahEAccGQhlN4gDqNG7a",
    +     "probability": 0.3999999999999997,
    +     "question": "At least one US state will have an abortion ban currently blocked by the courts go into effect #FuturePerfect2021",
    +   },
    +   Object {
    +     "id": "MunaJKuJ5SVjef3mrDv7",
    +     "probability": 0.858906525573192,
    +     "question": "No one in TrumpΓÇÖs immediate family will be indicted #FuturePerfect2021",
    +   },
    +   Object {
    +     "id": "Q1SQ7gEQ7A5KNWMNUcgr",
    +     "probability": 0.9345252150446955,
    +     "question": "Trump approval rating by yearΓÇÖs end will be in the 40 to 45 percent range #FuturePerfect2021",
    +   },
    +   Object {
    +     "id": "sk77vMIfVWjeA1DiY5K7",
    +     "probability": 0.29136316337148804,
    +     "question": "The US unemployment rate will stay above 5 percent through November #FuturePerfect2021",
    +   },
    +   Object {
    +     "id": "rsa2p7xlmbbW8BKyDAte",
    +     "probability": 0.5056881909950328,
    +     "question": "US poverty will be higher in late 2021 than it was in late 2020 #FuturePerfect2021",
    +   },
    +   Object {
    +     "id": "YUtsXhGYlxykq9cWyjdD",
    +     "probability": 0.7916666666666665,
    +     "question": "The median home price in the Bay Area will fall 5 percent or more #FuturePerfect2021",
    +   },
    +   Object {
    +     "id": "DoSnBlgGoc6wNEsaIc2i",
    +     "probability": 0.846938775510204,
    +     "question": "100 million Americans will be vaccinated, at least partially, against the coronavirus by end of April #FuturePerfect2021",
    +   },
    +   Object {
    +     "id": "rXis568Ovm53jeg0pvww",
    +     "probability": 0.29319398191641444,
    +     "question": "Restaurant reservations and consumer spending outside the home back to normal by the end of year #FuturePerfect2021",
    +   },
    +   Object {
    +     "id": "yljQbdaVZWEaH8hrElMw",
    +     "probability": 0.3132787468850124,
    +     "question": "A deadly new zoonotic outbreak will emerge #FuturePerfect2021",
    +   },
    +   Object {
    +     "id": "Nw3XZnNhUMQhG9nCu3yb",
    +     "probability": 0.43895747599451307,
    +     "question": "The US will enact policies to hold China accountable for its treatment of Muslims, but the internment camps will remain open",
    +   },
    +   Object {
    +     "id": "QHDiHnJUgCL0OTiTgPUX",
    +     "probability": 0.6000000000000003,
    +     "question": "The Hadi government and Houthi rebels in Yemen reach a peace agreement #FuturePerfect2021",
    +   },
    +   Object {
    +     "id": "iMgS3nAkBc6xWhSlsYih",
    +     "probability": 0.9,
    +     "question": "LDP continues to govern Japan #FuturePerfect2021",
    +   },
    +   Object {
    +     "id": "gnr3LwF4VZB05HiEKiML",
    +     "probability": 0.6611570247933884,
    +     "question": "CDU continues to govern Germany #FuturePerfect2021",
    +   },
    +   Object {
    +     "id": "5z2Sfu4s3k9PCDFspmKB",
    +     "probability": 0.6999999999999998,
    +     "question": "IndiaΓÇÖs economy will grow in quarters 1-3 of 2021 after shrinking briefly in 2020 #FuturePerfect2021",
    +   },
    +   Object {
    +     "id": "A9OlpSsTXKmqNzwzHmtC",
    +     "probability": 0.75,
    +     "question": "At least three new basic income pilots will be launched #FuturePerfect2021",
    +   },
    +   Object {
    +     "id": "ooiNbYz6Adqcv7eUfLPa",
    +     "probability": 0.5456981479097246,
    +     "question": "An AI breakthrough will lead to a game-changing advance in biology",
    +   },
    +   Object {
    +     "id": "v9BWeFT1A408eWSgT415",
    +     "probability": 0.9685324968140379,
    +     "question": "Global carbon emissions will increase",
    +   },
    +   Object {
    +     "id": "a5aZJiubmrloG5IT50wR",
    +     "probability": 0.9266880048773054,
    +     "question": "Average world temperatures will increase relative to 2020",
    +   },
    +   Object {
    +     "id": "fiJOEnlSrgC4XRfbxYr3",
    +     "probability": 0.9124133585381222,
    +     "question": "Plant-based meat market share will increase by at least 20 percent",
    +   },
    +   Object {
    +     "id": "X8SxNgjw7m8sSSL81rRn",
    +     "probability": 0.1903628792385485,
    +     "question": "Will @AustinChen test positive for Covid again before 2022?",
    +   },
    +   Object {
    +     "id": "Y9y4EzGooKs2wsmrh934",
    +     "probability": 0.9500000000000002,
    +     "question": "#Omicron has a 100% or bigger transmission advantage in practice versus Delta",
    +   },
    +   Object {
    +     "id": "ESgg78HIKX8kmbjnR0Kr",
    +     "probability": 0.3022959183673469,
    +     "question": "#Omicron is importantly more virulent than Delta",
    +   },
    +   Object {
    +     "id": "vuMGnysmTD8e4P0KrF7h",
    +     "probability": 0.7810118757787052,
    +     "question": "#Omicron is importantly less virulent than Delta",
    +   },
    +   Object {
    +     "id": "mUSMqeAJeiZbVfExV90k",
    +     "probability": 0.0969825211047191,
    +     "question": "CDC labels #Omicron a variant of high consequence before 2022",
    +   },
    +   Object {
    +     "id": "XGFWYnoTPT0cyRXJ1SyR",
    +     "probability": 0.08026318643865717,
    +     "question": "We will be getting boosters modified for #Omicron within 6 months of our previous booster shot",
    +   },
    +   Object {
    +     "id": "gtylK3mSEju9pK25gmgq",
    +     "probability": 0.0922017384766347,
    +     "question": "We are broadly looking at a future crisis situation with widely overwhelmed American hospitals, new large American lockdowns and things like that",
    +   },
    +   Object {
    +     "id": "MGFdKLaUezNlI8kcJSYp",
    +     "probability": 0.8198235089371633,
    +     "question": "#Omicron will be >1% of all cases by the end of the year",
    +   },
    +   Object {
    +     "id": "cIUH8y3MmGzfDMBh9i8Z",
    +     "probability": 0.07023319615912207,
    +     "question": "1. Biden approval rating (as per 538) is greater than 50%",
    +   },
    +   Object {
    +     "id": "aTAiqACrcL1TLyb5tHZt",
    +     "probability": 0.04132231404958678,
    +     "question": "2. Court packing is clearly going to happen (new justices don't have to be appointed by end of year)",
    +   },
    +   Object {
    +     "id": "uWUbRZcDTbdHkpFRAzmt",
    +     "probability": 0.19742461805834394,
    +     "question": "3. Yang is New York mayor",
    +   },
    +   Object {
    +     "id": "PCqaIuj7xYki8MNyHV0R",
    +     "probability": 0.05000000000000002,
    +     "question": "4. Newsom recalled as CA governor",
    +   },
    +   Object {
    +     "id": "MWzNRuVifNR8NB9WVoeC",
    +     "probability": 0.4408888888888889,
    +     "question": "5. At least $250 million in damage from BLM protests this year",
    +   },
    +   Object {
    +     "id": "lXUZCKgQ1gHwpiLjJqqN",
    +     "probability": 0.20000000000000007,
    +     "question": "6. Significant capital gains tax hike (above 30% for highest bracket)",
    +   },
    +   Object {
    +     "id": "Wza07gYckp8AN2jWerRA",
    +     "probability": 0.2589258233302554,
    +     "question": "7. Trump is allowed back on Twitter",
    +   },
    +   Object {
    +     "id": "NyHkWsu114SjFu9Hos2P",
    +     "probability": 0.44799999999999995,
    +     "question": "8. Tokyo Olympics happen on schedule",
    +   },
    +   Object {
    +     "id": "L3iszAfeL2Sgvmpm3Ggr",
    +     "probability": 0.20000000000000007,
    +     "question": "9. Major flare-up (significantly worse than anything in past 5 years) in Russia/Ukraine war",
    +   },
    +   Object {
    +     "id": "vv7yvECSIKe7UIyLgRIC",
    +     "probability": 0.05000000000000002,
    +     "question": "10. Major flare-up (significantly worse than anything in past 10 years) in Israel/Palestine conflict",
    +   },
    +   Object {
    +     "id": "9zlsXQF7aFNVhRmMTzuc",
    +     "probability": 0.0453514739229025,
    +     "question": "11. Major flare-up (significantly worse than anything in past 50 years) in China/Taiwan conflict",
    +   },
    +   Object {
    +     "id": "MjN2AcDPZUtGEipPv3jg",
    +     "probability": 0.3999999999999997,
    +     "question": "12. Netanyahu is still Israeli PM",
    +   },
    +   Object {
    +     "id": "kpB5LgfThfykDpGY0nIY",
    +     "probability": 0.11019283746556473,
    +     "question": "13. Prospera has at least 1000 residents",
    +   },
    +   Object {
    +     "id": "Um61u0dg0f3fG4bR0U9c",
    +     "probability": 0.9333333333333332,
    +     "question": "Will ACX Grants fund Mantic Markets?",
    +   },
    +   Object {
    +     "id": "1k9pPxBPRMPCx6lwDrkM",
    +     "probability": 0.7470747152438756,
    +     "question": "If Scott Alexander creates a market, will 100 people have traded on Mantic by Feb 1, 2022?",
    +   },
    +   Object {
    +     "id": "DPQ4DmKPODAMtZBYTMps",
    +     "probability": 0.6000000000000003,
    +     "question": "If #ManticMarkets implements a central limit order book, will 100 people have traded on Mantic by Feb 1, 2022?",
    +   },
    +   Object {
    +     "id": "IbpiLh3QHucSkGLNLo3u",
    +     "probability": 0.75,
    +     "question": "If #ManticMarkets implements a Twitter-like feed, will 100 people have traded on Mantic by Feb 1, 2022?",
    +   },
    +   Object {
    +     "id": "4Ue3FG9EfOmzZwu00Q5l",
    +     "probability": 0.1666666666666667,
    +     "question": "Will the University of Michigan win the College Football Championship in 2021/2022 season?",
    +   },
    +   Object {
    +     "id": "uT1j2SWhZuiaA0myti9q",
    +     "probability": 0.07693171722580107,
    +     "question": "Will at least 75% of the USA COVID-19 cases between 1/1/22 and 2/28/23 occur between 1/1/22 and 2/28/22?",
    +   },
    +   Object {
    +     "id": "pLuBoYJE8Abupo9bpWzV",
    +     "probability": 0.6371882086167804,
    +     "question": "Will @AustinChen go rock climbing tomorrow (2021-12-23) evening?",
    +   },
    +   Object {
    +     "id": "Ep8WgE0eriTjFkfSaXWe",
    +     "probability": 0.7965882476050642,
    +     "question": "Will we deploy the feature to sell your position before 2022?",
    +   },
    +   Object {
    +     "id": "6G3L7V0GlN5spXOyuUjL",
    +     "probability": 0.568009910921683,
    +     "question": "test",
    +   },
    +   Object {
    +     "id": "8PUi4k6pedeDOSgZNxpo",
    +     "probability": 0.2461734693877551,
    +     "question": "Will any of the 2021-22 College Footbal Playoff games be canceled due to Covid-19?",
    +   },
    +   Object {
    +     "id": "J5vxtwRSw6qJnhVhy5EU",
    +     "probability": 0.1591025897377387,
    +     "question": "Will Scott Alexander put a question on Mantic Markets before February 1st 2022",
    +   },
    +   Object {
    +     "id": "c95RFVoZ2NxCap3fFgZy",
    +     "probability": 0.7991207019076721,
    +     "question": "Will the top post on reddit.com/r/all/top for January 1, 2022 be an image?",
    +   },
    +   Object {
    +     "id": "puvWOBELmtn3r5797ag4",
    +     "probability": 0.10835609213979035,
    +     "question": "Will England enter lockdown before 1 February 2022?",
    +   },
    +   Object {
    +     "id": "JEBkPNuPE4eDWKul2CBe",
    +     "probability": 0.5720811592325583,
    +     "question": "Will the runner-up in the 2024 US Presidential Election accept their defeat by Dec 31, 2024?",
    +   },
    +   Object {
    +     "id": "S0pYkvY8VsVhSZraR9xa",
    +     "probability": 0.010702353764692923,
    +     "question": "Will Dwayne Johnson win the 2024 US Presidential Election?",
    +   },
    +   Object {
    +     "id": "kwXI2svhJoKrLknayCnY",
    +     "probability": 0.009542216946692363,
    +     "question": "Will Apple sell an Apple branded AR or VR Headset by December 1st 2022?",
    +   },
    +   Object {
    +     "id": "sxU8YDAHs9JtHya48xqj",
    +     "probability": 0.04000000000000008,
    +     "question": "Will Ethereum overtake Bitcoin in term of Market Capitalization at any time during 2022?",
    +   },
    +   Object {
    +     "id": "DwZsMM1eG0wOo0MHwxue",
    +     "probability": 0.9899999999999998,
    +     "question": "I got to admit its getting better, just a little better all the time.",
    +   },
    +   Object {
    +     "id": "InwkaleGXKJaOX4tBDnw",
    +     "probability": 0.5444234404536862,
    +     "question": "Can't get much worse.",
    +   },
    +   Object {
    +     "id": "eRa29YBHAoAgcUMy2XLH",
    +     "probability": 0.9416757840601819,
    +     "question": "Will Mantic Markets still be using a Dynamic Parimutuel system by Feb 01, 2022?",
    +   },
    +   Object {
    +     "id": "kaPN4D0TGZttoDPdblSK",
    +     "probability": 0.6967822795183737,
    +     "question": "Will I be a regular user of this website in 2022?",
    +   },
    +   Object {
    +     "id": "6GcxrHQkGPeuHrO10Hcb",
    +     "probability": 0.6359313075253026,
    +     "question": "Will sports still matter a lot to the average American in 2040?",
    +   },
    +   Object {
    +     "id": "4EY1wV58irrOOJjtrF5r",
    +     "probability": 0.9510855495775847,
    +     "question": "Will Russia invade Ukrainian territory in 2022?",
    +   },
    +   Object {
    +     "id": "6QmZt0KH2BiHegTlzqTh",
    +     "probability": 0.20062668019726182,
    +     "question": "Will the United States legalize real money prediction markets by June 1, 2023?",
    +   },
    +   Object {
    +     "id": "Hna8LSuNDcvK7MS5OBgV",
    +     "probability": 0.02459674595279535,
    +     "question": "Will Starship reach orbit by the end of 2022?",
    +   },
    +   Object {
    +     "id": "zo6ss3HoE124auWSeDXZ",
    +     "probability": 0.946904985257169,
    +     "question": "Will Axie Infinity's $SLP token be worth less than $0.01 USD (1 cent) by February 1, 2022?",
    +   },
    +   Object {
    +     "id": "xdBhkVzV9ut46hcsn3iR",
    +     "probability": 0.9434927055894307,
    +     "question": "Will Axie Infinity's $AXS token be worth less than $75.00 USD by February 1, 2022?",
    +   },
    +   Object {
    +     "id": "JOLqUM7VZVWGyPMyjgOM",
    +     "probability": 0.031616466242030815,
    +     "question": "Will Joe Rogan interview a guest about Georgism in 2022?",
    +   },
    +   Object {
    +     "id": "SwvG3sAOo0XtSlfvxhjI",
    +     "probability": 0.03344624666172649,
    +     "question": "Will Congress hold any hearings about Blockchain/NFT Games in 2022?",
    +   },
    +   Object {
    +     "id": "sWF1sPevitxVmUWPOYql",
    +     "probability": 0.07519411740415896,
    +     "question": "Will Congress hold any hearings about Roblox in 2022?",
    +   },
    +   Object {
    +     "id": "6FDjyzk3c5hDLdDG7Eid",
    +     "probability": 0.23731138545953365,
    +     "question": "Will a Major Norwegian Political Party have Land Value Tax in their platform in 2022?",
    +   },
    +   Object {
    +     "id": "9jjQ0IKxIG3zSMWwx9fC",
    +     "probability": 0.025860884158929568,
    +     "question": "Mantic will airdrop crypto to early users by June 30, 2022",
    +   },
    +   Object {
    +     "id": "pBK5PqwwRYswCbbMu9t8",
    +     "probability": 0.049999999999999996,
    +     "question": "Will any major known associates of Jeffrey Epstein (besides Ghislaine Maxwell) receive new indictments connected to Epstein's sex trafficking ring in 2022?",
    +   },
    +   Object {
    +     "id": "uC6F5GTnc76W3SUp3MHq",
    +     "probability": 0.08,
    +     "question": "Privacy tokens will outgrow \"status symbol NFTs\" in 2022",
    +   },
    +   Object {
    +     "id": "5tCKSQ360eUmPqkOt2Do",
    +     "probability": 0.11999999999999966,
    +     "question": "Will Activision-Blizzard solve its reputational problems by the end of 2022?",
    +   },
    +   Object {
    +     "id": "7tr1eICbuKwUeR4dXJxW",
    +     "probability": 0.9637457469954268,
    +     "question": "Will the James Webb Space Telescope send an image by March 1st, 2022?",
    +   },
    +   Object {
    +     "id": "QIpx3W5nhQMhJCx3569l",
    +     "probability": 0.003967962672892538,
    +     "question": "Will aliens land before February 2022?",
    +   },
    +   Object {
    +     "id": "jsdoFT0YQO5bbhQ48szP",
    +     "probability": 0.044483292273612515,
    +     "question": "Will a Major Norwegian Political Party have Land Value Tax in their platform by the END of 2022?",
    +   },
    +   Object {
    +     "id": "DKPq5jZKExquT5IK4kmb",
    +     "probability": 0.31471033075681754,
    +     "question": "Will the predicted chance of this question be above 67% on 8:00pm (EST) January 8th, 2022?",
    +   },
    +   Object {
    +     "id": "xZ8NxOK0Z8m854AnFIvY",
    +     "probability": 0.009999999999999967,
    +     "question": "Will the world experience a solar storm with significantly negative \"EMP\" effects in 2022?",
    +   },
    +   Object {
    +     "id": "Kzj1E5eGb1fMZ664WJ5d",
    +     "probability": 0.04000000000000008,
    +     "question": "Will, at the end of 2022 western teenagers spend more time in VR then in real live?",
    +   },
    +   Object {
    +     "id": "ZekIG1EqhIo6UKwplQqY",
    +     "probability": 0.08999999999999997,
    +     "question": "Will Apple reach a market capitalization of $4 trillion by the end of 2022?",
    +   },
    +   Object {
    +     "id": "VD255qA7EACVOfNRrSU5",
    +     "probability": 0.9861111111111112,
    +     "question": "Will Wurstcoin take off in 2022?",
    +   },
    +   Object {
    +     "id": "hLhWhotBtzylO2cjfH4O",
    +     "probability": 0.06755126107276506,
    +     "question": "Will the S&P 500 trade below 3800 in 2022?",
    +   },
    +   Object {
    +     "id": "ufsOW1kqvsd6iJ3wyQ5h",
    +     "probability": 0.9344016658968088,
    +     "question": "Will the US inflation rate for 2022 be lower than 6.8% ?",
    +   },
    +   Object {
    +     "id": "pMYviQdM304uGzDx8vsf",
    +     "probability": 0.14475035454056437,
    +     "question": "Will Ireland introduce further COVID restrictions before 00:01 on 04 Jan 2022",
    +   },
    +   Object {
    +     "id": "3Qodv8SlOn42NinZqVtM",
    +     "probability": 0.09191211821311898,
    +     "question": "Will AOC challenge Chuck Schumer in the 2022 Democratic Primary for Senator in New York?",
    +   },
    +   Object {
    +     "id": "Ic6PDj3SnuMS3Ei8hEQK",
    +     "probability": 0.9639204303231449,
    +     "question": "If we monetize by selling Mantic Dollars for real money, will it work well enough that we keep it for at least a couple months?",
    +   },
    +   Object {
    +     "id": "iaRIkIARIpBAwUwPlaJn",
    +     "probability": 0.17830685970112506,
    +     "question": "Will Chicago have more than 12 inches of total snow in December of 2021?",
    +   },
    +   Object {
    +     "id": "Y3ajaQlTZixE66z18IWv",
    +     "probability": 0.0018584122520584184,
    +     "question": "Will Pete Buttigieg be the 2024 Democratic nominee?",
    +   },
    +   Object {
    +     "id": "mwGI1p9qI34G0ZdLVN7b",
    +     "probability": 0.01561588209611263,
    +     "question": "At the end of its IPO day, will Reddit's market cap be above $15 billion?",
    +   },
    +   Object {
    +     "id": "pz4dHnKYn49woBUK83Mq",
    +     "probability": 0.9952995563751778,
    +     "question": "Will Donald Trump be the Republican nominee for president in 2024?",
    +   },
    +   Object {
    +     "id": "w57CGHpDwySwUGHuoCDS",
    +     "probability": 0.04040358444314965,
    +     "question": "Will Republicans win enough seats in the US Senate in the 2022 election to have a majority",
    +   },
    +   Object {
    +     "id": "WDaHDQ0I7NZ5EF0IYb05",
    +     "probability": 0.02387715786756935,
    +     "question": "Will reddit.com/r/slatestarcodex have more than 50k members by July 1, 2022?",
    +   },
    +   Object {
    +     "id": "TmV1rvprg5OUDe9EzO2Y",
    +     "probability": 0.04223585391716059,
    +     "question": "Will Bitcoin be worth less than $40,000 at some point before Jan 10, 2022 at 12 am GMT?",
    +   },
    +   Object {
    +     "id": "TaJBJOSpaVAKllWK8Q9Y",
    +     "probability": 0.009132320534260056,
    +     "question": "Will there be a federal mask requirement in place on domestic flights as of Nov. 8, 2022?",
    +   },
    +   Object {
    +     "id": "KKCOIqiDyBuJGxfYCZPt",
    +     "probability": 0.9592141803610621,
    +     "question": "Will Emmanuel Macron win the 2022 French Presidential election?",
    +   },
    +   Object {
    +     "id": "drXsS3Ut7FMQjqk6pQQU",
    +     "probability": 0.9833659743945963,
    +     "question": "Will James Webb Space Telescope deploy successfully and send its first images back before Aug 1st, 2022?",
    +   },
    +   Object {
    +     "id": "CqMYJMBZ6zpQB2Ue1pAE",
    +     "probability": 0.6511627906976742,
    +     "question": "Will at least one person coming to my NYE party test positive for covid?",
    +   },
    +   Object {
    +     "id": "dbqDp4mV1NkG8IfRZNbV",
    +     "probability": 0.04419330993568962,
    +     "question": "Hillary Clinton signals in any way she might run for president in 2024",
    +   },
    +   Object {
    +     "id": "Dnug9up3xRKzvKT4qnkr",
    +     "probability": 0.013631460769052172,
    +     "question": "Will we discover life on Mars before 2024?",
    +   },
    +   Object {
    +     "id": "bHeZCXv8d7MGlllEnExT",
    +     "probability": 0.9100000000000001,
    +     "question": "Will the median rent for a 1-bedroom apartment in San Francisco be higher in 2022 than it was in 2021?",
    +   },
    +   Object {
    +     "id": "BzGPwkB5Zz8SKQqdRzmo",
    +     "probability": 0.9721280580183133,
    +     "question": "Will the homicide rate in 2022 remain above 6 per 100,000 people?",
    +   },
    +   Object {
    +     "id": "RlihOHe5nrKxFG4nqEXk",
    +     "probability": 0.14999999999999997,
    +     "question": "Will FBI statistics show homicides in excess of 7 deaths per 100,000 in 2021?",
    +   },
    +   Object {
    +     "id": "np6hZO6G9L1bszEdJQvp",
    +     "probability": 0.5049627484468205,
    +     "question": "Test email on market resolution",
    +   },
    +   Object {
    +     "id": "x9kX9CSbtUUR8EUYYaB6",
    +     "probability": 0.49503725155317935,
    +     "question": "Test email on market resolution 2",
    +   },
    +   Object {
    +     "id": "nreFHWsN6PloabDTN6BK",
    +     "probability": 0.6527777777777779,
    +     "question": "Test everything working?",
    +   },
    +   Object {
    +     "id": "2Syd0hmX4Vpw9B8uW3w6",
    +     "probability": 0.9824026209281129,
    +     "question": "Will Ethereum switch to Proof of Stake before 2023?",
    +   },
    +   Object {
    +     "id": "fjWUTZHVcxh31Fh1bLQN",
    +     "probability": 0.013091723404834762,
    +     "question": "Democrats lose both houses of Congress in 2022",
    +   },
    +   Object {
    +     "id": "5Leq2qdLAwF8bRfUus22",
    +     "probability": 0.9474363566144576,
    +     "question": "Nancy Pelosi announces retirement plans in 2022",
    +   },
    +   Object {
    +     "id": "exisq0oaRgxdD0dhPLSC",
    +     "probability": 0.9931753130708852,
    +     "question": "Joe Biden is still president at the end of 2022",
    +   },
    +   Object {
    +     "id": "ViC944UUPDPaYy9gN0bh",
    +     "probability": 0.9774449599165941,
    +     "question": "No military conflict between the PRC and Taiwan in 2022",
    +   },
    +   Object {
    +     "id": "1lwr5zVQe3ZDzfygK7Mv",
    +     "probability": 0.9886527846828138,
    +     "question": "Emmanuel Macron re-elected in 2022",
    +   },
    +   Object {
    +     "id": "uZamECynZMU4gKE0LofR",
    +     "probability": 0.9784904344998784,
    +     "question": "Liz Cheney loses primary in 2022",
    +   },
    +   Object {
    +     "id": "u1wRqeN0FqWtel4oIrEx",
    +     "probability": 0.973777931167073,
    +     "question": "China officially abandons Covid Zero in 2022",
    +   },
    +   Object {
    +     "id": "E5VagZO4cFtfHiLjeKs2",
    +     "probability": 0.9731551136391867,
    +     "question": "November 2022 year-on-year CPI growth is above 4%",
    +   },
    +   Object {
    +     "id": "SPs0zU6IRrVl9Wx5URzZ",
    +     "probability": 0.01960830909091357,
    +     "question": "Democrats go down at least one governor on net in 2022",
    +   },
    +   Object {
    +     "id": "KUgz1XuwqlmZoRVj7kxv",
    +     "probability": 0.009999999999999967,
    +     "question": "The unemployment rate stays between 4 and 5% in 2022",
    +   },
    +   Object {
    +     "id": "TBSNFG9xj2kqpyO9xcqr",
    +     "probability": 0.1407155162710754,
    +     "question": "Will there be a 2022 SARS-CoV-2 variant named \"Upsilon\"?",
    +   },
    +   Object {
    +     "id": "ceTfXracdRrm1EDStdJI",
    +     "probability": 0.8677685950413223,
    +     "question": "Is Omicron less lethal than Delta?",
    +   },
    +   Object {
    +     "id": "QiD0zGfTZLcCeyGbEvX8",
    +     "probability": 0.9993616696467111,
    +     "question": "US authorizes another Covid booster shot for general population in 2022",
    +   },
    +   Object {
    +     "id": "P84pZO8AStQruwRzxtcs",
    +     "probability": 0.8741816392660808,
    +     "question": "Google US employees working more from office than home at some point in 2022",
    +   },
    +   Object {
    +     "id": "eAXsf8cPoZfnjHvYiGvS",
    +     "probability": 0.023333932477879397,
    +     "question": "Full-self-driving robo-taxis generally available in at least 10 major US cities by end of 2023",
    +   },
    +   Object {
    +     "id": "weCExyHsCoNl0PxT01AH",
    +     "probability": 0.06797275136938659,
    +     "question": "Will Marginal Revolution post about Mantic Markets before the end of January?",
    +   },
    +   Object {
    +     "id": "eeVcGs3N69RydATkz2e5",
    +     "probability": 0.7152011391954433,
    +     "question": "Will the official Burning Man be an in-person event in 2022?",
    +   },
    +   Object {
    +     "id": "CVw7TxElvv9kI18uAfBg",
    +     "probability": 0.047058922208689624,
    +     "question": "In US, pandemic fades away to pre-Delta case levels or lower, with occasional flare-ups",
    +   },
    +   Object {
    +     "id": "Knd7OZMNkroI0Jbokon9",
    +     "probability": 0.8599999999999999,
    +     "question": "Restaurant and retail spending continues to be basically normal for most of the year",
    +   },
    +   Object {
    +     "id": "0JRl0rnfUGAgqErdLcBR",
    +     "probability": 0.9790414478372308,
    +     "question": "US covid cases below Delta peak by end of March",
    +   },
    +   Object {
    +     "id": "3qYChghwl9Fz91E3OVbz",
    +     "probability": 0.9709748874418732,
    +     "question": "Before January 15th, 2022, will Mantic Markets implement a limit on trading markets once theyΓÇÖve passed their stated resolution date?",
    +   },
    +   Object {
    +     "id": "eV1GYTtpNhIn4f0dhhsw",
    +     "probability": 0.41432936088323785,
    +     "question": "Will circular economy become mainstream in 20 years?",
    +   },
    +   Object {
    +     "id": "GBwhG9ELqAlfg6TatI0g",
    +     "probability": 0.27509260757973497,
    +     "question": "Will the 7-day moving average of US official confirmed Covid cases exceed 750k by Jan 7?",
    +   },
    +   Object {
    +     "id": "gj24eRdHXCfuPgFW255o",
    +     "probability": 0.8456560064290293,
    +     "question": "Will most of the US population have gotten Covid by the end of 2022?",
    +   },
    +   Object {
    +     "id": "zwVUAm7UHuZ3XHMCs9AE",
    +     "probability": 0.9426016017904587,
    +     "question": "Will US -> Canada land border crossings be subject to #COVID restrictions on Mar. 1, 2022?",
    +   },
    +   Object {
    +     "id": "5Zvp4GRUQHmmF6gPmeBC",
    +     "probability": 0.19801490062127183,
    +     "question": "Test market",
    +   },
    +   Object {
    +     "id": "xOGiBt4lZQOoQy4OVUec",
    +     "probability": 0.1055555555555555,
    +     "question": "This market will close before anyone gets a chance to bet on it",
    +   },
    +   Object {
    +     "id": "H4pynWk2GtpDbkz5abjG",
    +     "probability": 0.9700000000000001,
    +     "question": "Google Chrome will support third-party cookies by default on January 1, 2024",
    +   },
    +   Object {
    +     "id": "bfvIm3NiQTNyEbqQK9Xg",
    +     "probability": 0.3446066215735137,
    +     "question": "The \"This market will close before anyone gets a chance to bet on it\" market will close before 9:00 PM EST on January 3rd, 2022",
    +   },
    +   Object {
    +     "id": "dLgQuzbS9kUBkWdSNBD7",
    +     "probability": 0.7909039262719353,
    +     "question": "Will schools in Ireland re-open on 06 January 2022?",
    +   },
    +   Object {
    +     "id": "iLPaHIdCLPRaZyRLDb5i",
    +     "probability": 0.5891727829942985,
    +     "question": "Will German government decrease the time of mandatory quarantine from 14 to less or exactly 7 days by 1st of Feburary 2022?",
    +   },
    +   Object {
    +     "id": "Vv9dtTUtpJNGhxZf4AtC",
    +     "probability": 0.7388137356919874,
    +     "question": "The Washington Football team will rebrand and include the word 'Red' in its name before March 1st, 2022.",
    +   },
    +   Object {
    +     "id": "0BTkIjm0s7fY5mGHbxvD",
    +     "probability": 0.02000000000000006,
    +     "question": "Will Magnus Carlsen play in the next World Chess Championship?",
    +   },
    +   Object {
    +     "id": "qMv4nhNe3Nivvh5c0Lcm",
    +     "probability": 0.3999999999999997,
    +     "question": "I know today's Wordle word",
    +   },
    +   Object {
    +     "id": "LlaTRk7N6vHGyNf9K1gK",
    +     "probability": 0.13847073429783902,
    +     "question": "Will Solana trade above $180 USD anytime before Jan 10th?",
    +   },
    +   Object {
    +     "id": "BGjikj4lz8WBZMUeqE68",
    +     "probability": 0.5,
    +     "question": "Will new reported Covid cases exceed 2 million on any one day before January 10th?",
    +   },
    +   Object {
    +     "id": "PGDKawe5SXuxWSYjFBvS",
    +     "probability": 0.5953360768175585,
    +     "question": "Will one of the comments on this market be a joke that I think is funny (before Jan 10th)?",
    +   },
    +   Object {
    +     "id": "1kD8M9XqTH4UAbReQX5B",
    +     "probability": 0.04000000000000001,
    +     "question": "Will Apple ship its AR glasses by EOY 2022?",
    +   },
    +   Object {
    +     "id": "9BwSsGdsqkV9U5BL446u",
    +     "probability": 0.25574968677446136,
    +     "question": "Will large areas of New England have blackouts in the 2021-2022 winter?",
    +   },
    +   Object {
    +     "id": "30ihoYlKZ3WAVfs539DD",
    +     "probability": 0.30000000000000004,
    +     "question": "Will Austin show up to Luke's place for drinks today (2022-01-05)?",
    +   },
    +   Object {
    +     "id": "MC70OYGdIZOLbg6IFzDu",
    +     "probability": 0.7278911564625848,
    +     "question": "Will I receive any form of compensation for my canceled Alaska flight?",
    +   },
    +   Object {
    +     "id": "ciYp4MpUKyPhRMPaS5OI",
    +     "probability": 0.963798524018656,
    +     "question": "Will February 2022 start right after January 2022?",
    +   },
    +   Object {
    +     "id": "nkCFmsf0yTEQc1HTidCH",
    +     "probability": 0.05755766622192913,
    +     "question": "Will there be an elite consensus that the majority of society should return to normal with no Covid precautions by Feb 14th?",
    +   },
    +   Object {
    +     "id": "WUtBinGZs27oo9XYABcD",
    +     "probability": 0.11004664821617106,
    +     "question": "Will Manifold switch its logo to a manatee by April?",
    +   },
    +   Object {
    +     "id": "DMq1hiV6PAhwBzmxTgiV",
    +     "probability": 0.01249439090533898,
    +     "question": "Will the sequel to Zelda: Breath of the Wild be released in 2022?",
    +   },
    +   Object {
    +     "id": "GMhYGkB1hjr9jKeDKX60",
    +     "probability": 0.09070294784580504,
    +     "question": "Will my 10pm flight SFO => MCO get cancelled?",
    +   },
    +   Object {
    +     "id": "aVFdaQ2YMN9GSA7h90Ut",
    +     "probability": 0.024653326823517986,
    +     "question": "Will Manifold launch a crypto token before April?",
    +   },
    +   Object {
    +     "id": "Gr5dWGAcyIJFnwDfaBtv",
    +     "probability": 0.89,
    +     "question": "Will 2060, globally, be warmer than 2010?",
    +   },
    +   Object {
    +     "id": "fRy5Y3kHPFiiqb9rmrNq",
    +     "probability": 0.026571955910287576,
    +     "question": "Will bit coin hit 100k this year?",
    +   },
    +   Object {
    +     "id": "Li7ZdVUHUzehlNn77z46",
    +     "probability": 0.968757396449704,
    +     "question": "Will the Worldometers Covid counter register 5,555,555 worldwide deaths before February?",
    +   },
    +   Object {
    +     "id": "pG3hOMmZlDv3PR3CLyi0",
    +     "probability": 0.732748062013245,
    +     "question": "Will Russia invade Ukraine before the end of February?",
    +   },
    +   Object {
    +     "id": "GeiKa3gUxQ1TE3TNfNZP",
    +     "probability": 0.08625283572771461,
    +     "question": "Will the Turkmenistanian \"Gates of Hell\" fire be extinguished before 2023?",
    +   },
    +   Object {
    +     "id": "2JCM6Xne5xAzBKe8iEOF",
    +     "probability": 0.5535785146267519,
    +     "question": "Will the Gates of Hell be put out before the end of the year?",
    +   },
    +   Object {
    +     "id": "cGrUUpPPXXRUJu8YooN5",
    +     "probability": 0.9264254272759619,
    +     "question": "Will Polymarket list any new markets in February?",
    +   },
    +   Object {
    +     "id": "9Y7J4C5QXAnLJE0RB1V4",
    +     "probability": 0.02906928446142317,
    +     "question": "Will SpaceX become a publicly traded company by the end of 2022?",
    +   },
    +   Object {
    +     "id": "uRgCvk4G1oLDjUS5DTCM",
    +     "probability": 0.972489701161115,
    +     "question": "Republicans will win the 2022 Texas Governor's race",
    +   },
    +   Object {
    +     "id": "kHHsyCWI6UN2TZjRuMd2",
    +     "probability": 0.56,
    +     "question": "Test",
    +   },
    +   Object {
    +     "id": "KYgwzhPRRbbrH7wLDfzM",
    +     "probability": 0.6764445529745734,
    +     "question": "This will resolve yes in a couple of hours. I promise.",
    +   },
    +   Object {
    +     "id": "NAYWTAwXkndP5J59Aa4l",
    +     "probability": 0.7000000000000006,
    +     "question": "Will Chinese economic growth drop below the upper middle-income GDP growth average in any year before 2031?",
    +   },
    +   Object {
    +     "id": "gJ5lbJ9FWjY1y1XC2Wd0",
    +     "probability": 0.049999999999999954,
    +     "question": "Will Tesla's cybertruck go into full production this year?",
    +   },
    +   Object {
    +     "id": "fP88JLsAG7FhkKqHg7Sk",
    +     "probability": 0.2545955578645225,
    +     "question": "Will the 7-day average for US covid cases increase every day through Jan 20th?",
    +   },
    +   Object {
    +     "id": "3ILh9485VvDNQ2AciOXZ",
    +     "probability": 0.9679160009902077,
    +     "question": "Will the price of Bitcoin drop below $40,000 before Feb 1st?",
    +   },
    +   Object {
    +     "id": "76ssrl0EQtSpWHJSVikR",
    +     "probability": 0.07813656590387795,
    +     "question": "Will inflation be 0.7% or more in December 2021?",
    +   },
    +   Object {
    +     "id": "vsbdiR0CAJUw9gbeoNCS",
    +     "probability": 0.10842872008324661,
    +     "question": "Will there be a day with 1.75 million or more new Covid cases in the US by Jan 18th?",
    +   },
    +   Object {
    +     "id": "DSXVQA3Dq6FrP3yZPrnG",
    +     "probability": 0.03423315474038763,
    +     "question": "Will Manifold Markets have an official launch on or before Jan 25th?",
    +   },
    +   Object {
    +     "id": "bdUWLl6zbjbrGSIya5Ce",
    +     "probability": 0.9593506780984846,
    +     "question": "Will I create at least 10 markets on this site by the end of the year?",
    +   },
    +   Object {
    +     "id": "Pj1zROfk0A3TLuhiyFaQ",
    +     "probability": 0.010153224630532542,
    +     "question": "Will China Invade Taiwan in 2022?",
    +   },
    +   Object {
    +     "id": "Aia5KNIHdcqVW2r0P7HP",
    +     "probability": 0.37453378653301334,
    +     "question": "Will inflation be 0.6% or higher in January?",
    +   },
    +   Object {
    +     "id": "a561BVQ34dGjc6WXYy9l",
    +     "probability": 0.9796946131845031,
    +     "question": "Will Richard Hanania have at least 50,000 Twitter followers by the end of 2022?",
    +   },
    +   Object {
    +     "id": "xzm31gIDnxMJEH1adycf",
    +     "probability": 0.15856777512032436,
    +     "question": "Will Richard Hanania step foot in Washington, D.C. in 2022?",
    +   },
    +   Object {
    +     "id": "ipcd5fUJNqHaW3DjEJeX",
    +     "probability": 0.019813889062616507,
    +     "question": "Will Richard Hanania publish at least one article in The Washington Post, The New York Times, or The Wall Street Journal in 2022?",
    +   },
    +   Object {
    +     "id": "7H8Wu5M3pILFTBoIsLLb",
    +     "probability": 0.848408606076638,
    +     "question": "Will Richard Hanania publish at least 70 Substack posts in 2022?",
    +   },
    +   Object {
    +     "id": "HbPpmbZ4cONLwZoVsT4J",
    +     "probability": 0.8168095558625902,
    +     "question": "Will Richard Hanania appear on Tucker Carlson Tonight at least once in 2022?",
    +   },
    +   Object {
    +     "id": "TBa0KxERQuCNEpyKcwKx",
    +     "probability": 0.020485021492723434,
    +     "question": "Tulsi Gabbard Will Win the 2024 United States Presidential Election",
    +   },
    +   Object {
    +     "id": "BWbzDnWJMQv8eNo2GrM4",
    +     "probability": 0.01000000000000002,
    +     "question": "Jen Psaki Will Win the 2024 United States Presidential Election",
    +   },
    +   Object {
    +     "id": "sIKCaNEeyge6HR7V2Bsz",
    +     "probability": 0.023143596938254723,
    +     "question": "Will China have over 10,000 COVID-19 cases per day at the end of February 2022?",
    +   },
    +   Object {
    +     "id": "QJslgIQGPJx3xpZjJRc2",
    +     "probability": 0.22023294323026985,
    +     "question": "Will the value of Bitcoin pass 100k USD by the end of 2024?",
    +   },
    +   Object {
    +     "id": "BXGdFcy53ohQuGUoP6lV",
    +     "probability": 0.03125848688663125,
    +     "question": "Will there be a new COVID variant with an impact greater than Omicron in 2022 or 2023?",
    +   },
    +   Object {
    +     "id": "XI1kF55E2wzMO0puSq7q",
    +     "probability": 0.17966160172102622,
    +     "question": "Will Elrond EGLD be listed for trading on Coinbase by June 30th, 2022",
    +   },
    +   Object {
    +     "id": "w6riL1iyNcODr0GMzysY",
    +     "probability": 0.973050256434057,
    +     "question": "Will Elrond EGLD be listed for trading on Coinbase by December 31st, 2022",
    +   },
    +   Object {
    +     "id": "8BcfZcuoHX1YZ7sG27r1",
    +     "probability": 0.9947818005555551,
    +     "question": "Will Elrond EGLD be listed for trading on Coinbase by June 30th, 2023",
    +   },
    +   Object {
    +     "id": "qUczwSihoTnh25hMaeaz",
    +     "probability": 0.49035446678001793,
    +     "question": "Will Elrond EGLD be listed for trading on Coinbase by December 31st, 2023",
    +   },
    +   Object {
    +     "id": "inmWWj0gdavykcH668eg",
    +     "probability": 0.008139828878945822,
    +     "question": "Will Doors of Stone, the third book of the Kingkiller Chronicle, by Patrick Rothfuss, be released in 2022?",
    +   },
    +   Object {
    +     "id": "RIQLFl7ly0WGoX1Njmv2",
    +     "probability": 0.014424581655445088,
    +     "question": "Will \"The Winds of Winter\", Book Six of A Song of Fire and Ice, by George R. R. Martin, be released in 2022?",
    +   },
    +   Object {
    +     "id": "GNAY9O0C2Au1RpQMTwKc",
    +     "probability": 0.0024849712590635695,
    +     "question": "Will \"The Winds of Winter\", Book Six of A Song of Fire and Ice, by George R. R. Martin, be released in 2023?",
    +   },
    +   Object {
    +     "id": "tF6bsON5DjJVAa6nHlUl",
    +     "probability": 0.5464852607709751,
    +     "question": "Will Ontario schools reopen by January 27th, 2022?",
    +   },
    +   Object {
    +     "id": "De3HNz2RZYfFPB35TIpR",
    +     "probability": 0.9891825118947498,
    +     "question": "For AR, will passthrough optics dominate the consumer market (versus transparent optics) by EOY 2024",
    +   },
    +   Object {
    +     "id": "mlDRk8C2kOYBpcqLIDki",
    +     "probability": 0.004229596267582061,
    +     "question": "If Trump announces his candidacy for President in 2024, will it be in an even indexed month?  (i.e. February, April, June, etc).",
    +   },
    +   Object {
    +     "id": "Nbp4ywnPug4VG9DHH94l",
    +     "probability": 0.013566953940008841,
    +     "question": "Will aliens land before March 2022?",
    +   },
    +   Object {
    +     "id": "VT9dXnh7xwcjMCdyg4LW",
    +     "probability": 0.013191881709973659,
    +     "question": "Will Boris Johnson resign before March 2022?",
    +   },
    +   Object {
    +     "id": "9m3Ctchk5DRYycTE43Ip",
    +     "probability": 0.9573765251212106,
    +     "question": "Tamuz Hod will resolve their $10,000 meta-market honeslty",
    +   },
    +   Object {
    +     "id": "44nSoR1u80KhrXMKEZhY",
    +     "probability": 0.7368815020087279,
    +     "question": "I have been entrusted with an AI in a Box. Should I let it out?",
    +   },
    +   Object {
    +     "id": "BqEkAoBv3utodUjOmP9q",
    +     "probability": 0.996118000259589,
    +     "question": "Will January 14th's Wordle start with a consonant?",
    +   },
    +   Object {
    +     "id": "BQINWjJaLWLvqMBLyqkX",
    +     "probability": 0.027965598391214784,
    +     "question": "Will TSLA reach 1.5k by the end of 2022?",
    +   },
    +   Object {
    +     "id": "9EWjOFH6VHw7cYmKKWyX",
    +     "probability": 0.975546052566539,
    +     "question": "Will Moderna report positive results for its children's vaccine before the end of March 2022?",
    +   },
    +   Object {
    +     "id": "3lMHrNz6DesC7600rl29",
    +     "probability": 0.9677909763199258,
    +     "question": "Will at least $200 be bet on 'yes' in the \"Will aliens land before March 2022?\" market?",
    +   },
    +   Object {
    +     "id": "eFCM8TUS0xy4LUpjL1bz",
    +     "probability": 0.029512620058192687,
    +     "question": "Will Stripe IPO by the end of June 2022?",
    +   },
    +   Object {
    +     "id": "fgqP4Sm2PU2Xm1MDdFHS",
    +     "probability": 0.005474388427105584,
    +     "question": "Will Stripe IPO by the end of September 2022?",
    +   },
    +   Object {
    +     "id": "zFxrc3m3GKQlG3n2CCLV",
    +     "probability": 0.020000000000000025,
    +     "question": "Will Stripe IPO by the end of December 2022?",
    +   },
    +   Object {
    +     "id": "4xaG3yK61gpwujCrvTK4",
    +     "probability": 0.05139487127546844,
    +     "question": "Will Matt Darling win the 2022 Neoliberal Shill Contest?",
    +   },
    +   Object {
    +     "id": "TvCw2E8qd7JmZsGQvqEg",
    +     "probability": 0.009218223463269913,
    +     "question": "Will there be a kinetic strike on an Iranian Nuclear Facility?",
    +   },
    +   Object {
    +     "id": "KMvjE1fetnIv6yujNP7Z",
    +     "probability": 0.9749764232043429,
    +     "question": "Will there be over 200 Ukrainian Military deaths by the end of March 2022",
    +   },
    +   Object {
    +     "id": "eITyjM2TdY8P9kd8nhwE",
    +     "probability": 0.0847315299101753,
    +     "question": "Will Midnight the stray cat allow humans to pet her by April 1st, 2022",
    +   },
    +   Object {
    +     "id": "XJdCBuC9OibfeL4yLInU",
    +     "probability": 0.05506784423044906,
    +     "question": "Will any version of Build Back Better be signed into law before March 1st 2022?",
    +   },
    +   Object {
    +     "id": "gyYJo1K5OW8DJ1omMDYD",
    +     "probability": 0.11664652142293902,
    +     "question": "Will there be US Constitutional reform by 2027?",
    +   },
    +   Object {
    +     "id": "pzz2RSYsyGIiUFFgjOSH",
    +     "probability": 0.03912574594951145,
    +     "question": "Will Starlink IPO by the end 2023?",
    +   },
    +   Object {
    +     "id": "QTiEJfDPHDhrY9762zJw",
    +     "probability": 0.03179170748426028,
    +     "question": "Will Starlink IPO by the end 2024?",
    +   },
    +   Object {
    +     "id": "vOsfztKzCVYlJ39jeD56",
    +     "probability": 0.17114876826780412,
    +     "question": "Will Starlink IPO by the end 2025?",
    +   },
    +   Object {
    +     "id": "S4JoSrI2Ck6gy4oJmNgH",
    +     "probability": 0.2500000000000002,
    +     "question": "Will Starlink IPO by the end 2026?",
    +   },
    +   Object {
    +     "id": "fulgfs9R8ITGhvF3lb33",
    +     "probability": 0.025791226212548517,
    +     "question": "Will there be five or more American Military Casualties in Iraq or Syria due to an attack by Iranian backed groups in 2022",
    +   },
    +   Object {
    +     "id": "ntKOWECROxViqmw7pf9i",
    +     "probability": 0.6549236415845165,
    +     "question": "Will Starlink IPO by the end 2027?",
    +   },
    +   Object {
    +     "id": "CX5vN5bFulAIrrIrsdzq",
    +     "probability": 0.15449304975043146,
    +     "question": "Medlock pets the cat by June 1st 2022",
    +   },
    +   Object {
    +     "id": "dLWaqmfacgu0IUM7H8g9",
    +     "probability": 0.047387525428158384,
    +     "question": "Matt Darling wins the neoliberal shill contest AND James Medlock pets The Cat by 4/1/2022",
    +   },
    +   Object {
    +     "id": "GBJrXr1zRgaFCw2lY6pu",
    +     "probability": 0.014554950850215029,
    +     "question": "Will R.M. still work at T. by the end of 2022?",
    +   },
    +   Object {
    +     "id": "FoA5JNtvTB5QTdyrJSHu",
    +     "probability": 0.453514739229025,
    +     "question": "Will Tcs companies have a total capitalization exceeding $500m by the end of 2022?",
    +   },
    +   Object {
    +     "id": "xNaZfcgXQyMzF42XalP7",
    +     "probability": 0.014526203935660684,
    +     "question": "Will Manifold Markets require Proof of Humanity by the end of 2022?",
    +   },
    +   Object {
    +     "id": "XefLCEiiaKnxXKaY5qKR",
    +     "probability": 0.9207696549170502,
    +     "question": "Will 4 members of Tcs get engaged or married by the end of 2022?",
    +   },
    +   Object {
    +     "id": "OH9G7au1Doo4GpfQpGWD",
    +     "probability": 0.13999999999999993,
    +     "question": "Will there be at least one TC baby by the end of 2023?",
    +   },
    +   Object {
    +     "id": "lFDvqeWDB4kR8QHBfAZ3",
    +     "probability": 0.6948242187500001,
    +     "question": "Will the winner of the semi-finals of my \"which animal would evolve intelligence if primates hadn't existed\" tournament go on to win the whole thing?",
    +   },
    +   Object {
    +     "id": "Y7chgPuojBuzkfLKlm7K",
    +     "probability": 0.1766805472932778,
    +     "question": "Will Sans and Papyrus Commentary return by February 2022?",
    +   },
    +   Object {
    +     "id": "TRZqdyUnYJ0bScisKUYb",
    +     "probability": 0.1832614619584526,
    +     "question": "Will NorthernLion eat a sandwich containing at least 250 calories on a livestream before February 2022?",
    +   },
    +   Object {
    +     "id": "C4JbXYrstvcvjXmXVhHB",
    +     "probability": 0.1728395061728395,
    +     "question": "Will humanity go extinct within five minutes of this poll being created?",
    +   },
    +   Object {
    +     "id": "LKRS1WC1g0Hdo2NAdUd6",
    +     "probability": 0.5,
    +     "question": "Test",
    +   },
    +   Object {
    +     "id": "I6nT7FCBFU3TZtODRV77",
    +     "probability": 0.68,
    +     "question": "Will Democrats lose Senate majority after 2022 midterm elections?",
    +   },
    +   Object {
    +     "id": "CGtDhDRjEca4GAqc9JkQ",
    +     "probability": 0.7060674965635078,
    +     "question": "Should Manifold Markets implement this feature: Pre-commit to a resolution mechanism",
    +   },
    +   Object {
    +     "id": "JVY6i36gPWYpoiBDaTsH",
    +     "probability": 0.6021892837136066,
    +     "question": "Should Manifold Markets implement this feature: Propose a question for someone else to judge",
    +   },
    +   Object {
    +     "id": "Lg6Fd2GCrmctfPmY8qq0",
    +     "probability": 0.43640275808107964,
    +     "question": "Should Manifold Markets implement this feature: Resolution Bonds",
    +   },
    +   Object {
    +     "id": "nqUQGUvYscQaKf43yoMN",
    +     "probability": 0.61131744720665,
    +     "question": "Will the most cost-effective charity on Givewell's cost effectiveness spreadsheet at the end of 2022 be a Vitamin A supplementation charity?",
    +   },
    +   Object {
    +     "id": "4amdGgZFKTxUMC3Fym6F",
    +     "probability": 0.0133571694907955,
    +     "question": "Will Joe Biden win the 2024 US Presidential Election?",
    +   },
    +   Object {
    +     "id": "Ua0kzjbcBjwSySES4hYt",
    +     "probability": 0.44475342231144166,
    +     "question": "Will Donald Trump win the 2024 US Presidential Election?",
    +   },
    +   Object {
    +     "id": "PFvpxts5LpHOTSK2yY45",
    +     "probability": 0.0014845924785191044,
    +     "question": "Will Bernie Sanders seek the Democratic Party's nomination for president in 2024?",
    +   },
    +   Object {
    +     "id": "qkKnkE3MLReZQHsYr17x",
    +     "probability": 0.5076206446661744,
    +     "question": "Will Harvard University require a second booster (defined as a fourth dose of Moderna or Pfizer or a third dose if initially taken J&J) for students before 31 Dec 2022?",
    +   },
    +   Object {
    +     "id": "c8ZIGDvmS2RBCoRUe7Ym",
    +     "probability": 0.11885140168163505,
    +     "question": "Will Joe Rogan mention the recent study on Cannabis affording protection against COVID-19 within the next two weeks?",
    +   },
    +   Object {
    +     "id": "zdiaIb2ESdQTigYojUsP",
    +     "probability": 0.030600108934413305,
    +     "question": "Will France still be requiring the Health Pass (Pass Sanitaire) for entry into restaurants on 1 Oct 2022?",
    +   },
    +   Object {
    +     "id": "LPX5w620YXqW6IERru5k",
    +     "probability": 0.46733879437093045,
    +     "question": "Should Manifold Markets implement this feature: support Markdown in the description field",
    +   },
    +   Object {
    +     "id": "Yf04PH7FqYVSsIIRUz9M",
    +     "probability": 0.8121928528356938,
    +     "question": "Will New York City public schools discontinue all COVID testing of students before 31 Dec 2022?",
    +   },
    +   Object {
    +     "id": "EVqTOAlO6KtkcG2FcKXj",
    +     "probability": 0.0422040591266617,
    +     "question": "Will Richmond, Virginia, take concrete steps towards a Land Value Tax by 2023?",
    +   },
    +   Object {
    +     "id": "406KLS7Sh9vwUKJehCM2",
    +     "probability": 0.9461279931707434,
    +     "question": "Will Young Georgists of America's GoFundMe campaign be fully funded in 24 hours or less?",
    +   },
    +   Object {
    +     "id": "DG5hbHuB328hsV8roaXl",
    +     "probability": 0.93,
    +     "question": "Will at least $50,000 be granted to EA charities as a result of Project for Awesome 2022?",
    +   },
    +   Object {
    +     "id": "DpIYaXVbefk4c5xLovbB",
    +     "probability": 0.6599999999999998,
    +     "question": "Will at least $100,000 be granted to EA charities as a result of Project for Awesome 2022?",
    +   },
    +   Object {
    +     "id": "Zqszx5UHHOwqBJ4f7GzL",
    +     "probability": 0.22,
    +     "question": "Will at least $200,000 be granted to EA charities as a result of Project for Awesome 2022?",
    +   },
    +   Object {
    +     "id": "PqUBnzj3tWCD8QAgtV8p",
    +     "probability": 0.08524033347818503,
    +     "question": "Will \"Manifolders\" become the defacto name for what users of this site call themselves by February 2022?",
    +   },
    +   Object {
    +     "id": "vgXCxvRp7wja5zWL5X7C",
    +     "probability": 0.2831246932576702,
    +     "question": "If Joe Biden becomes the Democratic nominee, will he win the 2024 election?",
    +   },
    +   Object {
    +     "id": "r6tg7GenC2jXu2c287Hc",
    +     "probability": 0.7405574061546986,
    +     "question": "Will the United States cut Russia off from the SWIFT system by 2023?",
    +   },
    +   Object {
    +     "id": "QEg1vyVPIt8H4YH1UomV",
    +     "probability": 0.4211705768160338,
    +     "question": "Within 6 months at least 15 of the top most trade Markets will be self-promotional in nature.",
    +   },
    +   Object {
    +     "id": "qtuTqRH5nxkHmYl8H7sX",
    +     "probability": 0.031780498432263174,
    +     "question": "Will Twitter permanently ban a second sitting member of Congress in 2022?",
    +   },
    +   Object {
    +     "id": "qaty621LjYtTIIA8isjW",
    +     "probability": 0.955227644583643,
    +     "question": "Will the Nord Stream 2 pipeline be blocked or sanctioned by 2023?",
    +   },
    +   Object {
    +     "id": "rZw3lUIEwGJPw6BLUIhX",
    +     "probability": 0.053889534549966304,
    +     "question": "Will Ukraine be an official member of NATO by 2025?",
    +   },
    +   Object {
    +     "id": "pdtn8a8nwuwezrXvDQO2",
    +     "probability": 0.06641669121460532,
    +     "question": "Will Malta be an official member of NATO by 2025?",
    +   },
    +   Object {
    +     "id": "RgjUvwhvwLfqfXPCOEWj",
    +     "probability": 0.05050567669769161,
    +     "question": "Will Cyprus be an official member of NATO by 2025?",
    +   },
    +   Object {
    +     "id": "d42pN6fMta62SNMIPfOu",
    +     "probability": 0.042030881520288395,
    +     "question": "Will Ireland be an official member of NATO by 2025?",
    +   },
    +   Object {
    +     "id": "jHsdeIU5WuoJUUBlrGKL",
    +     "probability": 0.04064600177849823,
    +     "question": "Will Austria be an official member of NATO by 2025?",
    +   },
    +   Object {
    +     "id": "dm8kDfQ1HDOhW8VVCjN7",
    +     "probability": 0.996233358904717,
    +     "question": "Will Sweden be an official member of NATO by 2025?",
    +   },
    +   Object {
    +     "id": "b72B3SYfUubnn28lGuup",
    +     "probability": 0.9995133833080432,
    +     "question": "Will Finland be an official member of NATO by 2025?",
    +   },
    +   Object {
    +     "id": "hciZJLxDJSjDyJOJAOHs",
    +     "probability": 0.26,
    +     "question": "Will Ukraine fulfill its obligations with respect to Donetsk and Luhansk Oblast by 2023?",
    +   },
    +   Object {
    +     "id": "6HqQX70oGgfgoujeG3oQ",
    +     "probability": 0.008278468864305506,
    +     "question": "Will another long-mysterious disease turn out to have been caused by a Virus all along before 2023?",
    +   },
    +   Object {
    +     "id": "ASJmpa3sKa9YCfANznKK",
    +     "probability": 0.03988795763727704,
    +     "question": "Will Djokovic play in the Australian Open",
    +   },
    +   Object {
    +     "id": "nI9a5HfLQwlUGnXSrBir",
    +     "probability": 0.03423702372039668,
    +     "question": "Will Russia invade Ukraine before the end of January?",
    +   },
    +   Object {
    +     "id": "EZ9boZQDT395RYuNbFto",
    +     "probability": 0.1777216290726192,
    +     "question": "Will M'Baku (Winston Duke) take on the title of Black Panther in Black Panther 2 and future Marvel movies?",
    +   },
    +   Object {
    +     "id": "R84oirZHT2CTbdsucMC5",
    +     "probability": 0.33720976227206195,
    +     "question": "Will Novak Djokovic play a game in this year's Australian open?",
    +   },
    +   Object {
    +     "id": "xU8flZgF13yCfMbYCjf7",
    +     "probability": 0.03496152003320958,
    +     "question": "Will the Liberal party win the next Australian Federal election?",
    +   },
    +   Object {
    +     "id": "vw6B8POBdcGXs4HWjlDx",
    +     "probability": 0.9938303812240399,
    +     "question": "If Boris Johnson is leader of the Conservative party, will they lose seats in the local elections, on net?",
    +   },
    +   Object {
    +     "id": "LqTMfGuT1FrbqEZK50xQ",
    +     "probability": 0.7540406068863308,
    +     "question": "If Boris Johnson is not leader of the Conservative party, will they lose seats in the local elections, on net?",
    +   },
    +   Object {
    +     "id": "HCZNa86IiNBoX51Kpwuv",
    +     "probability": 0.4952300478424535,
    +     "question": "I will flip a coin to determine this market.",
    +   },
    +   Object {
    +     "id": "8eM9t6wpy733Gwmr5aKI",
    +     "probability": 0.5407113566943752,
    +     "question": "If Kamala Harris becomes the Democratic nominee, will she win the 2024 election?",
    +   },
    +   Object {
    +     "id": "YaMCtfzJZTc0nObxqvaI",
    +     "probability": 0.9478289717483098,
    +     "question": "If Keir Starmer is the leader of the Labour Party going into the next UK general election, will the Labour Party win?",
    +   },
    +   Object {
    +     "id": "Zl5QvpkGBF2zkoJg8itV",
    +     "probability": 0.5051242928176163,
    +     "question": "Should Manifold Markets implement this feature: Ban pseudonyms and require real names",
    +   },
    +   Object {
    +     "id": "shN1BQgkbiFYx8j64q5E",
    +     "probability": 0.3320425648527401,
    +     "question": "Should Manifold Markets implement this feature: Notifications",
    +   },
    +   Object {
    +     "id": "a2pufU4hXiyGq6tsVsxm",
    +     "probability": 0.12800381347646184,
    +     "question": "Will Donald Trump by the President of the United States by Feb. 28, 2022?",
    +   },
    +   Object {
    +     "id": "rU68foE9DivkE8WsjzC7",
    +     "probability": 0.0074517985400830685,
    +     "question": "Will the GOP control the US Senate in 2023?",
    +   },
    +   Object {
    +     "id": "xtPMdE35FyiaQDvOMAeV",
    +     "probability": 0.9900829740980528,
    +     "question": "Will the GOP control the US House of Representatives in 2023?",
    +   },
    +   Object {
    +     "id": "tjPU8mW958WiDb1x4l67",
    +     "probability": 0.05872479249525774,
    +     "question": "Will Manifold implement demurrage?",
    +   },
    +   Object {
    +     "id": "CJIe8v4O8DzlLeikL8gv",
    +     "probability": 0.054223343499154524,
    +     "question": "Will Manifold lower the starting balance to M$ 500?",
    +   },
    +   Object {
    +     "id": "EaxycYOj4SSEUGuqFOJ9",
    +     "probability": 0.3656097423287498,
    +     "question": "Will the Kansas City Chiefs win the 2022 Super Bowl?",
    +   },
    +   Object {
    +     "id": "yBMZUf8fxoefhzZ3a8eo",
    +     "probability": 0.8547646009204612,
    +     "question": "Will Punxsutawney Phil see his shadow on Groundhog's Day, 2022?",
    +   },
    +   Object {
    +     "id": "VaDrABlXCydrFwaWa11M",
    +     "probability": 0.432975,
    +     "question": "Will Punxsutawney Phil's behavior on Groundhog's Day 2022 correctly predict winter's end?",
    +   },
    +   Object {
    +     "id": "V288UeQ98h4j3KPbceiJ",
    +     "probability": 0.9816733067729083,
    +     "question": "Will Lewis Hamilton compete in 2022 F1 Championship?",
    +   },
    +   Object {
    +     "id": "OOADnPjVx51AiDRuwCst",
    +     "probability": 0.8598456389590875,
    +     "question": "Will Kyrie Irving play at home in this regular season?",
    +   },
    +   Object {
    +     "id": "Eiee2FHa0Ze4LCDbVuMo",
    +     "probability": 0.8666666666666667,
    +     "question": "Will Australia win the 5th Ashes test against England?",
    +   },
    +   Object {
    +     "id": "grIV0O3yJJSxdola8YJ4",
    +     "probability": 0.6280991735537191,
    +     "question": "Will the Tampa Bay Buccaneers beat the Philadelphia Eagles in the NFL playoff game today?",
    +   },
    +   Object {
    +     "id": "bFxoyPcKdSDyqBAEcryp",
    +     "probability": 0.806717992983344,
    +     "question": "Will the Worldometers Covid counter register 888,888 US deaths before February?",
    +   },
    +   Object {
    +     "id": "M3HabgjeyfIbB4YZ1Tcx",
    +     "probability": 0.04959660144640583,
    +     "question": "Will China report more than 100,000 confirmed COVID-19 cases for any single day before May 2022?",
    +   },
    +   Object {
    +     "id": "4W5yR8ZARDCGKOLumBTd",
    +     "probability": 0.8106769921907984,
    +     "question": "Will Argentina reach a deal with the IMF before June 2022?",
    +   },
    +   Object {
    +     "id": "FaHfgLVXKAgP1IyamRRr",
    +     "probability": 0.5968800141792829,
    +     "question": "Will Democrats lose more than 10 seats during the 2022 midterms?",
    +   },
    +   Object {
    +     "id": "LAeVo28wPaBS5q9RsI4n",
    +     "probability": 0.6140484494297295,
    +     "question": "Will unemployment continue decreasing?",
    +   },
    +   Object {
    +     "id": "bR9vEMqfK50tHzSp4A74",
    +     "probability": 0.1414388261173002,
    +     "question": "Will the US Covid case count on Jan 17th be the highest of any day in January?",
    +   },
    +   Object {
    +     "id": "WsGJWtLiqwrWZ2N2CyKI",
    +     "probability": 0.37040441176470584,
    +     "question": "Will the US Covid case count on Jan 18th be the highest of any day in January?",
    +   },
    +   Object {
    +     "id": "wZ1n3hVEHlv1puPeverR",
    +     "probability": 0.47216452168291423,
    +     "question": "Will AOC run for President by 2040?",
    +   },
    +   Object {
    +     "id": "Y7djIzB4Ncc3uIyEVcSn",
    +     "probability": 0.886496754862029,
    +     "question": "Will there be another high-profile cancellation a la James Damore or Tim Hunt by EOY?",
    +   },
    +   Object {
    +     "id": "aIngH9tLS86JOpZAzpD3",
    +     "probability": 0.9129693226943454,
    +     "question": "Will Trump's social media app actually launch by Presidents' Day?",
    +   },
    +   Object {
    +     "id": "6eLeF7jgZi6zEvPaUiDG",
    +     "probability": 0.04936106345080079,
    +     "question": "Will Spacex's Starship complete one full loop of the earth before July 2022?",
    +   },
    +   Object {
    +     "id": "YTIuuSsNRn2OlA4KykRM",
    +     "probability": 0.006783801713679279,
    +     "question": "Will Biden be the 2024 Democratic Nominee?",
    +   },
    +   Object {
    +     "id": "VCCqFnzW19JIqMmYLtE1",
    +     "probability": 0.08999999999999997,
    +     "question": "Will I, a triply-jabbed UK citizen, get another jab before the end of 2022",
    +   },
    +   Object {
    +     "id": "UsXw1ldblNSTd9SIeeWw",
    +     "probability": 0.9962924168128574,
    +     "question": "Will a 40 person indoor professional event be legal in UK, July 1st?",
    +   },
    +   Object {
    +     "id": "lkToYUsoY45oIlYHP7wf",
    +     "probability": 0.9870103143237103,
    +     "question": "Will more than 15,000 people be killed in the Russo-Ukrainian War this year?",
    +   },
    +   Object {
    +     "id": "duRlDkKjMOXjWdqSnY3R",
    +     "probability": 0.9779040039942768,
    +     "question": "Will more than 5,000 people be killed in the Russo-Ukrainian War this year?",
    +   },
    +   Object {
    +     "id": "Xe1P0ojpOpVWaKGj4OFZ",
    +     "probability": 0.9499999999999995,
    +     "question": "Will Bobby Kotick still be CEO of Activision Blizzard in 2023?",
    +   },
    +   Object {
    +     "id": "9NJeikZN08vOkvcM3uc4",
    +     "probability": 0.9769031617301634,
    +     "question": "Will Lina Kahn attempt to block Microsoft's Acquisition of Activision-Blizzard-King?",
    +   },
    +   Object {
    +     "id": "JZG4uklvOTV8D8oMU3ZC",
    +     "probability": 0.060167451437569054,
    +     "question": "Is funding Ugandans to study in Germany is at least 10x more effective than GiveDirectly cash transfers? Lasts a week. Can resolve ambiguously.",
    +   },
    +   Object {
    +     "id": "48QeZzHeRWdoQoIdJavG",
    +     "probability": 0.16565671053103379,
    +     "question": "Will the Bills finally win a super bowl this year?",
    +   },
    +   Object {
    +     "id": "yv09fTbl7InW8QhPf5sE",
    +     "probability": 0.08844123048668502,
    +     "question": "Will Solana be ahead of Cardano by the end of the week?",
    +   },
    +   Object {
    +     "id": "NNSVgbwM9CVyorYnRaQO",
    +     "probability": 0.94074011227691,
    +     "question": "Will Joe Biden's approval rating be above 40% by the end of the month?",
    +   },
    +   Object {
    +     "id": "d5ijXgfjyiiZzIkb5lTI",
    +     "probability": 0.9676233711072044,
    +     "question": "Will Blake Masters win the 2022 Arizona Republican Senate nomination?",
    +   },
    +   Object {
    +     "id": "QQcuecSOc5Fh2LU7b3rK",
    +     "probability": 0.026622621499921107,
    +     "question": "Will the USA have a female president in 2022?",
    +   },
    +   Object {
    +     "id": "cBji5n5cRFCZoS1coC2J",
    +     "probability": 0.035997283348827167,
    +     "question": "Will Boris Johnson leave office before Feb 1st 2022?",
    +   },
    +   Object {
    +     "id": "szaW56Ok2s7BgJJVBvUz",
    +     "probability": 0.09260204081632654,
    +     "question": "Will Texas Rep Henry Cueller be indicted before his March 1st, 2022 Primary Date?",
    +   },
    +   Object {
    +     "id": "LHNIwpG23F5EkJlhIWU6",
    +     "probability": 0.47141669519291896,
    +     "question": "Will Texas Rep Henry Cueller win the Democratic Primary Election for his seat on March 1st?",
    +   },
    +   Object {
    +     "id": "UxJOejb1dqehENfj1srX",
    +     "probability": 0.24609375,
    +     "question": "Will Magnus Carlsen lose any regular game in the 2022 Tata Steel Masters?",
    +   },
    +   Object {
    +     "id": "xSBF5kM5nUVWa3dLbBJU",
    +     "probability": 0.5212443929846988,
    +     "question": "If we launch a token in 2022, will it have a market cap of $20M by Jan 2023?",
    +   },
    +   Object {
    +     "id": "PDaBNoy7Wfy0lFrMm8F0",
    +     "probability": 0.4,
    +     "question": "Will Daniil Medvedev win the 2022 Australian Open?",
    +   },
    +   Object {
    +     "id": "FDIzNmOvF82odJv05jIX",
    +     "probability": 0.9023783929051331,
    +     "question": "Will Ben's party happen on Feb 11th?",
    +   },
    +   Object {
    +     "id": "WsQEDOhnpOXXcZRDF6Ab",
    +     "probability": 0.6310040860311034,
    +     "question": "Will Dr. P's question about Trump being president by Feb. 28, 2022 be resolved accurately?",
    +   },
    +   Object {
    +     "id": "edaTj90qfFVo4vZxJk7t",
    +     "probability": 0.6435911303407247,
    +     "question": "What will Joe Biden's approval rating be on February 1?",
    +   },
    +   Object {
    +     "id": "TummyVBZKkzO8ufkNs5K",
    +     "probability": 0.02316865540433813,
    +     "question": "Will Manifold Markets have a better Brier score than Matt Yglesias on the #MattYglesias2022 questions?",
    +   },
    +   Object {
    +     "id": "7Jr2UgpUCqrUvQkp3NXT",
    +     "probability": 0.011780896989372855,
    +     "question": "Will bitcoin fall below $30,000 by the end of the month?",
    +   },
    +   Object {
    +     "id": "Zyp4EshoJIl7hvZpHQJF",
    +     "probability": 0.013763342815590674,
    +     "question": "Will any major known associates of Jeffrey Epstein (besides Ghislaine Maxwell) be TRIED in open court (in any jurisdiction), in either civil or criminal court, in 2022? Pre-trial 
settlements don't count.",
    +   },
    +   Object {
    +     "id": "89JEzS8KjN43cIUO3Pq4",
    +     "probability": 0.6500000000000001,
    +     "question": "Will any major known associates of Jeffrey Epstein (besides Ghislaine Maxwell) SETTLE a case out of court (in any jurisdiction), in either a civil or criminal case, in 2022?",
    +   },
    +   Object {
    +     "id": "DJXn64PJiJryL62RMWmd",
    +     "probability": 0.02109668250081823,
    +     "question": "Will I be signed up for cryonics by the end of the year?",
    +   },
    +   Object {
    +     "id": "ktT9HmRMWW6mrK9AYISP",
    +     "probability": 0.17619986850756078,
    +     "question": "Will stocks crash on Monday?",
    +   },
    +   Object {
    +     "id": "SWIlFQQ6rEWC13UgFVvB",
    +     "probability": 0.2425044616299821,
    +     "question": "Will I hit #3 in the top trader leaderboards on February 2?",
    +   },
    +   Object {
    +     "id": "xYCSsiS7ceglcd0Nfuhv",
    +     "probability": 0.968156538006944,
    +     "question": "Will the US Government Declassify more UFO footage in 2022?",
    +   },
    +   Object {
    +     "id": "eV0eJweQqMzQBgn6f48I",
    +     "probability": 0.011687578406677201,
    +     "question": "Will Laser SETI find non-natural extraterrestrial laser pulses before July 2022?",
    +   },
    +   Object {
    +     "id": "fcBEh8QjsxwwqxNw4GvM",
    +     "probability": 0.36734693877551017,
    +     "question": "Will Shiba Inu remain in Coinbase's top 10 through March?",
    +   },
    +   Object {
    +     "id": "x10FJ1ffYqLf73i85TmN",
    +     "probability": 0.002797553863099794,
    +     "question": "Will Turkey land on the moon in 2023?",
    +   },
    +   Object {
    +     "id": "7zZQAXsGlypLixghpSIb",
    +     "probability": 0.04144842868228368,
    +     "question": "Will a trans female athlete win an Olympic medal (any class) in any women's game category in 2024?",
    +   },
    +   Object {
    +     "id": "OBlDj6F0L4zRm5Qaqmgq",
    +     "probability": 0.09705191025589405,
    +     "question": "How many more markets will I create by May 1, 2022?",
    +   },
    +   Object {
    +     "id": "QgMniaelfAgfVhyE5ufd",
    +     "probability": 0.8913937819730998,
    +     "question": "Will anyone get married after first meeting in person at vibecamp #1? Resolves 2030.",
    +   },
    +   Object {
    +     "id": "hFDbESwQfDTHvAGGXYrm",
    +     "probability": 0.2058370989038112,
    +     "question": "Will I test positive for Covid by May 1, 2022?",
    +   },
    +   Object {
    +     "id": "tQq7R3zzBphgCEU2DzeZ",
    +     "probability": 0.17128238750250802,
    +     "question": "Will General Fusion's Oxford demonstration plant be operational before Jan 1st, 2026?",
    +   },
    +   Object {
    +     "id": "IGhjmoMpKNiXikilX67x",
    +     "probability": 0.04548469874323608,
    +     "question": "Will Helion's Polaris fusion reactor produce net electricity by Jan 1st, 2025?",
    +   },
    +   Object {
    +     "id": "UNLXa1RJdMxg9VmaYTrF",
    +     "probability": 0.2616286030536545,
    +     "question": "Will Commonwealth Fusion System's SPARC fusion reactor achieve \"commercially relevant net energy from fusion\" by Jan 1st, 2026?",
    +   },
    +   Object {
    +     "id": "l2vkgmDkil5EzfUHp8VV",
    +     "probability": 0.09492311890578478,
    +     "question": "Will Austin TX leave COVID Stage 5 prior to February 15, 2022?",
    +   },
    +   Object {
    +     "id": "flAFNuSp1VDH6vACUyGi",
    +     "probability": 0.012111621031628593,
    +     "question": "Will the 4D puzzle game Miegakure be available for purchase before Dec 31st, 2022?",
    +   },
    +   Object {
    +     "id": "FWOWGEc89skYSzuN7k4J",
    +     "probability": 0.7122473246135553,
    +     "question": "Will Manifold Markets win an EA Grant?",
    +   },
    +   Object {
    +     "id": "qXrrt4sQEbab6SJahdzv",
    +     "probability": 0.5,
    +     "question": "Will a fully fault-tolerant surface code be constructed by June 2020?",
    +   },
    +   Object {
    +     "id": "PUcCOsqPo1IPFgwhtxuI",
    +     "probability": 0.06831265202412737,
    +     "question": "Will a fully fault-tolerant surface code by realized by June 2022",
    +   },
    +   Object {
    +     "id": "B81u8R9mq4wcmD2btMLg",
    +     "probability": 0.8611840128015745,
    +     "question": "Will Sally Rooney's next novel be not-too-different in style to her first three?",
    +   },
    +   Object {
    +     "id": "Eh8zILsYgwYKzbaZ7nbo",
    +     "probability": 0.02267114414214266,
    +     "question": "Will the Scottish government ask the UK government for a section 30 order, to facilitate a referendum for Scottish independence, by 31-Dec-2022?",
    +   },
    +   Object {
    +     "id": "dPZhKrCNHNMHsBLYpACB",
    +     "probability": 0.039999999999999945,
    +     "question": "If Scotland asks for a section 30 order for an independence referendum, will UK grant one in 2022?",
    +   },
    +   Object {
    +     "id": "KGNrVfLnstMvnSMVBip2",
    +     "probability": 0.9775685521784344,
    +     "question": "Will Nicola Sturgeon be First Minister of Scotland on 31 December 2022?",
    +   },
    +   Object {
    +     "id": "7MwwlJfkGzgJxWXNifGe",
    +     "probability": 0.13984102134492155,
    +     "question": "Will Manifold Markets win an Emergent Ventures grant?",
    +   },
    +   Object {
    +     "id": "cMS9577bYZtp5W1cFiQS",
    +     "probability": 0.3992346938775511,
    +     "question": "Will Manifold Markets win a Pluralism and Civil Exchange grant?",
    +   },
    +   Object {
    +     "id": "SWXmAR9wqArHftCb7hLU",
    +     "probability": 0.025525606740866937,
    +     "question": "Will  Jasper Fforde produce the sequel to Shades of Grey in August of  2022?",
    +   },
    +   Object {
    +     "id": "wSL83NJ0voJlIDf2ZM7W",
    +     "probability": 0.9438288704216682,
    +     "question": "Will Ketanji Brown Jackson be nominated to fill a Supreme Court seat vacated by Stephen Breyer?",
    +   },
    +   Object {
    +     "id": "zBt7z7fWZ1vDt2hnQC3Z",
    +     "probability": 0.9503806228594933,
    +     "question": "Will the wayward Falcon 9 booster hit the moon on March 4th?",
    +   },
    +   Object {
    +     "id": "QNvsRqpIeza3Fl9zjUiJ",
    +     "probability": 0.11993338094649034,
    +     "question": "Will 20 users create a fold by Feb 10?",
    +   },
    +   Object {
    +     "id": "uuLBzTrNYpKzl5QbIGXd",
    +     "probability": 0.19763009532119102,
    +     "question": "Will Games Workshop produce multicoloured miniatures with rules to use them in any of their mainline games (Warhammer 40000 / Age of Sigmar) by 01/01/2026?",
    +   },
    +   Object {
    +     "id": "MTQ6ULhyuN7a3Kn6bh0m",
    +     "probability": 0.005162922919640445,
    +     "question": "Will Texas secede from the US in the next 50 years?",
    +   },
    +   Object {
    +     "id": "qODPvT3lEnURANzRbzAg",
    +     "probability": 0.30216942148760334,
    +     "question": "Will the next Hearthstone expansion be Pandaria themed?",
    +   },
    +   Object {
    +     "id": "vAFQs4zmhV2fNoISpH5p",
    +     "probability": 0.7570402594302215,
    +     "question": "Will 'Russia invades Ukraine' be above 70% by Feb 10?",
    +   },
    +   Object {
    +     "id": "NsYsJjNxQ1ygwF4OY5WN",
    +     "probability": 0.9011155379977205,
    +     "question": "Will 'Russia invades Ukraine' move by 20% before Feb 10?",
    +   },
    +   Object {
    +     "id": "Zs4l5hpzpsKEwAkfvn3P",
    +     "probability": 0.17523685356743396,
    +     "question": "Is AI a greater existential risk to humanity than a pandemic?",
    +   },
    +   Object {
    +     "id": "T3WBx6cbjkzpaHJSY1Nm",
    +     "probability": 0.016262155280338496,
    +     "question": "Will any countries that are not currently known to have nuclear weapons test a functioning nuclear warhead in 2022?",
    +   },
    +   Object {
    +     "id": "U0xpWAgrTduOPTTKZPZ0",
    +     "probability": 0.9777668659202652,
    +     "question": "Is a market that always resolves to MKT particularly prone to market manipulation?",
    +   },
    +   Object {
    +     "id": "WiVPNz4LUFVW7eWlyqJ8",
    +     "probability": 0.11119435642196372,
    +     "question": "Will Axie Infinity's Battles V3 \"Axie: Origin\" launch prior to the end of Q1 2022 (March 31)",
    +   },
    +   Object {
    +     "id": "FRvNxZ3wFiY1tmMJQOrn",
    +     "probability": 0.010313654025373993,
    +     "question": "Will the Worldometers Covid counter register 1,000,000 US deaths before March 15?",
    +   },
    +   Object {
    +     "id": "40MKkTmSOSYJttfHFzmN",
    +     "probability": 0.17921344261152505,
    +     "question": "Will the US quits rate be below 2.5% at the end of 2022",
    +   },
    +   Object {
    +     "id": "x8Mtn7fe3wsQ68C6xTAO",
    +     "probability": 0.05415749160314521,
    +     "question": "Will the cyber truck go into full production in 2023?",
    +   },
    +   Object {
    +     "id": "3QicUEAK34FYKgqVqruF",
    +     "probability": 0.03981043101724093,
    +     "question": "Will a trans female athlete win an Olympic gold medal in any women's game category in 2024?",
    +   },
    +   Object {
    +     "id": "9Dz32SmWfuE8VuD9hBug",
    +     "probability": 0.7195903852966261,
    +     "question": "Will any US state excel its previous best for standardized test scores in 2021?",
    +   },
    +   Object {
    +     "id": "1F9OmScE3wrkEGMjZR5N",
    +     "probability": 0.8674644996849763,
    +     "question": "Leveraged (Feb 10): Will Russia invade Ukrainian territory in 2022?",
    +   },
    +   Object {
    +     "id": "241RhInr064MMpSjddAL",
    +     "probability": 0.84,
    +     "question": "How many additional subscribers will my newsletter have by the end of February?",
    +   },
    +   Object {
    +     "id": "mBL4ntkwwlD42VhzW3M5",
    +     "probability": 0.01408988215424165,
    +     "question": "1. Will BidenΓÇÖs approval rating (as per 538) be greater than 50% at the end of 2022?",
    +   },
    +   Object {
    +     "id": "f15G6FYHOf17zdfDH9GJ",
    +     "probability": 0.020000000000000018,
    +     "question": "2. Will there be at least $250 million in damage from a single round of mass protests in US in 2022?",
    +   },
    +   Object {
    +     "id": "go914qD9GjuIyWcJOP3E",
    +     "probability": 0.9786652847034659,
    +     "question": "3. Will PredictIt think Joe Biden is the most likely 2024 Dem nominee by the end of 2022?",
    +   },
    +   Object {
    +     "id": "rNJHw7DH4TA12WXjeGHO",
    +     "probability": 0.029671902952678755,
    +     "question": "4. Will PredictIt think Donald Trump is the most likely 2024 GOP nominee by the end of 2022?",
    +   },
    +   Object {
    +     "id": "ceuFVnCJbajHYHqXKZDB",
    +     "probability": 0.9921940268997127,
    +     "question": "5. Will the Beijing Olympics happen successfully on schedule?",
    +   },
    +   Object {
    +     "id": "Xydcz7oCHIoab5u0PQJW",
    +     "probability": 0.9903903412441359,
    +     "question": "6. Will there be a major flare-up (worse than past 5 years) in Russia/Ukraine conflict in 2022?",
    +   },
    +   Object {
    +     "id": "dqRIMTJ9TJ2oo9Dxx2ep",
    +     "probability": 0.029257186245031732,
    +     "question": "7. Will there be a major flare-up (worse than past 10 years) in Israel/Palestine conflict in 2022?",
    +   },
    +   Object {
    +     "id": "ukixaO7xaAzm2UPMu8hT",
    +     "probability": 0.0499395463504971,
    +     "question": "8. Will there be a major flare-up (worse than in past 50 years) in China/Taiwan conflict in 2022?",
    +   },
    +   Object {
    +     "id": "LvZUa5EuGFbw8Phmuzq1",
    +     "probability": 0.10999999999999997,
    +     "question": "9. Will Honduran ZEDEs be legally crippled to the point where no reasonable person would invest in them further in 2022?",
    +   },
    +   Object {
    +     "id": "X6ED2Ojeg1slro9iiqzq",
    +     "probability": 0.04685548188327097,
    +     "question": "10. Will there be a new ZEDE approved in Honduras in 2022?",
    +   },
    +   Object {
    +     "id": "VW2VQqJE5145R24WlgRO",
    +     "probability": 0.00952570950960019,
    +     "question": "11. Will GamestopΓÇÖs stock price still be above $100 at the end of 2022?",
    +   },
    +   Object {
    +     "id": "hSmvi3qp6za5pQcKsngH",
    +     "probability": 0.00590942478115074,
    +     "question": "12. Will Bitcoin be above $100k at the end of 2022?",
    +   },
    +   Object {
    +     "id": "Po1Xd0S3tkRhm2tE7aRO",
    +     "probability": 0.9787705566050183,
    +     "question": "14. Will Ethereum be above 0.05 BTC at the end of 2022?",
    +   },
    +   Object {
    +     "id": "qr6q1KLpJorpR7hl3DNK",
    +     "probability": 0.9820483703281181,
    +     "question": "15. Will the Bored Ape floor price be below the current price of $203K according to CoinGecko at the end of 2022?",
    +   },
    +   Object {
    +     "id": "mkqxeLvmJZPHHJHES2lc",
    +     "probability": 0.021819082342163027,
    +     "question": "16. Will the Dow be above $35k at the end of 2022?",
    +   },
    +   Object {
    +     "id": "DTSugqWbTLwoKA15bnqF",
    +     "probability": 0.02251477859702307,
    +     "question": "17. Will the Dow be above $37.5k at the end of 2022?",
    +   },
    +   Object {
    +     "id": "AlAS9779nksUr3Ec5orp",
    +     "probability": 0.04068739936967352,
    +     "question": "18. Will inflation be below 5% for the year of 2022?",
    +   },
    +   Object {
    +     "id": "ANVVT1FlNR3wSMcFP3LN",
    +     "probability": 0.9759319722633448,
    +     "question": "19. Will unemployment be below 5% in December 2022?",
    +   },
    +   Object {
    +     "id": "g5OsrRSktfdLrN6m87Kk",
    +     "probability": 0.04000000000000004,
    +     "question": "20. Will Google widely allow remote work, no questions asked by the end of 2022?",
    +   },
    +   Object {
    +     "id": "72aE6Up2qzaD3UU6XoFv",
    +     "probability": 0.023436962303693375,
    +     "question": "21. Will Starship reach orbit in 2022?",
    +   },
    +   Object {
    +     "id": "lMjFBZh1kq1lsSrp6uPV",
    +     "probability": 0.021395838624668744,
    +     "question": "13. Will Ethereum be above $5k at the end of 2022?",
    +   },
    +   Object {
    +     "id": "ciPIq7OhRXwzORKdibSS",
    +     "probability": 0.02973960520412267,
    +     "question": "22. Will there be fewer than 10K daily average official COVID cases in US in December 2022?",
    +   },
    +   Object {
    +     "id": "hanZh8mrqb9DrlV8HrXk",
    +     "probability": 0.030000000000000065,
    +     "question": "23. Will there be fewer than 50K daily average COVID cases worldwide in December 2022?",
    +   },
    +   Object {
    +     "id": "0kPjAxO64TEsB8Hs74d9",
    +     "probability": 0.985718277150904,
    +     "question": "24. Will >66% US population be fully vaccinated (by current standards) against COVID by the end of 2022?",
    +   },
    +   Object {
    +     "id": "ok35XdFarRIn4pKdStTB",
    +     "probability": 0.023744872475189735,
    +     "question": "25. Will India's official COVID case count be higher than the US by the end of 2022?",
    +   },
    +   Object {
    +     "id": "YXQsTxWp1hj86nQuXSaE",
    +     "probability": 0.018600681487413784,
    +     "question": "26. Will the medical establishment reverse course and officially say that any of Vitamin D, HCQ, or ivermectin is actually effective against COVID by the end of 2022?",
    +   },
    +   Object {
    +     "id": "1X7ROPcNd7sKvDKNPv7r",
    +     "probability": 0.0443598008172251,
    +     "question": "27. Will FDA approve a COVID indication for fluvoxamine by the end of 2022?",
    +   },
    +   Object {
    +     "id": "GB7JH1MSFz3aKHx9gwf0",
    +     "probability": 0.3935036588365092,
    +     "question": "28. Will some new COVID variant not currently known be greater than 25% of cases in 2022?",
    +   },
    +   Object {
    +     "id": "Z22GqEBc1uVfAdYHInRi",
    +     "probability": 0.0453967310873481,
    +     "question": "29. Will most people Scott sees in his local grocery store on December 31st be wearing masks?",
    +   },
    +   Object {
    +     "id": "wIMNaC2rnFZgh73kahx7",
    +     "probability": 0.01729290396430679,
    +     "question": "30. Will masks still be required on US domestic flights by the end of 2022?",
    +   },
    +   Object {
    +     "id": "rL2w4nbsjT2ynI3I1VjD",
    +     "probability": 0.9627211200615647,
    +     "question": "31. Will CDC recommend that triple-vaxxed people get at least one more vax by the end of 2022?",
    +   },
    +   Object {
    +     "id": "YM9vfXZVvwtuznhFtUnJ",
    +     "probability": 0.041179534462929455,
    +     "question": "32. Will China have fewer than 100,000 COVID cases in 2022 (official estimate)?",
    +   },
    +   Object {
    +     "id": "cwFwwZsvIZ2AuuKzRjgH",
    +     "probability": 0.85,
    +     "question": "77. Will ACX be making more than $400K by the end of 2022?",
    +   },
    +   Object {
    +     "id": "rEV0o8HBvoGOdr7imHFr",
    +     "probability": 0.690954894703206,
    +     "question": "78. Will ACX be making more than $500K by the end of 2022?",
    +   },
    +   Object {
    +     "id": "Hd4YsBqoVRGntlUSCvPb",
    +     "probability": 0.3379482792129754,
    +     "question": "79. Will ACX be making more than $600K by the end of 2022?",
    +   },
    +   Object {
    +     "id": "ErESgz04AUbeSv3bJAf2",
    +     "probability": 0.9920243344115369,
    +     "question": "80. Will at least one ACX post get more than 300 likes by the end of 2022?",
    +   },
    +   Object {
    +     "id": "OMJEgsgeJ5wRUlzK64qk",
    +     "probability": 0.9670211196646619,
    +     "question": "81. Will Scott run another Book Review Contest in 2022?",
    +   },
    +   Object {
    +     "id": "Diw6b1oTNSbaFeySj8AR",
    +     "probability": 0.12723087069034875,
    +     "question": "82. Will Scott go to at least 6 meetups in 6 different cities in 2022?",
    +   },
    +   Object {
    +     "id": "UkcCWPk69RYxTSlJgyRM",
    +     "probability": 0.9900808184028499,
    +     "question": "83. Will Scott run a survey or be extremely prepared to run one by January 2023?",
    +   },
    +   Object {
    +     "id": "rzvHfRoN7GG5ldYy6ga5",
    +     "probability": 0.98,
    +     "question": "84. Will Scott finally finish posting the analysis of the remaining birth order results in 2022?",
    +   },
    +   Object {
    +     "id": "HfCY9FMzaxsY7ukDU2eG",
    +     "probability": 0.02921322005075535,
    +     "question": "85. Will Scott run another ACX Grants round with at least $100,000 moved in 2022?",
    +   },
    +   Object {
    +     "id": "AEKdVfGO0Fcmdqvf8CT4",
    +     "probability": 0.018841408654809932,
    +     "question": "86. Will Scott add at least two more dictators to the Book Club in 2022?",
    +   },
    +   Object {
    +     "id": "Av6UWaET2AmgtMjtNNSx",
    +     "probability": 0.9852668013733469,
    +     "question": "87. Will ACX still be the top-ranked blog in SubstackΓÇÖs ΓÇ£ScienceΓÇ¥ category at the end of 2022?",
    +   },
    +   Object {
    +     "id": "n42t7gi3DhriXzgOfYqs",
    +     "probability": 0.9846342246940476,
    +     "question": "88. Will no new real-money prediction market become bigger than Polymarket in 2022?",
    +   },
    +   Object {
    +     "id": "d8SsBvziwjDfoTL3JIj3",
    +     "probability": 0.9928887146709329,
    +     "question": "89. Will Manifold Markets still be alive and active by the end of 2022?",
    +   },
    +   Object {
    +     "id": "NKA04X3uAashQ23kYcBa",
    +     "probability": 0.018414189794346482,
    +     "question": "90. Will there be a new legal US real-money prediction market at least half as big as Kalshi in 2022?",
    +   },
    +   Object {
    +     "id": "39Y2B15PPkNpTc953IFd",
    +     "probability": 0.05255096066132637,
    +     "question": "91. Will there be a new illegal but easy-to-use market at least half as big as Kalshi in 2022?",
    +   },
    +   Object {
    +     "id": "Cvibj2Qq0piG9i4hRCNy",
    +     "probability": 0.9798661373126116,
    +     "question": "Will the Quantified Uncertainty Research Institute be alive by the end of 2022?",
    +   },
    +   Object {
    +     "id": "h4gKMxnSjvaI5cLCbJl5",
    +     "probability": 0.48808180294791553,
    +     "question": "Will I find that the PIBBSS Fellowship was a success?",
    +   },
    +   Object {
    +     "id": "X1Yz7ipF4zkLuLkHtPeK",
    +     "probability": 0.017362188549497955,
    +     "question": "Will Democrats lose their majorities in the House and Senate in 2022?",
    +   },
    +   Object {
    +     "id": "JRP8gAEKk333bHY9Wr8p",
    +     "probability": 0.01354406382255052,
    +     "question": "Will inflation in the US will average under three percent for 2022?",
    +   },
    +   Object {
    +     "id": "T36X6lWYEoPC31Yyhpkw",
    +     "probability": 0.987451024363285,
    +     "question": "Will unemployment in the US fall below four percent by November 2022?",
    +   },
    +   Object {
    +     "id": "gvILJPNi8qNiyY4jdy77",
    +     "probability": 0.9950242425438124,
    +     "question": "Will the Supreme Court overturn Roe v. Wade in 2022?",
    +   },
    +   Object {
    +     "id": "AwS22TIoOwIEe8G5bqUw",
    +     "probability": 0.9836695131675525,
    +     "question": "Will Stephen Breyer retire from the Supreme Court in 2022?",
    +   },
    +   Object {
    +     "id": "w7qMvQTujuWpSSi6wR3K",
    +     "probability": 0.9818719428030659,
    +     "question": "Will Emmanuel Macron will be reelected president of France?",
    +   },
    +   Object {
    +     "id": "KtZKCyLpbzEn8QOtuxQd",
    +     "probability": 0.0032200844259616303,
    +     "question": "Will Jair Bolsonaro be reelected president of Brazil?",
    +   },
    +   Object {
    +     "id": "xstXJsQnNkygLNZTr5fe",
    +     "probability": 0.9951365095342506,
    +     "question": "Will Bongbong Marcos will be elected president of the Philippines?",
    +   },
    +   Object {
    +     "id": "IP54YwsWJ1w04ALEi604",
    +     "probability": 0.9791881275441829,
    +     "question": "Will rebels fail to capture Addis Ababa in 2022?",
    +   },
    +   Object {
    +     "id": "QCC7v8nOK7IZ739bc2VP",
    +     "probability": 0.9942955858408226,
    +     "question": "Will China  not reopen its borders in the first half of 2022?",
    +   },
    +   Object {
    +     "id": "oyxAVvtNhG81c5Us0wHA",
    +     "probability": 0.8021412995956476,
    +     "question": "Will Chinese GDP continue to grow for the first 3/4 of the year?",
    +   },
    +   Object {
    +     "id": "VJM8j8v7r6YaWVeNTQ1V",
    +     "probability": 0.008869086382355127,
    +     "question": "Will 20% of US kids between 0.5 and 5 years old get at least one COVID vaccine by year's end?",
    +   },
    +   Object {
    +     "id": "amdCCzMTZSWb4z17uaJ9",
    +     "probability": 0.07082310016222503,
    +     "question": "Will WHO designate another Variant Of Concern by the end of 2022?",
    +   },
    +   Object {
    +     "id": "MWG8FbqIQ7y6WQl9LNYP",
    +     "probability": 0.9113940859992072,
    +     "question": "Will 12 billion COVID shots will be given out globally by 11/2022?",
    +   },
    +   Object {
    +     "id": "dHJ17fjRlssW2drucYeE",
    +     "probability": 0.9300000000000003,
    +     "question": "Will at least one country have less than 10% of people vaccinated with two shots by 11/2022?",
    +   },
    +   Object {
    +     "id": "QnZyPvSWk9WGAHHsEskq",
    +     "probability": 0.9819929347644897,
    +     "question": "Will a psychedelic drug be decriminalized/legalized in at least one more US state in 2022?",
    +   },
    +   Object {
    +     "id": "fHSDwgZnxcJ7wTAw5AiR",
    +     "probability": 0.5100000000000006,
    +     "question": "Will AI will discover a new drug promising enough for clinical trials in 2022?",
    +   },
    +   Object {
    +     "id": "raPtsyJ4YgoxCihcGrYM",
    +     "probability": 0.8800000000000002,
    +     "question": "Will US govt not renew the ban on funding gain-of-function research in 2022?",
    +   },
    +   Object {
    +     "id": "kkv1VDvI2LYGLEMqzrUd",
    +     "probability": 0.05000000000000002,
    +     "question": "Will the Biden administration set the social cost of carbon at $100/ton or more in 2022?",
    +   },
    +   Object {
    +     "id": "A8P2MWMBykrB5xqWsyOQ",
    +     "probability": 0.9323653172063178,
    +     "question": "Will 2022 will be warmer than 2021?",
    +   },
    +   Object {
    +     "id": "vFvwiM7XgENSllgtWSN6",
    +     "probability": 0.08345240930629187,
    +     "question": "Will Kenneth Branagh's Belfast will win Best Picture?",
    +   },
    +   Object {
    +     "id": "EcymyBUXKVZwScnTO1Lw",
    +     "probability": 0.9717801494692178,
    +     "question": "Will Norway will win the most medals at the 2022 Winter Olympics?",
    +   },
    +   Object {
    +     "id": "mY4JODPfVDdWPstJwJpj",
    +     "probability": 0.04442481408005341,
    +     "question": "Will the New York Times use either the phrase \"shape rotator\" or \"wordcel\" this month?",
    +   },
    +   Object {
    +     "id": "aw2M9QuY4o5rRfbyNtSL",
    +     "probability": 0.04000000000000003,
    +     "question": "Will Joe Rogan leave Spotify this year?",
    +   },
    +   Object {
    +     "id": "0S2vu1A4vpG8Rd2xkgY8",
    +     "probability": 0.026014183422807067,
    +     "question": "Will Tom Brady be mentioned as a candidate for the head football coach job at the University of Michigan on the CBS sports website by the end of February?",
    +   },
    +   Object {
    +     "id": "Zr0eTohY3KvRLXzv07kG",
    +     "probability": 0.020588220334301733,
    +     "question": "Will Tesla stock price be over $1,000 by end of trading on March 1, 2022?",
    +   },
    +   Object {
    +     "id": "pw6MTF3eTGmtg9OOoUqv",
    +     "probability": 0.12000253831322358,
    +     "question": "Will baseball spring training camps be open by the end of February?",
    +   },
    +   Object {
    +     "id": "tEARTO4ReKcOTnuAlkNM",
    +     "probability": 0.06973470303912553,
    +     "question": "Will Jim Harbaugh be the next head coach for the Minnesota Vikings?",
    +   },
    +   Object {
    +     "id": "0fr3pHwgP2HPJ3SKs13H",
    +     "probability": 0.14,
    +     "question": "What day will US Covid deaths peak in February?",
    +   },
    +   Object {
    +     "id": "qriBI6chrzFhAnEPai1x",
    +     "probability": 0.03497791774763965,
    +     "question": "Will a webcomic written by an AI have more than 25,000 followers on Twitter by the end of 2022?",
    +   },
    +   Object {
    +     "id": "yHDCKOVICLF9fSd8Y6aw",
    +     "probability": 0.854318418314256,
    +     "question": "Will Manifold raise the commission market creators receive?",
    +   },
    +   Object {
    +     "id": "1Gkbb7LAmuQAW3jX0g2D",
    +     "probability": 0.8592472868414234,
    +     "question": "Will \"Wordcel\" or \"Shape Rotator\" make national news",
    +   },
    +   Object {
    +     "id": "inUqqQ9DBfx1cSlpo1II",
    +     "probability": 0.49503725155317935,
    +     "question": "Who will win the Africa Cup of Nations? Senegal or Egypt?",
    +   },
    +   Object {
    +     "id": "XiNdrhdFw6uQCeM1o5N7",
    +     "probability": 0.9041420118343195,
    +     "question": "Will Axie Infinity's Battles V3 \"Axie: Origin\" launch prior to the end of Q2 2022 (June 30)",
    +   },
    +   Object {
    +     "id": "wfqqLuBW1jvzjPuKBR9V",
    +     "probability": 0.4010110359558561,
    +     "question": "What will our creator commission be by the end of the weekend?",
    +   },
    +   Object {
    +     "id": "LRoCx81xfMt0XwMFvCIm",
    +     "probability": 0.09871576713407677,
    +     "question": "Will Iran agree to a plan limiting their nuclear program before 2023?",
    +   },
    +   Object {
    +     "id": "vgHRygpZ2yd1buQ4FGQf",
    +     "probability": 0.05217175584256349,
    +     "question": "Will Israel and Saudi Arabia establish official diplomatic relations before 2023?",
    +   },
    +   Object {
    +     "id": "f3ZxQTezqC8r8v5aKrWn",
    +     "probability": 0.9821825780639821,
    +     "question": "Will Aaron Rodgers return with the Green Bay Packers in 2022?",
    +   },
    +   Object {
    +     "id": "101Fop0xAgDkMi4q24dx",
    +     "probability": 0.25,
    +     "question": "How many total medals will the USA win at the 2022 Winter Olympics?",
    +   },
    +   Object {
    +     "id": "WTBUf2yZCHItlM0HdDuu",
    +     "probability": 0.9796466561589324,
    +     "question": "Will Nathan Chen win gold in the men's singles figure skating event at the 2022 Winter Olympics?",
    +   },
    +   Object {
    +     "id": "FbND7UoOgHh9bU2s7ijP",
    +     "probability": 0.30104119511091,
    +     "question": "Will Shaun White win gold in the men's snowboard halfpipe event at the 2022 Winter Olympics?",
    +   },
    +   Object {
    +     "id": "G1TPtuqTYyFmulTqWoaM",
    +     "probability": 0.05658526998312419,
    +     "question": "Will total crypto market cap be above $2T on April 15th, according to coinmarketcap?",
    +   },
    +   Object {
    +     "id": "ecfSGv04ERdaFs1mXna7",
    +     "probability": 0.17033925817709603,
    +     "question": "If I roll a six sided die on Feb. 18. , will it land on 1 ?",
    +   },
    +   Object {
    +     "id": "VLF9ktvv5BIYI5luJcDP",
    +     "probability": 0.05919107766729374,
    +     "question": "Will the Impactful Forecasting Prize get at least 100 total entries?",
    +   },
    +   Object {
    +     "id": "REFCDXUs5lCmE6s5s2G4",
    +     "probability": 0.322935189996186,
    +     "question": "Will the Impactful Forecasting Prize get entries from at least 25 unique people/groups?",
    +   },
    +   Object {
    +     "id": "lSJ1cffjYsWU8O1bIRQU",
    +     "probability": 0.01763190257192629,
    +     "question": "The Bored Ape Yacht Club racism scandal will get mainstream media coverage AND the NFT market will crash as a result.",
    +   },
    +   Object {
    +     "id": "Dcz71dTqx5rxOFhs5PhB",
    +     "probability": 0.9825372563509278,
    +     "question": "Will the Los Angeles Rams win Super Bowl LVI?",
    +   },
    +   Object {
    +     "id": "tIBeWRlqqROguQ6li4jA",
    +     "probability": 0.9510382285519615,
    +     "question": "Will Elon Musk have a higher net worth than Jeff Bezos on February 20, 2022?",
    +   },
    +   Object {
    +     "id": "b6ZWvT0J5I7hgmgNUgSP",
    +     "probability": 0.22717783840312447,
    +     "question": "Will a Bored Ape appear during a Super Bowl LVI commercial or Halftime Show?",
    +   },
    +   Object {
    +     "id": "mZoOercJWPMFPM6XxKfI",
    +     "probability": 0.10999999999999999,
    +     "question": "Will AI wipe out humanity before the year 2100",
    +   },
    +   Object {
    +     "id": "vK6EcszvWyjEiswpRONn",
    +     "probability": 0.19,
    +     "question": "[TEST] End date test",
    +   },
    +   Object {
    +     "id": "D5WtBdTSRWLSaT5OtW0g",
    +     "probability": 0.09781893802734462,
    +     "question": "Will Manifold Markets allow \"free comments\" by the end of March?",
    +   },
    +   Object {
    +     "id": "ps2qSXholxKD5JaZqoiZ",
    +     "probability": 0.026652278411848654,
    +     "question": "Will David test positive for COVID in February 2022?",
    +   },
    +   Object {
    +     "id": "XYslrXWNNIN86SsQFxSM",
    +     "probability": 0.6733457326720166,
    +     "question": "This market will resolve to PROB.",
    +   },
    +   Object {
    +     "id": "xAegSmZ8n3ACklB74pY6",
    +     "probability": 0.5904626706225597,
    +     "question": "Will Carrick Flynn win the Democratic primary for Oregon's 6th District?",
    +   },
    +   Object {
    +     "id": "3zspH9sSzMlbFQLn9GKR",
    +     "probability": 0.0037939415302873244,
    +     "question": "Will Carrick Flynn win the general election for Oregon's 6th District?",
    +   },
    +   Object {
    +     "id": "zktTfP34R4WmbvDVFGKv",
    +     "probability": 0.07346938775510203,
    +     "question": "Will gross world product in the year 2030 be at least 1 quadrillion USD?",
    +   },
    +   Object {
    +     "id": "JAYAeqvK94bCR5klnegV",
    +     "probability": 0.9814504721888585,
    +     "question": "Number of new posts in r/slatestarcodex exceeds 200 this month",
    +   },
    +   Object {
    +     "id": "zXjJGFVASQe4I2ZLmRAT",
    +     "probability": 0.2376171968538747,
    +     "question": "Will Joe Rogal leave Spotify before 2023",
    +   },
    +   Object {
    +     "id": "AcbNy0oDQUU2mok9ty93",
    +     "probability": 0.03,
    +     "question": "Will AI outcompete best humans in competitive programming before the end of 2022?",
    +   },
    +   Object {
    +     "id": "EygA0P2reULSDzKiIkXF",
    +     "probability": 0.01690887647017623,
    +     "question": "Will AI outcompete best humans in competitive programming before the end of 2023?",
    +   },
    +   Object {
    +     "id": "xvnQpUBqfcfddx61ystr",
    +     "probability": 0.7187499999999999,
    +     "question": "Will I end up being impressed by Manifold Markets?",
    +   },
    +   Object {
    +     "id": "tCytk1AJjg6mNMg6IbCn",
    +     "probability": 0.497137786065691,
    +     "question": "Will this question resolve yes?",
    +   },
    +   Object {
    +     "id": "TjAnimthdkKMIsc4dG5X",
    +     "probability": 0,
    +     "question": "Will this question resolve no?",
    +   },
    +   Object {
    +     "id": "WfywxKw9D5w4JVnE69J9",
    +     "probability": 0.9899999999999989,
    +     "question": "Will Pierre Poilievre become the leader of the Canada conservative party before 2023?",
    +   },
    +   Object {
    +     "id": "3d7AU07mRfv519m8nNHT",
    +     "probability": 0.9040465058713478,
    +     "question": "Will we be able to see how many users Manifold Markets has by March?",
    +   },
    +   Object {
    +     "id": "HDBawUFBim3LER5QjvM7",
    +     "probability": 0.9639881306785039,
    +     "question": "Will at least ten users trade on this market within the next week?",
    +   },
    +   Object {
    +     "id": "UQ8VMRVHztyw7lIrHVOm",
    +     "probability": 0.8725060537914254,
    +     "question": "Will the US Men's soccer team qualify for the 2022 World Cup?",
    +   },
    + ]

    [0m [90m 26 |[39m
     [90m 27 |[39m       [36mconst[39m result [33m=[39m [36mawait[39m discoverManifoldContracts()[33m;[39m
    [31m[1m>[22m[39m[90m 28 |[39m       expect(result)[33m.[39mtoEqual([])[33m;[39m
     [90m    |[39m                      [31m[1m^[22m[39m
     [90m 29 |[39m     })[33m;[39m
     [90m 30 |[39m   })[33m;[39m
     [90m 31 |[39m[0m

      at src/tests/manifoldService.test.ts:28:22
      at fulfilled (src/tests/manifoldService.test.ts:5:58)

  ΓùÅ Manifold Service ΓÇ║ updateManifoldPrices ΓÇ║ should update Manifold prices

    expect(received).toEqual(expected) // deep equality

    - Expected  - 12
    + Received  +  1

    - Array [
    -   Object {
    -     "id": "1",
    -     "probability": 0.5,
    -     "question": "Question 1",
    -   },
    -   Object {
    -     "id": "2",
    -     "probability": 0.7,
    -     "question": "Question 2",
    -   },
    - ]
    + Array []

    [0m [90m 40 |[39m
     [90m 41 |[39m       [36mconst[39m result [33m=[39m [36mawait[39m updateManifoldPrices([[32m'1'[39m[33m,[39m [32m'2'[39m])[33m;[39m
    [31m[1m>[22m[39m[90m 42 |[39m       expect(result)[33m.[39mtoEqual(mockContracts)[33m;[39m
     [90m    |[39m                      [31m[1m^[22m[39m
     [90m 43 |[39m     })[33m;[39m
     [90m 44 |[39m
     [90m 45 |[39m     it([32m'should handle errors when updating prices'[39m[33m,[39m [36masync[39m () [33m=>[39m {[0m

      at src/tests/manifoldService.test.ts:42:22
      at fulfilled (src/tests/manifoldService.test.ts:5:58)

  ΓùÅ Manifold Service ΓÇ║ fetchContractPrice ΓÇ║ should fetch contract price

    expect(received).toEqual(expected) // deep equality

    Expected: 0.5
    Received: null

    [0m [90m 56 |[39m
     [90m 57 |[39m       [36mconst[39m result [33m=[39m [36mawait[39m fetchContractPrice([32m'1'[39m)[33m;[39m
    [31m[1m>[22m[39m[90m 58 |[39m       expect(result)[33m.[39mtoEqual([35m0.5[39m)[33m;[39m
     [90m    |[39m                      [31m[1m^[22m[39m
     [90m 59 |[39m     })[33m;[39m
     [90m 60 |[39m
     [90m 61 |[39m     it([32m'should handle errors when fetching contract price'[39m[33m,[39m [36masync[39m () [33m=>[39m {[0m

      at src/tests/manifoldService.test.ts:58:22
      at fulfilled (src/tests/manifoldService.test.ts:5:58)

FAIL src/tests/priceUpdateService.test.ts (11.753 s)
  ΓùÅ Console

    console.log
      info: Starting price update process {"service":"pm-aggregator","timestamp":"2024-08-19T00:17:26.415Z"}

      at Console.log (node_modules/winston/lib/winston/transports/console.js:87:23)

    console.log
      info: Updated price for contract 1: 0.55 {"service":"pm-aggregator","timestamp":"2024-08-19T00:17:26.428Z"}

      at Console.log (node_modules/winston/lib/winston/transports/console.js:87:23)

    console.log
      info: Updated price for contract 2: 0.65 {"service":"pm-aggregator","timestamp":"2024-08-19T00:17:26.429Z"}

      at Console.log (node_modules/winston/lib/winston/transports/console.js:87:23)

    console.log
      info: Updated price for contract 3: 0.35 {"service":"pm-aggregator","timestamp":"2024-08-19T00:17:26.430Z"}

      at Console.log (node_modules/winston/lib/winston/transports/console.js:87:23)

    console.log
      info: Updated price for contract 4: 0.62 {"service":"pm-aggregator","timestamp":"2024-08-19T00:17:26.431Z"}

      at Console.log (node_modules/winston/lib/winston/transports/console.js:87:23)

    console.log
      info: Price update process completed {"service":"pm-aggregator","timestamp":"2024-08-19T00:17:26.431Z"}

      at Console.log (node_modules/winston/lib/winston/transports/console.js:87:23)

  ΓùÅ priceUpdateService ΓÇ║ should update prices for all contracts

    thrown: "Exceeded timeout of 5000 ms for a test.
    Add a timeout value to this test to increase the timeout, if this is a long-running test. See https://jestjs.io/docs/api#testname-fn-timeout."

    [0m [90m 19 |[39m   })[33m;[39m
     [90m 20 |[39m
    [31m[1m>[22m[39m[90m 21 |[39m   it([32m'should update prices for all contracts'[39m[33m,[39m [36masync[39m () [33m=>[39m {
     [90m    |[39m   [31m[1m^[22m[39m
     [90m 22 |[39m     [36mconst[39m mockContracts[33m:[39m [33mPartial[39m[33m<[39m[33mIContract[39m[33m>[39m[] [33m=[39m [
     [90m 23 |[39m       { _id[33m:[39m [32m'1'[39m[33m,[39m market[33m:[39m [32m'PredictIt'[39m[33m,[39m externalId[33m:[39m [32m'ABC'[39m[33m,[39m currentPrice[33m:[39m 
[35m0.5[39m[33m,[39m priceHistory[33m:[39m [][33m,[39m save[33m:[39m jest[33m.[39mfn() }[33m,[39m
     [90m 24 |[39m       { _id[33m:[39m [32m'2'[39m[33m,[39m market[33m:[39m [32m'Kalshi'[39m[33m,[39m externalId[33m:[39m [32m'DEF'[39m[33m,[39m currentPrice[33m:[39m 
[35m0.7[39m[33m,[39m priceHistory[33m:[39m [][33m,[39m save[33m:[39m jest[33m.[39mfn() }[33m,[39m[0m

      at src/tests/priceUpdateService.test.ts:21:3
      at Object.<anonymous> (src/tests/priceUpdateService.test.ts:16:1)

A worker process has failed to exit gracefully and has been force exited. This is likely caused by tests leaking due to improper teardown. Try running with --detectOpenHandles to find leaks. Active 
timers can also cause this, ensure that .unref() was called on them.
Test Suites: 6 failed, 1 passed, 7 total
Tests:       15 failed, 11 passed, 26 total
Snapshots:   0 total
Time:        12.62 s, estimated 14 s
Ran all test suites.
